
 RUN  v3.2.7 /Users/logansu/Documents/Dev/Agora

 ✓ tests/integration/phase12/phase12-3-command-journal.test.ts (5 tests) 604ms
 ✓ tests/integration/phase12/phase12-3-command-stop.test.ts (5 tests) 11411ms
   ✓ stops only the registered process birth identity and escalates ignored TERM  1956ms
   ✓ caps retained output without treating a successful exit as trusted completion  525ms
   ✓ closes inherited pipes within the tail deadline while exposing incomplete output  7772ms
   ✓ finishes a TERM-responsive registered process without sending KILL  613ms
   ✓ returns needsAttention for a mismatched registered birth without sending a signal  544ms
 ✓ tests/integration/phase12/phase12-3-transaction.test.ts (17 tests) 6685ms
   ✓ durably preserves the baseline and exchanged inode before reporting applied  442ms
   ✓ closes the operation without touching source or external objects: move-root-before-write  382ms
   ✓ closes the operation without touching source or external objects: move-parent-before-swap  384ms
   ✓ closes the operation without touching source or external objects: replace-root  384ms
   ✓ invalidates a completed exchange after root movement without undoing the actual result  377ms
   ✓ preserves a competing user edit and refuses a stale baseline  440ms
   ✓ refuses linked external objects: symlink-target  387ms
   ✓ refuses linked external objects: hardlink-target  383ms
   ✓ does not repeat a filesystem mutation when replaying an identical action  388ms
   ✓ checks root identity after the final asynchronous authorization check  396ms
   ✓ also invalidates a parent moved during completion authorization  379ms
   ✓ refuses a metadata-only edit after the baseline read  386ms
   ✓ honors trusted authorization closure: revoke-before-write  380ms
   ✓ honors trusted authorization closure: revoke-before-swap  434ms
   ✓ refuses unsafe journal replay: replay-different-input  386ms
   ✓ refuses unsafe journal replay: replay-corrupt-receipt  377ms
   ✓ refuses unsafe journal replay: replay-missing-receipt  377ms
 ✓ tests/integration/phase12/phase12-3.test.ts (5 tests) 1758ms
   ✓ preserves both versions in a normal confined APFS exchange  375ms
   ✓ refuses an exchange after the opened parent moves outside the authorized root  342ms
   ✓ refuses an exchange after the opened root moves away from its authorized path  352ms
   ✓ can prepare a transaction file through an opened handle inside the authorized root  344ms
   ✓ distinguishes a refused new open from the original file handle after root movement  343ms
 ✓ tests/integration/phase12/phase12-3-command-isolation.test.ts (2 tests) 803ms
   ✓ confines native child and exec descendants to one private command write root  396ms
   ✓ runs the pinned Node toolchain and preserves the boundary in its spawned child  407ms

 Test Files  5 passed (5)
      Tests  34 passed (34)
   Start at  22:18:12
   Duration  21.84s (transform 61ms, setup 0ms, collect 89ms, tests 21.26s, environment 0ms, prepare 125ms)

