
 RUN  v3.2.7 /Users/logansu/Documents/Dev/Agora

In file included from /Users/logansu/Documents/Dev/Agora/packages/runtime/sandbox/native/local-root-initialization-probe.c:3:
/Users/logansu/Documents/Dev/Agora/packages/runtime/sandbox/native/local-root-initialization.c:80:1: error: non-void function does not return a value in all control paths [-Werror,-Wreturn-type]
   80 | }
      | ^
1 error generated.
 ❯ packages/runtime/sandbox/test/local-root-initialization.test.ts (11 tests | 1 failed) 5437ms
   ✓ initializes a registered staging directory without adopting existing data: normal  564ms
   × initializes a registered staging directory without adopting existing data: boundary-probe 193ms
     → Command failed: /usr/bin/clang -std=c11 -Wall -Wextra -Werror -mmacosx-version-min=15.0 /Users/logansu/Documents/Dev/Agora/packages/runtime/sandbox/native/local-root-initialization-probe.c -o /private/tmp/agora-task123-validation-Tnd1Ts/initialize-root
In file included from /Users/logansu/Documents/Dev/Agora/packages/runtime/sandbox/native/local-root-initialization-probe.c:3:
/Users/logansu/Documents/Dev/Agora/packages/runtime/sandbox/native/local-root-initialization.c:80:1: error: non-void function does not return a value in all control paths [-Werror,-Wreturn-type]
   80 | }
      | ^
1 error generated.

   ✓ initializes a registered staging directory without adopting existing data: existing  532ms
   ✓ initializes a registered staging directory without adopting existing data: revoke  468ms
   ✓ initializes a registered staging directory without adopting existing data: move-before  519ms
   ✓ initializes a registered staging directory without adopting existing data: move-after  535ms
   ✓ initializes a registered staging directory without adopting existing data: replay  523ms
   ✓ initializes a registered staging directory without adopting existing data: missing-receipt  523ms
   ✓ initializes a registered staging directory without adopting existing data: move-completion  524ms
   ✓ initializes a registered staging directory without adopting existing data: replace-staging-completion  527ms
   ✓ initializes a registered staging directory without adopting existing data: revoke-after  528ms
 ✓ tests/integration/phase12/phase12-3-transaction.test.ts (17 tests) 6658ms
   ✓ durably preserves the baseline and exchanged inode before reporting applied  442ms
   ✓ closes the operation without touching source or external objects: move-root-before-write  405ms
   ✓ closes the operation without touching source or external objects: move-parent-before-swap  398ms
   ✓ closes the operation without touching source or external objects: replace-root  360ms
   ✓ invalidates a completed exchange after root movement without undoing the actual result  399ms
   ✓ preserves a competing user edit and refuses a stale baseline  395ms
   ✓ refuses linked external objects: symlink-target  374ms
   ✓ refuses linked external objects: hardlink-target  396ms
   ✓ does not repeat a filesystem mutation when replaying an identical action  395ms
   ✓ checks root identity after the final asynchronous authorization check  387ms
   ✓ also invalidates a parent moved during completion authorization  398ms
   ✓ refuses a metadata-only edit after the baseline read  397ms
   ✓ honors trusted authorization closure: revoke-before-write  358ms
   ✓ honors trusted authorization closure: revoke-before-swap  385ms
   ✓ refuses unsafe journal replay: replay-different-input  402ms
   ✓ refuses unsafe journal replay: replay-corrupt-receipt  376ms
   ✓ refuses unsafe journal replay: replay-missing-receipt  390ms
 ✓ tests/integration/phase12/phase12-3-creation.test.ts (11 tests) 4090ms
   ✓ creates a file with a durable no-replace result: normal  428ms
   ✓ creates a file with a durable no-replace result: race  456ms
   ✓ creates a file with a durable no-replace result: symlink-race  345ms
   ✓ creates a file with a durable no-replace result: existing  364ms
   ✓ creates a file with a durable no-replace result: symlink-existing  370ms
   ✓ creates a file with a durable no-replace result: revoke  351ms
   ✓ creates a file with a durable no-replace result: move-before  368ms
   ✓ creates a file with a durable no-replace result: move-after  350ms
   ✓ creates a file with a durable no-replace result: replay  351ms
   ✓ creates a file with a durable no-replace result: replay-corrupt  362ms
   ✓ creates a file with a durable no-replace result: replay-missing  343ms
 ✓ packages/runtime/sandbox/test/local-root-inspection.test.ts (1 test) 549ms
   ✓ inspects APFS identity without creating a staging directory or granting access  549ms

⎯⎯⎯⎯⎯⎯⎯ Failed Tests 1 ⎯⎯⎯⎯⎯⎯⎯

 FAIL  packages/runtime/sandbox/test/local-root-initialization.test.ts > initializes a registered staging directory without adopting existing data: boundary-probe
Error: Command failed: /usr/bin/clang -std=c11 -Wall -Wextra -Werror -mmacosx-version-min=15.0 /Users/logansu/Documents/Dev/Agora/packages/runtime/sandbox/native/local-root-initialization-probe.c -o /private/tmp/agora-task123-validation-Tnd1Ts/initialize-root
In file included from /Users/logansu/Documents/Dev/Agora/packages/runtime/sandbox/native/local-root-initialization-probe.c:3:
/Users/logansu/Documents/Dev/Agora/packages/runtime/sandbox/native/local-root-initialization.c:80:1: error: non-void function does not return a value in all control paths [-Werror,-Wreturn-type]
   80 | }
      | ^
1 error generated.

 ❯ packages/runtime/sandbox/test/local-root-initialization.test.ts:64:9
     62|         [initSource, initializer],
     63|       ]) {
     64|         execFileSync('/usr/bin/clang', [
       |         ^
     65|           '-std=c11',
     66|           '-Wall',

⎯⎯⎯⎯⎯⎯⎯⎯⎯⎯⎯⎯⎯⎯⎯⎯⎯⎯⎯⎯⎯⎯⎯⎯[1/1]⎯


 Test Files  1 failed | 3 passed (4)
      Tests  1 failed | 39 passed (40)
   Start at  14:56:03
   Duration  17.27s (transform 103ms, setup 0ms, collect 142ms, tests 16.73s, environment 0ms, prepare 96ms)

