
> agora@0.0.0 typecheck /Users/logansu/Documents/Dev/Agora
> tsc --noEmit

packages/runtime/sandbox/src/local-root-initialization.ts(204,7): error TS2769: No overload matches this call.
  The last overload gave the following error.
    Property 'NODE_ENV' is missing in type '{ PATH: string; HOME: string; TMPDIR: string; }' but required in type 'ProcessEnv'.
packages/runtime/sandbox/src/local-root-initialization.ts(218,9): error TS2339: Property 'stdin' does not exist on type 'never'.
  The intersection 'ChildProcessWithoutNullStreams & ChildProcessByStdio<Writable, Readable, Readable> & ... 7 more ... & ChildProcess' was reduced to 'never' because property 'stdin' has conflicting types in some constituents.
packages/runtime/sandbox/src/local-root-initialization.ts(223,11): error TS2339: Property 'kill' does not exist on type 'never'.
  The intersection 'ChildProcessWithoutNullStreams & ChildProcessByStdio<Writable, Readable, Readable> & ... 7 more ... & ChildProcess' was reduced to 'never' because property 'stdin' has conflicting types in some constituents.
packages/runtime/sandbox/src/local-root-initialization.ts(226,11): error TS2339: Property 'once' does not exist on type 'never'.
  The intersection 'ChildProcessWithoutNullStreams & ChildProcessByStdio<Writable, Readable, Readable> & ... 7 more ... & ChildProcess' was reduced to 'never' because property 'stdin' has conflicting types in some constituents.
packages/runtime/sandbox/src/local-root-initialization.ts(229,11): error TS2339: Property 'stderr' does not exist on type 'never'.
  The intersection 'ChildProcessWithoutNullStreams & ChildProcessByStdio<Writable, Readable, Readable> & ... 7 more ... & ChildProcess' was reduced to 'never' because property 'stdin' has conflicting types in some constituents.
packages/runtime/sandbox/src/local-root-initialization.ts(232,15): error TS2339: Property 'kill' does not exist on type 'never'.
  The intersection 'ChildProcessWithoutNullStreams & ChildProcessByStdio<Writable, Readable, Readable> & ... 7 more ... & ChildProcess' was reduced to 'never' because property 'stdin' has conflicting types in some constituents.
packages/runtime/sandbox/src/local-root-initialization.ts(235,11): error TS2339: Property 'stdout' does not exist on type 'never'.
  The intersection 'ChildProcessWithoutNullStreams & ChildProcessByStdio<Writable, Readable, Readable> & ... 7 more ... & ChildProcess' was reduced to 'never' because property 'stdin' has conflicting types in some constituents.
packages/runtime/sandbox/src/local-root-initialization.ts(238,15): error TS2339: Property 'kill' does not exist on type 'never'.
  The intersection 'ChildProcessWithoutNullStreams & ChildProcessByStdio<Writable, Readable, Readable> & ... 7 more ... & ChildProcess' was reduced to 'never' because property 'stdin' has conflicting types in some constituents.
packages/runtime/sandbox/src/local-root-initialization.ts(257,34): error TS2339: Property 'stdin' does not exist on type 'never'.
  The intersection 'ChildProcessWithoutNullStreams & ChildProcessByStdio<Writable, Readable, Readable> & ... 7 more ... & ChildProcess' was reduced to 'never' because property 'stdin' has conflicting types in some constituents.
packages/runtime/sandbox/src/local-root-initialization.ts(277,32): error TS2339: Property 'stdin' does not exist on type 'never'.
  The intersection 'ChildProcessWithoutNullStreams & ChildProcessByStdio<Writable, Readable, Readable> & ... 7 more ... & ChildProcess' was reduced to 'never' because property 'stdin' has conflicting types in some constituents.
packages/runtime/sandbox/src/local-root-initialization.ts(282,11): error TS2339: Property 'once' does not exist on type 'never'.
  The intersection 'ChildProcessWithoutNullStreams & ChildProcessByStdio<Writable, Readable, Readable> & ... 7 more ... & ChildProcess' was reduced to 'never' because property 'stdin' has conflicting types in some constituents.
packages/runtime/sandbox/src/local-root-initialization.ts(282,26): error TS7006: Parameter 'code' implicitly has an 'any' type.
packages/runtime/sandbox/src/local-root-initialization.ts(282,32): error TS7006: Parameter 'signal' implicitly has an 'any' type.
 ELIFECYCLE  Command failed with exit code 2.
