
 RUN  v3.2.7 /Users/logansu/Documents/Dev/Agora

 ❯ tests/integration/phase12/phase12-3-transaction.test.ts (19 tests | 2 failed | 17 skipped) 403ms
   × preserves exact binary bytes and snapshots inputs before admission: binary 217ms
     → (0 , inspectLocalFileBytes) is not a function
   × preserves exact binary bytes and snapshots inputs before admission: binary-input-mutation 186ms
     → (0 , inspectLocalFileBytes) is not a function
   ↓ durably preserves the baseline and exchanged inode before reporting applied
   ↓ closes the operation without touching source or external objects: move-root-before-write
   ↓ closes the operation without touching source or external objects: move-parent-before-swap
   ↓ closes the operation without touching source or external objects: replace-root
   ↓ invalidates a completed exchange after root movement without undoing the actual result
   ↓ preserves a competing user edit and refuses a stale baseline
   ↓ refuses linked external objects: symlink-target
   ↓ refuses linked external objects: hardlink-target
   ↓ does not repeat a filesystem mutation when replaying an identical action
   ↓ checks root identity after the final asynchronous authorization check
   ↓ also invalidates a parent moved during completion authorization
   ↓ refuses a metadata-only edit after the baseline read
   ↓ honors trusted authorization closure: revoke-before-write
   ↓ honors trusted authorization closure: revoke-before-swap
   ↓ refuses unsafe journal replay: replay-different-input
   ↓ refuses unsafe journal replay: replay-corrupt-receipt
   ↓ refuses unsafe journal replay: replay-missing-receipt

⎯⎯⎯⎯⎯⎯⎯ Failed Tests 2 ⎯⎯⎯⎯⎯⎯⎯

 FAIL  tests/integration/phase12/phase12-3-transaction.test.ts > preserves exact binary bytes and snapshots inputs before admission: binary
 FAIL  tests/integration/phase12/phase12-3-transaction.test.ts > preserves exact binary bytes and snapshots inputs before admission: binary-input-mutation
TypeError: (0 , inspectLocalFileBytes) is not a function
 ❯ exerciseLocalTransaction tests/integration/phase12/local-transaction-fixture.ts:119:31
    117|     ]);
    118|     evidence.binaryHash = hash(helper);
    119|     const expected = binary ? inspectLocalFileBytes(binding, 'moving/t…
       |                               ^
    120|       inspectLocalReplacementBasis(binding, 'moving/target', helper);
    121|     if (scenario === 'symlink-target' || scenario === 'hardlink-target…
 ❯ tests/integration/phase12/phase12-3-transaction.test.ts:7:26

⎯⎯⎯⎯⎯⎯⎯⎯⎯⎯⎯⎯⎯⎯⎯⎯⎯⎯⎯⎯⎯⎯⎯⎯[1/2]⎯


 Test Files  1 failed (1)
      Tests  2 failed | 17 skipped (19)
   Start at  15:50:17
   Duration  547ms (transform 34ms, setup 0ms, collect 34ms, tests 403ms, environment 0ms, prepare 31ms)

