
 RUN  v3.2.7 /Users/logansu/Documents/Dev/Agora

 ✓ tests/integration/phase12/phase12-3-transaction.test.ts (20 tests) 8290ms
   ✓ preserves exact binary bytes and snapshots inputs before admission: binary  644ms
   ✓ preserves exact binary bytes and snapshots inputs before admission: binary-replay  426ms
   ✓ preserves exact binary bytes and snapshots inputs before admission: binary-input-mutation  400ms
   ✓ durably preserves the baseline and exchanged inode before reporting applied  395ms
   ✓ closes the operation without touching source or external objects: move-root-before-write  372ms
   ✓ closes the operation without touching source or external objects: move-parent-before-swap  407ms
   ✓ closes the operation without touching source or external objects: replace-root  387ms
   ✓ invalidates a completed exchange after root movement without undoing the actual result  407ms
   ✓ preserves a competing user edit and refuses a stale baseline  415ms
   ✓ refuses linked external objects: symlink-target  367ms
   ✓ refuses linked external objects: hardlink-target  405ms
   ✓ does not repeat a filesystem mutation when replaying an identical action  412ms
   ✓ checks root identity after the final asynchronous authorization check  409ms
   ✓ also invalidates a parent moved during completion authorization  407ms
   ✓ refuses a metadata-only edit after the baseline read  449ms
   ✓ honors trusted authorization closure: revoke-before-write  394ms
   ✓ honors trusted authorization closure: revoke-before-swap  403ms
   ✓ refuses unsafe journal replay: replay-different-input  364ms
   ✓ refuses unsafe journal replay: replay-corrupt-receipt  429ms
   ✓ refuses unsafe journal replay: replay-missing-receipt  395ms
 ✓ tests/integration/phase12/phase12-3-creation.test.ts (11 tests) 4280ms
   ✓ creates a file with a durable no-replace result: normal  418ms
   ✓ creates a file with a durable no-replace result: race  388ms
   ✓ creates a file with a durable no-replace result: symlink-race  381ms
   ✓ creates a file with a durable no-replace result: existing  375ms
   ✓ creates a file with a durable no-replace result: symlink-existing  398ms
   ✓ creates a file with a durable no-replace result: revoke  394ms
   ✓ creates a file with a durable no-replace result: move-before  357ms
   ✓ creates a file with a durable no-replace result: move-after  449ms
   ✓ creates a file with a durable no-replace result: replay  389ms
   ✓ creates a file with a durable no-replace result: replay-corrupt  348ms
   ✓ creates a file with a durable no-replace result: replay-missing  381ms

 Test Files  2 passed (2)
      Tests  31 passed (31)
   Start at  15:50:58
   Duration  12.82s (transform 39ms, setup 0ms, collect 45ms, tests 12.57s, environment 0ms, prepare 56ms)

