
 RUN  v3.2.7 /Users/logansu/Documents/Dev/Agora

 ✓ tests/integration/phase12/phase12-3-transaction.test.ts (21 tests) 8735ms
   ✓ enumerates a pinned directory without following links or reading excluded content  632ms
   ✓ preserves exact binary bytes and snapshots inputs before admission: binary  499ms
   ✓ preserves exact binary bytes and snapshots inputs before admission: binary-replay  408ms
   ✓ preserves exact binary bytes and snapshots inputs before admission: binary-input-mutation  369ms
   ✓ durably preserves the baseline and exchanged inode before reporting applied  404ms
   ✓ closes the operation without touching source or external objects: move-root-before-write  396ms
   ✓ closes the operation without touching source or external objects: move-parent-before-swap  397ms
   ✓ closes the operation without touching source or external objects: replace-root  403ms
   ✓ invalidates a completed exchange after root movement without undoing the actual result  411ms
   ✓ preserves a competing user edit and refuses a stale baseline  363ms
   ✓ refuses linked external objects: symlink-target  402ms
   ✓ refuses linked external objects: hardlink-target  405ms
   ✓ does not repeat a filesystem mutation when replaying an identical action  406ms
   ✓ checks root identity after the final asynchronous authorization check  408ms
   ✓ also invalidates a parent moved during completion authorization  417ms
   ✓ refuses a metadata-only edit after the baseline read  406ms
   ✓ honors trusted authorization closure: revoke-before-write  414ms
   ✓ honors trusted authorization closure: revoke-before-swap  366ms
   ✓ refuses unsafe journal replay: replay-different-input  445ms
   ✓ refuses unsafe journal replay: replay-corrupt-receipt  401ms
   ✓ refuses unsafe journal replay: replay-missing-receipt  382ms
 ✓ tests/integration/phase12/phase12-3-creation.test.ts (11 tests) 4325ms
   ✓ creates a file with a durable no-replace result: normal  376ms
   ✓ creates a file with a durable no-replace result: race  391ms
   ✓ creates a file with a durable no-replace result: symlink-race  420ms
   ✓ creates a file with a durable no-replace result: existing  392ms
   ✓ creates a file with a durable no-replace result: symlink-existing  359ms
   ✓ creates a file with a durable no-replace result: revoke  381ms
   ✓ creates a file with a durable no-replace result: move-before  465ms
   ✓ creates a file with a durable no-replace result: move-after  344ms
   ✓ creates a file with a durable no-replace result: replay  381ms
   ✓ creates a file with a durable no-replace result: replay-corrupt  382ms
   ✓ creates a file with a durable no-replace result: replay-missing  433ms

 Test Files  2 passed (2)
      Tests  32 passed (32)
   Start at  15:55:08
   Duration  13.31s (transform 37ms, setup 0ms, collect 43ms, tests 13.06s, environment 0ms, prepare 53ms)

