{
  eligible: 152,
  retained: [
    {
      path: '/private/var/folders/_r/6dh_2jf542d4p97jl9nqwk480000gn/T/agora105-driver-4OXZ13',
      reason: 'Source, ownership or quiescence not proven'
    },
    {
      path: '/private/var/folders/_r/6dh_2jf542d4p97jl9nqwk480000gn/T/agora105-driver-7VxWRD',
      reason: 'Source, ownership or quiescence not proven'
    },
    {
      path: '/private/var/folders/_r/6dh_2jf542d4p97jl9nqwk480000gn/T/agora105-driver-9PlBdP',
      reason: 'Source, ownership or quiescence not proven'
    },
    {
      path: '/private/var/folders/_r/6dh_2jf542d4p97jl9nqwk480000gn/T/agora105-driver-OkhCT5',
      reason: 'Source, ownership or quiescence not proven'
    },
    {
      path: '/private/var/folders/_r/6dh_2jf542d4p97jl9nqwk480000gn/T/agora105-driver-Qb1gAM',
      reason: 'Source, ownership or quiescence not proven'
    },
    {
      path: '/private/var/folders/_r/6dh_2jf542d4p97jl9nqwk480000gn/T/agora105-driver-R1jZbX',
      reason: 'Source, ownership or quiescence not proven'
    },
    {
      path: '/private/var/folders/_r/6dh_2jf542d4p97jl9nqwk480000gn/T/agora105-driver-gLKdBt',
      reason: 'Source, ownership or quiescence not proven'
    },
    {
      path: '/private/var/folders/_r/6dh_2jf542d4p97jl9nqwk480000gn/T/agora105-driver-qdpbVP',
      reason: 'Source, ownership or quiescence not proven'
    },
    {
      path: '/private/var/folders/_r/6dh_2jf542d4p97jl9nqwk480000gn/T/agora-sandbox-trash/agora-docker-archive-rerun-2a3d52fc5baec10a-ZUOxfk',
      reason: 'Source, ownership or quiescence not proven'
    },
    {
      path: '/private/var/folders/_r/6dh_2jf542d4p97jl9nqwk480000gn/T/agora-sandbox-trash/agora-docker-boundary-931534c0c145d0a9-2VuH1O',
      reason: 'Source, ownership or quiescence not proven'
    },
    {
      path: '/private/var/folders/_r/6dh_2jf542d4p97jl9nqwk480000gn/T/agora-sandbox-trash/agora-docker-docker-task-a-a7f00ee7ddf4f5e1-khKRu8',
      reason: 'Source, ownership or quiescence not proven'
    },
    {
      path: '/private/var/folders/_r/6dh_2jf542d4p97jl9nqwk480000gn/T/agora-sandbox-trash/agora-docker-docker-task-b-d25661ad3ae49b6a-YlxHVF',
      reason: 'Source, ownership or quiescence not proven'
    },
    {
      path: '/private/var/folders/_r/6dh_2jf542d4p97jl9nqwk480000gn/T/agora-sandbox-trash/agora-docker-docker-task-c-61f69f7cc46b5a9e-J4fcnn',
      reason: 'Source, ownership or quiescence not proven'
    },
    {
      path: '/private/var/folders/_r/6dh_2jf542d4p97jl9nqwk480000gn/T/agora-sandbox-trash/agora-docker-docker-task-concurrent-b54eb151cc6e7a66-fHg0rB',
      reason: 'Source, ownership or quiescence not proven'
    },
    {
      path: '/private/var/folders/_r/6dh_2jf542d4p97jl9nqwk480000gn/T/agora-sandbox-trash/agora-docker-docker-task-d-7305e0c64bd98e17-NpdMAV',
      reason: 'Source, ownership or quiescence not proven'
    },
    {
      path: '/private/var/folders/_r/6dh_2jf542d4p97jl9nqwk480000gn/T/agora-sandbox-trash/agora-docker-docker-task-e-1cf7c4dfe0affab3-vOfewp',
      reason: 'Source, ownership or quiescence not proven'
    },
    {
      path: '/private/var/folders/_r/6dh_2jf542d4p97jl9nqwk480000gn/T/agora-sandbox-trash/agora-docker-docker-task-f-54f7828fc2787239-EznN4g',
      reason: 'Source, ownership or quiescence not proven'
    },
    {
      path: '/private/var/folders/_r/6dh_2jf542d4p97jl9nqwk480000gn/T/agora-sandbox-trash/agora-docker-docker-task-g-dc8cfd081a8df45a-rmQcvJ',
      reason: 'Source, ownership or quiescence not proven'
    },
    {
      path: '/private/var/folders/_r/6dh_2jf542d4p97jl9nqwk480000gn/T/agora-sandbox-trash/agora-docker-docker-task-h-e65f68a0610371eb-xgHLPm',
      reason: 'Source, ownership or quiescence not proven'
    },
    {
      path: '/private/var/folders/_r/6dh_2jf542d4p97jl9nqwk480000gn/T/agora-sandbox-trash/agora-docker-docker-task-i-ecc9cbd681e828ba-vhRDC2',
      reason: 'Source, ownership or quiescence not proven'
    },
    {
      path: '/private/var/folders/_r/6dh_2jf542d4p97jl9nqwk480000gn/T/agora-sandbox-trash/agora-docker-docker-task-j-a667f8ca1149781b-rNkqOh',
      reason: 'Source, ownership or quiescence not proven'
    },
    {
      path: '/private/var/folders/_r/6dh_2jf542d4p97jl9nqwk480000gn/T/agora-sandbox-trash/agora-docker-docker-task-k-40155738a74ff1ba-0liubK',
      reason: 'Source, ownership or quiescence not proven'
    },
    {
      path: '/private/var/folders/_r/6dh_2jf542d4p97jl9nqwk480000gn/T/agora-sandbox-trash/agora-docker-docker-task-owner-c2d1f757ff586fbf-rV7ZnS',
      reason: 'Source, ownership or quiescence not proven'
    },
    {
      path: '/private/var/folders/_r/6dh_2jf542d4p97jl9nqwk480000gn/T/agora-sandbox-trash/agora-docker-docker-task-role-collide-2f741c0f4a82e868-IshbpM',
      reason: 'Source, ownership or quiescence not proven'
    },
    {
      path: '/private/var/folders/_r/6dh_2jf542d4p97jl9nqwk480000gn/T/agora-sandbox-trash/agora-docker-docker-task-teardown-36b5cd22dc42d289-7zXi7N',
      reason: 'Source, ownership or quiescence not proven'
    },
    {
      path: '/private/var/folders/_r/6dh_2jf542d4p97jl9nqwk480000gn/T/agora-sandbox-trash/agora-docker-exit-1-docker-a0e4d60c537f3a3d-O7IUiL',
      reason: 'Source, ownership or quiescence not proven'
    },
    {
      path: '/private/var/folders/_r/6dh_2jf542d4p97jl9nqwk480000gn/T/agora-sandbox-trash/agora-docker-exit-verification-ef87eeff33e92da8-k4aAWS',
      reason: 'Source, ownership or quiescence not proven'
    },
    {
      path: '/private/var/folders/_r/6dh_2jf542d4p97jl9nqwk480000gn/T/agora-sandbox-trash/agora-docker-fresh-verification-f68dac4d3c6ba268-YAVh9P',
      reason: 'Source, ownership or quiescence not proven'
    },
    {
      path: '/private/var/folders/_r/6dh_2jf542d4p97jl9nqwk480000gn/T/agora-sandbox-trash/agora-docker-original-0682c5f2076f099c-4aoEAE',
      reason: 'Source, ownership or quiescence not proven'
    },
    {
      path: '/private/var/folders/_r/6dh_2jf542d4p97jl9nqwk480000gn/T/agora-sandbox-trash/agora-docker-phase5-artifact-verification-6adebed040a30d56-5hsqSF',
      reason: 'Source, ownership or quiescence not proven'
    },
    {
      path: '/private/var/folders/_r/6dh_2jf542d4p97jl9nqwk480000gn/T/agora-sandbox-trash/agora-docker-resilience-task-ee99c1b5f3c39a46-hfJUkT',
      reason: 'Source, ownership or quiescence not proven'
    }
  ],
  logicalBytes: 1526517
}
