
> agora@0.0.0 typecheck /Users/logansu/Documents/Dev/Agora
> tsc --noEmit

tests/integration/phase12/local-boundary-fixture.ts(90,7): error TS2769: No overload matches this call.
  The last overload gave the following error.
    Property 'NODE_ENV' is missing in type '{ PATH: string; HOME: string; TMPDIR: string; }' but required in type 'ProcessEnv'.
tests/integration/phase12/local-boundary-fixture.ts(94,26): error TS2339: Property 'pid' does not exist on type 'never'.
  The intersection 'ChildProcessWithoutNullStreams & ChildProcessByStdio<Writable, Readable, Readable> & ... 7 more ... & ChildProcess' was reduced to 'never' because property 'stdin' has conflicting types in some constituents.
tests/integration/phase12/local-boundary-fixture.ts(99,42): error TS2339: Property 'kill' does not exist on type 'never'.
  The intersection 'ChildProcessWithoutNullStreams & ChildProcessByStdio<Writable, Readable, Readable> & ... 7 more ... & ChildProcess' was reduced to 'never' because property 'stdin' has conflicting types in some constituents.
tests/integration/phase12/local-boundary-fixture.ts(102,15): error TS2339: Property 'on' does not exist on type 'never'.
  The intersection 'ChildProcessWithoutNullStreams & ChildProcessByStdio<Writable, Readable, Readable> & ... 7 more ... & ChildProcess' was reduced to 'never' because property 'stdin' has conflicting types in some constituents.
tests/integration/phase12/local-boundary-fixture.ts(103,15): error TS2339: Property 'stderr' does not exist on type 'never'.
  The intersection 'ChildProcessWithoutNullStreams & ChildProcessByStdio<Writable, Readable, Readable> & ... 7 more ... & ChildProcess' was reduced to 'never' because property 'stdin' has conflicting types in some constituents.
tests/integration/phase12/local-boundary-fixture.ts(106,15): error TS2339: Property 'stdout' does not exist on type 'never'.
  The intersection 'ChildProcessWithoutNullStreams & ChildProcessByStdio<Writable, Readable, Readable> & ... 7 more ... & ChildProcess' was reduced to 'never' because property 'stdin' has conflicting types in some constituents.
tests/integration/phase12/local-boundary-fixture.ts(116,19): error TS2339: Property 'stdin' does not exist on type 'never'.
  The intersection 'ChildProcessWithoutNullStreams & ChildProcessByStdio<Writable, Readable, Readable> & ... 7 more ... & ChildProcess' was reduced to 'never' because property 'stdin' has conflicting types in some constituents.
tests/integration/phase12/local-boundary-fixture.ts(119,19): error TS2339: Property 'kill' does not exist on type 'never'.
  The intersection 'ChildProcessWithoutNullStreams & ChildProcessByStdio<Writable, Readable, Readable> & ... 7 more ... & ChildProcess' was reduced to 'never' because property 'stdin' has conflicting types in some constituents.
tests/integration/phase12/local-boundary-fixture.ts(122,15): error TS2339: Property 'once' does not exist on type 'never'.
  The intersection 'ChildProcessWithoutNullStreams & ChildProcessByStdio<Writable, Readable, Readable> & ... 7 more ... & ChildProcess' was reduced to 'never' because property 'stdin' has conflicting types in some constituents.
tests/integration/phase12/local-boundary-fixture.ts(122,30): error TS7006: Parameter 'exitCode' implicitly has an 'any' type.
tests/integration/phase12/local-boundary-fixture.ts(122,40): error TS7006: Parameter 'signal' implicitly has an 'any' type.
 ELIFECYCLE  Command failed with exit code 2.
