
 RUN  v3.2.7 /Users/logansu/Documents/Dev/Agora

 ✓ tests/integration/phase12/phase12-3-command-start.test.ts (26 tests) 30510ms
   ✓ initializes a cold helper before applying the shorter process-query deadline  1304ms
   ✓ fails closed before bootstrap creation if helper initialization consumes the launch window  5427ms
   ✓ rejects malformed helper readiness without attempting PID capture  589ms
   ✓ recovers a transient read-only capture timeout without changing launch or call deadlines  1139ms
   ✓ still rejects release authorization after a transient capture timeout  982ms
   ✓ bounds persistent capture timeouts to three attempts and keeps resources quarantined  1428ms
   ✓ does not retry a failed kernel query that did not time out  701ms
   ✓ rechecks authority before retrying capture  910ms
   ✓ does not execute a replacement helper on a capture retry  917ms
   ✓ honors cancellation between capture attempts  918ms
   ✓ observes bootstrap exit before another PID capture can be attempted  918ms
   ✓ refuses a capture when a control-plane check exhausts the original startup window  5774ms
   ✓ registers the suspended executable before any constructor or project code runs  733ms
   ✓ keeps project code suspended when the release authorization is revoked  688ms
   ✓ does not release the executable when durable registration fails  654ms
   ✓ closes the bootstrap control channel and inherited extra descriptors before project code  746ms
   ✓ records a failed exec without releasing any project code  709ms
   ✓ rejects policy drift at admission without creating a bootstrap process  308ms
   ✓ rechecks durable state after the authorization callback before releasing the executable  596ms
   ✓ keeps the real executable signal separate from the successful bootstrap exit  777ms
   ✓ persists the executable result independently of the bootstrap and survives reopening  720ms
   ✓ never overwrites a terminal launch fact and rejects stale revisions  752ms
   ✓ rejects persisted launch facts that contradict identities or release state  784ms
   ✓ preserves observed process facts without claiming a launch receipt when final persistence is blocked  779ms
   ✓ waits for current asynchronous authority before releasing project code: async-release-revoked  660ms
   ✓ waits for current asynchronous authority before releasing project code: async-authority-rejected  595ms

 Test Files  1 passed (1)
      Tests  26 passed (26)
   Start at  16:50:50
   Duration  30.67s (transform 51ms, setup 0ms, collect 61ms, tests 30.51s, environment 0ms, prepare 26ms)

