
 RUN  v3.2.7 /Users/logansu/Documents/Dev/Agora

 ✓ tests/integration/phase12/phase12-3-command-start.test.ts (8 tests) 4641ms
   ✓ registers the suspended executable before any constructor or project code runs  783ms
   ✓ keeps project code suspended when the release authorization is revoked  555ms
   ✓ does not release the executable when durable registration fails  532ms
   ✓ closes the bootstrap control channel and inherited extra descriptors before project code  690ms
   ✓ records a failed exec without releasing any project code  525ms
   ✓ rechecks durable state after the authorization callback before releasing the executable  559ms
   ✓ keeps the real executable signal separate from the successful bootstrap exit  712ms
 ✓ tests/integration/phase12/phase12-3-command-supervision.test.ts (7 tests) 35282ms
   ✓ persists observed parent relations and stops descendants after the main process exits  863ms
   ✓ uses the default thirty-second execution limit and closes durable observation after timeout  30299ms
   ✓ cancels a running process tree without extending the cleanup deadline  893ms
   ✓ bounds observation when the registered identity is wrong without signaling the live process  487ms
   ✓ rejects invalid parent relations atomically and refuses corrupted or old-version records  827ms
   ✓ preserves blocking state when the final observation cannot be durably committed  803ms
   ✓ stops observing execution when the durable command is quarantined by the control plane  1109ms
 ✓ tests/integration/phase12/phase12-3-command-stop.test.ts (6 tests) 13317ms
   ✓ preserves KILL escalation when real helper launch latency approaches the TERM boundary  2362ms
   ✓ stops only the registered process birth identity and escalates ignored TERM  1556ms
   ✓ caps retained output without treating a successful exit as trusted completion  547ms
   ✓ closes inherited pipes within the tail deadline while exposing incomplete output  7784ms
   ✓ finishes a TERM-responsive registered process without sending KILL  539ms
   ✓ returns needsAttention for a mismatched registered birth without sending a signal  529ms
 ✓ tests/integration/phase12/phase12-3-transaction.test.ts (17 tests) 6486ms
   ✓ durably preserves the baseline and exchanged inode before reporting applied  439ms
   ✓ closes the operation without touching source or external objects: move-root-before-write  384ms
   ✓ closes the operation without touching source or external objects: move-parent-before-swap  381ms
   ✓ closes the operation without touching source or external objects: replace-root  391ms
   ✓ invalidates a completed exchange after root movement without undoing the actual result  385ms
   ✓ preserves a competing user edit and refuses a stale baseline  383ms
   ✓ refuses linked external objects: symlink-target  382ms
   ✓ refuses linked external objects: hardlink-target  366ms
   ✓ does not repeat a filesystem mutation when replaying an identical action  379ms
   ✓ checks root identity after the final asynchronous authorization check  379ms
   ✓ also invalidates a parent moved during completion authorization  368ms
   ✓ refuses a metadata-only edit after the baseline read  371ms
   ✓ honors trusted authorization closure: revoke-before-write  383ms
   ✓ honors trusted authorization closure: revoke-before-swap  366ms
   ✓ refuses unsafe journal replay: replay-different-input  377ms
   ✓ refuses unsafe journal replay: replay-corrupt-receipt  386ms
   ✓ refuses unsafe journal replay: replay-missing-receipt  361ms
 ✓ tests/integration/phase12/phase12-3-command-discovery.test.ts (5 tests) 2276ms
   ✓ discovers a real child and grandchild without enrolling an unrelated sibling  609ms
   ✓ retains a discovered grandchild after its parent exits and it is reparented  529ms
   ✓ rejects a wrong parent birth and leaves the real tree alive  580ms
   ✓ exposes helper failure as incomplete discovery without signaling the root  556ms
 ✓ tests/integration/phase12/phase12-3.test.ts (5 tests) 1756ms
   ✓ preserves both versions in a normal confined APFS exchange  383ms
   ✓ refuses an exchange after the opened parent moves outside the authorized root  346ms
   ✓ refuses an exchange after the opened root moves away from its authorized path  330ms
   ✓ can prepare a transaction file through an opened handle inside the authorized root  347ms
   ✓ distinguishes a refused new open from the original file handle after root movement  349ms
 ✓ tests/integration/phase12/phase12-3-command-isolation.test.ts (2 tests) 738ms
   ✓ confines native child and exec descendants to one private command write root  364ms
   ✓ runs the pinned Node toolchain and preserves the boundary in its spawned child  374ms
 ✓ tests/integration/phase12/phase12-3-command-journal.test.ts (5 tests) 621ms

 Test Files  8 passed (8)
      Tests  55 passed (55)
   Start at  00:30:16
   Duration  66.04s (transform 82ms, setup 0ms, collect 144ms, tests 65.12s, environment 0ms, prepare 198ms)

