
 RUN  v3.2.7 /Users/logansu/Documents/Dev/Agora

 ❯ tests/integration/phase12/phase12-3-grant.test.ts (15 tests | 3 failed) 32221ms
   × confirms a durable grant through the real Leader POST: normal 5006ms
     → Test timed out in 5000ms.
If this is a long-running test, pass a timeout value as the last argument or configure it globally with "testTimeout".
   × confirms a durable grant through the real Leader POST: command 7385ms
     → expected 'needsAttention' to be 'exited' // Object.is equality
   × confirms a durable grant through the real Leader POST: batch 5009ms
     → Test timed out in 5000ms.
If this is a long-running test, pass a timeout value as the last argument or configure it globally with "testTimeout".
   ✓ confirms a durable grant through the real Leader POST: batch-partial  4745ms
   ✓ confirms a durable grant through the real Leader POST: batch-read-drift  3232ms
   ✓ confirms a durable grant through the real Leader POST: batch-stale  2695ms
   ✓ confirms a durable grant through the real Leader POST: before  589ms
   ✓ confirms a durable grant through the real Leader POST: after  531ms
   ✓ confirms a durable grant through the real Leader POST: wrong-hash  411ms
   ✓ confirms a durable grant through the real Leader POST: wrong-selection  450ms
   ✓ confirms a durable grant through the real Leader POST: wrong-scope  359ms
   ✓ confirms a durable grant through the real Leader POST: stale-policy  459ms
   ✓ confirms a durable grant through the real Leader POST: root-drift  445ms
   ✓ confirms a durable grant through the real Leader POST: corrupt-proposal  453ms
   ✓ confirms a durable grant through the real Leader POST: unsupported-action  449ms
 ✓ tests/integration/phase12/phase12-3-command-discovery.test.ts (5 tests) 2730ms
   ✓ discovers a real child and grandchild without enrolling an unrelated sibling  765ms
   ✓ retains a discovered grandchild after its parent exits and it is reparented  736ms
   ✓ rejects a wrong parent birth and leaves the real tree alive  629ms
   ✓ exposes helper failure as incomplete discovery without signaling the root  598ms

⎯⎯⎯⎯⎯⎯⎯ Failed Tests 3 ⎯⎯⎯⎯⎯⎯⎯

 FAIL  tests/integration/phase12/phase12-3-grant.test.ts > confirms a durable grant through the real Leader POST: normal
 FAIL  tests/integration/phase12/phase12-3-grant.test.ts > confirms a durable grant through the real Leader POST: batch
Error: Test timed out in 5000ms.
If this is a long-running test, pass a timeout value as the last argument or configure it globally with "testTimeout".
 ❯ tests/integration/phase12/phase12-3-grant.test.ts:63:3
     61|   'unsupported-action',
     62| ])
     63|   it(
       |   ^
     64|     `confirms a durable grant through the real Leader POST: ${scenario…
     65|     async () => {

⎯⎯⎯⎯⎯⎯⎯⎯⎯⎯⎯⎯⎯⎯⎯⎯⎯⎯⎯⎯⎯⎯⎯⎯[1/3]⎯

 FAIL  tests/integration/phase12/phase12-3-grant.test.ts > confirms a durable grant through the real Leader POST: command
AssertionError: expected 'needsAttention' to be 'exited' // Object.is equality

Expected: "exited"
Received: "needsAttention"

 ❯ tests/integration/phase12/phase12-3-grant.test.ts:530:40
    528|                     readFileSync(join(owner.root, 'command-journal', '…
    529|                   );
    530|                   expect(result.stage).toBe('exited');
       |                                        ^
    531|                   expect(result.exitCode).toBe(0);
    532|                   expect(result.stdout).toBe('fixed input build and te…

⎯⎯⎯⎯⎯⎯⎯⎯⎯⎯⎯⎯⎯⎯⎯⎯⎯⎯⎯⎯⎯⎯⎯⎯[2/3]⎯


 Test Files  1 failed | 1 passed (2)
      Tests  3 failed | 17 passed (20)
   Start at  17:08:59
   Duration  36.29s (transform 535ms, setup 0ms, collect 1.03s, tests 34.95s, environment 0ms, prepare 81ms)

