
 RUN  v3.2.7 /Users/logansu/Documents/Dev/Agora

 ❯ tests/integration/phase12/phase12-3-composition.test.ts (1 test | 1 failed) 5435ms
   × runs local composition through a real D4 Fork and D16 fixed artifact 5434ms
     → expected [] to have a length of 1 but got +0

⎯⎯⎯⎯⎯⎯⎯ Failed Tests 1 ⎯⎯⎯⎯⎯⎯⎯

 FAIL  tests/integration/phase12/phase12-3-composition.test.ts > runs local composition through a real D4 Fork and D16 fixed artifact
AssertionError: expected [] to have a length of 1 but got +0

- Expected
+ Received

- 1
+ 0

 ❯ tests/integration/phase12/phase12-3-composition.test.ts:413:74
    411|     expect(gate?.safePointRefs).toHaveLength(1);
    412|     expect(scheduler.activeCount).toBe(0);
    413|     expect((await state()).workers.filter((w) => w.status === 'paused'…
       |                                                                          ^
    414|     const leader = async (msgId: string, display: string) => {
    415|       const result = await createPostMessage(runtime)(

⎯⎯⎯⎯⎯⎯⎯⎯⎯⎯⎯⎯⎯⎯⎯⎯⎯⎯⎯⎯⎯⎯⎯⎯[1/1]⎯


 Test Files  1 failed (1)
      Tests  1 failed (1)
   Start at  19:29:56
   Duration  6.38s (transform 354ms, setup 0ms, collect 829ms, tests 5.43s, environment 0ms, prepare 31ms)

