
 RUN  v3.2.7 /Users/logansu/Documents/Dev/Agora

 ❯ docs/reviews/task123-ipc-evidence/ipc.validation.ts (1 test | 1 failed) 362ms
   × denies the securityd Mach route and Unix connections for native parent and child 361ms
     → expected { actor: 'parent', …(3) } to match object { securitydLookup: +0, …(1) }
(2 matching properties omitted from actual)

⎯⎯⎯⎯⎯⎯⎯ Failed Tests 1 ⎯⎯⎯⎯⎯⎯⎯

 FAIL  docs/reviews/task123-ipc-evidence/ipc.validation.ts > denies the securityd Mach route and Unix connections for native parent and child
AssertionError: expected { actor: 'parent', …(3) } to match object { securitydLookup: +0, …(1) }
(2 matching properties omitted from actual)

- Expected
+ Received

  {
-   "securitydLookup": 0,
+   "securitydLookup": 1102,
    "unixConnected": true,
  }

 ❯ docs/reviews/task123-ipc-evidence/ipc.validation.ts:32:45


⎯⎯⎯⎯⎯⎯⎯⎯⎯⎯⎯⎯⎯⎯⎯⎯⎯⎯⎯⎯⎯⎯⎯⎯[1/1]⎯


 Test Files  1 failed (1)
      Tests  1 failed (1)
   Start at  21:00:35
   Duration  500ms (transform 21ms, setup 0ms, collect 21ms, tests 362ms, environment 0ms, prepare 36ms)

