
 RUN  v3.2.7 /Users/logansu/Documents/Dev/Agora

 ❯ tests/integration/phase12/phase12-3-composition.test.ts (1 test | 1 failed) 5473ms
   × runs local composition through a real D4 Fork and D16 fixed artifact 5472ms
     → expected [] to have a length of 1 but got +0

⎯⎯⎯⎯⎯⎯⎯ Failed Tests 1 ⎯⎯⎯⎯⎯⎯⎯

 FAIL  tests/integration/phase12/phase12-3-composition.test.ts > runs local composition through a real D4 Fork and D16 fixed artifact
AssertionError: expected [] to have a length of 1 but got +0

- Expected
+ Received

- 1
+ 0

 ❯ tests/integration/phase12/phase12-3-composition.test.ts:398:33
    396|     expect(gate, JSON.stringify(evidence.firstSummary)).toBeDefined();
    397|     expect(gate?.reason).toMatch(/^blocking_objection:/);
    398|     expect(gate?.safePointRefs).toHaveLength(1);
       |                                 ^
    399|     expect(scheduler.activeCount).toBe(0);
    400|     expect((await state()).workers.filter((w) => w.status === 'paused'…

⎯⎯⎯⎯⎯⎯⎯⎯⎯⎯⎯⎯⎯⎯⎯⎯⎯⎯⎯⎯⎯⎯⎯⎯[1/1]⎯


 Test Files  1 failed (1)
      Tests  1 failed (1)
   Start at  19:28:36
   Duration  6.27s (transform 351ms, setup 0ms, collect 691ms, tests 5.47s, environment 0ms, prepare 27ms)

