
 RUN  v3.2.7 /Users/logansu/Documents/Dev/Agora

 ❯ packages/runtime/sandbox/test/local-registry-records.test.ts (18 tests | 1 failed) 9ms
   × closed local registry records > never attaches a source write claim to a validation snapshot 4ms
     → expected [Function] to not throw an error but 'Error: invalid_local_registry_records' was thrown
   ✓ closed local registry records > preserves valid records without assigning live authority 0ms
   ✓ closed local registry records > rejects invalid envelope extra 0ms
   ✓ closed local registry records > rejects invalid envelope revision 0ms
   ✓ closed local registry records > rejects invalid envelope schemaVersion 0ms
   ✓ closed local registry records > rejects cross-project grants and unproven root identities 0ms
   ✓ closed local registry records > rejects an incomplete parent chain or staging outside its root 0ms
   ✓ closed local registry records > rejects grant expansion, deletion and revoked identity reuse 1ms
   ✓ closed local registry records > rejects aliased roots even with distinct IDs 0ms
   ✓ closed local registry records > rejects data accessors before serialization 0ms
   ✓ root registration before authorized initialization > accepts an inspected root with no staging capability 0ms
   ✓ root registration before authorized initialization > refuses workspace registration against an uninitialized root 0ms
   ✓ root registration before authorized initialization > does not permit an unproven staging completion in the generic transition 0ms
   ✓ root initialization evidence transitions > publishes staging exactly once after a prepared initialization receipt 1ms
   ✓ root initialization evidence transitions > rejects a new initialized root without its prior operation 0ms
   ✓ root initialization evidence transitions > rejects mismatched effect identity and incomplete quiescence 0ms
   ✓ root initialization evidence transitions > retains a failed initialization without opening a workspace 0ms
   ✓ refuses an initialized root loaded without its initialization receipt 0ms

⎯⎯⎯⎯⎯⎯⎯ Failed Tests 1 ⎯⎯⎯⎯⎯⎯⎯

 FAIL  packages/runtime/sandbox/test/local-registry-records.test.ts > closed local registry records > never attaches a source write claim to a validation snapshot
AssertionError: expected [Function] to not throw an error but 'Error: invalid_local_registry_records' was thrown

- Expected: 
undefined

+ Received: 
"Error: invalid_local_registry_records"

 ❯ packages/runtime/sandbox/test/local-registry-records.test.ts:56:49
     54|       workerId: 'worker', writerEpoch: 1, createdActionId: 'claim-acti…
     55|     }] };
     56|     expect(() => parseLocalRegistry(value)).not.toThrow();
       |                                                 ^
     57|     const workspace = value.workspaces[0];
     58|     if (!workspace) throw Error('missing fixture');

⎯⎯⎯⎯⎯⎯⎯⎯⎯⎯⎯⎯⎯⎯⎯⎯⎯⎯⎯⎯⎯⎯⎯⎯[1/1]⎯


 Test Files  1 failed (1)
      Tests  1 failed | 17 passed (18)
   Start at  18:27:54
   Duration  220ms (transform 84ms, setup 0ms, collect 105ms, tests 9ms, environment 0ms, prepare 31ms)

