
 RUN  v3.2.7 /Users/logansu/Documents/Dev/Agora

 ❯ tests/integration/phase12/phase12-3-composition.test.ts (1 test | 1 failed) 1091ms
   × runs local composition through a real D4 Fork and D16 fixed artifact 1091ms
     → humanGate reason "fixed_local_acceptance" has no resolver

⎯⎯⎯⎯⎯⎯⎯ Failed Tests 1 ⎯⎯⎯⎯⎯⎯⎯

 FAIL  tests/integration/phase12/phase12-3-composition.test.ts > runs local composition through a real D4 Fork and D16 fixed artifact
Error: humanGate reason "fixed_local_acceptance" has no resolver
 ❯ planHumanGateResolution packages/core/orchestration/src/human-gate.ts:276:13
    274|       }
    275|     } else {
    276|       throw new Error(`humanGate reason "${gate.reason}" has no resolv…
       |             ^
    277|     }
    278|   }
 ❯ apps/web/src/server/message-runtime.ts:642:24
 ❯ packages/core/orchestration/src/message-service.ts:83:29

⎯⎯⎯⎯⎯⎯⎯⎯⎯⎯⎯⎯⎯⎯⎯⎯⎯⎯⎯⎯⎯⎯⎯⎯[1/1]⎯


 Test Files  1 failed (1)
      Tests  1 failed (1)
   Start at  19:27:16
   Duration  2.05s (transform 360ms, setup 0ms, collect 841ms, tests 1.09s, environment 0ms, prepare 31ms)

