
 RUN  v3.2.7 /Users/logansu/Documents/Dev/Agora

 ❯ tests/integration/phase12/phase12-3-composition.test.ts (1 test | 1 failed) 1424ms
   × runs local composition through a real D4 Fork and D16 fixed artifact 1423ms
     → invalid_command_binding

⎯⎯⎯⎯⎯⎯⎯ Failed Tests 1 ⎯⎯⎯⎯⎯⎯⎯

 FAIL  tests/integration/phase12/phase12-3-composition.test.ts > runs local composition through a real D4 Fork and D16 fixed artifact
Error: invalid_command_binding
 ❯ new LocalCommandBinding packages/runtime/sandbox/src/local-command-binding.ts:246:13
    244|       !roots.includes(invocation.outputRoot)
    245|     )
    246|       throw new Error('invalid_command_binding');
       |             ^
    247|     this.#snapshot = {
    248|       version: 1,
 ❯ qualifyLocalExecution packages/runtime/sandbox/src/local-execution-probe.ts:67:19
 ❯ apps/web/src/server/local-task-composition.ts:136:11

⎯⎯⎯⎯⎯⎯⎯⎯⎯⎯⎯⎯⎯⎯⎯⎯⎯⎯⎯⎯⎯⎯⎯⎯[1/1]⎯


 Test Files  1 failed (1)
      Tests  1 failed (1)
   Start at  20:25:49
   Duration  2.51s (transform 402ms, setup 0ms, collect 967ms, tests 1.42s, environment 0ms, prepare 33ms)

