
 RUN  v3.2.7 /Users/logansu/Documents/Dev/Agora

 ❯ packages/core/domain/test/local-validation.test.ts (7 tests | 1 failed) 8ms
   × local immutable validation evidence > preserves verified historical Leader feedback after new testing changes the current result 5ms
     → local_completion_evidence_changed
   ✓ local immutable validation evidence > uses the same file evidence for D16 and refuses a candidate without that evidence 1ms
   ✓ local immutable validation evidence > keeps a canonical validation message immutable under duplicate message IDs 0ms
   ✓ local immutable validation evidence > retains a complete failed run as evidence without making it a completion candidate 0ms
   ✓ local immutable validation evidence > requires a complete version, exact shape and consistent actual execution result 0ms
   ✓ local immutable validation evidence > cross-checks trusted message, dispatch, independent tester binding and task scope 1ms
   ✓ local immutable validation evidence > binds review to the current passing result and rejects a newer test dispatch or drift 0ms

⎯⎯⎯⎯⎯⎯⎯ Failed Tests 1 ⎯⎯⎯⎯⎯⎯⎯

 FAIL  packages/core/domain/test/local-validation.test.ts > local immutable validation evidence > preserves verified historical Leader feedback after new testing changes the current result
Error: local_completion_evidence_changed
 ❯ currentLocalCompletionEvidence packages/core/domain/src/local-validation.ts:238:11
    236|     binding.controlFingerprint !== receipt.controlFingerprint
    237|   )
    238|     throw Error('local_completion_evidence_changed');
       |           ^
    239|   return structuredClone(binding);
    240| }
 ❯ currentCompletionEvidence packages/core/domain/src/completion-resolution.ts:208:50
 ❯ deriveCompletionResolution packages/core/domain/src/completion-resolution.ts:194:66
 ❯ deriveCompletionFeedback packages/core/domain/src/completion-resolution.ts:274:22
 ❯ packages/core/domain/test/local-validation.test.ts:148:12

⎯⎯⎯⎯⎯⎯⎯⎯⎯⎯⎯⎯⎯⎯⎯⎯⎯⎯⎯⎯⎯⎯⎯⎯[1/1]⎯


 Test Files  1 failed (1)
      Tests  1 failed | 6 passed (7)
   Start at  18:16:13
   Duration  188ms (transform 57ms, setup 0ms, collect 69ms, tests 8ms, environment 0ms, prepare 28ms)

