
 RUN  v3.2.7 /Users/logansu/Documents/Dev/Agora

 ❯ tests/integration/phase12/phase12-3-installation.test.ts (1 test | 1 failed) 2703ms
   × installs a pinned tarball with managed pnpm offline and builds/tests in a private copy 2703ms
     →  ERROR  Unknown option: 'shell-emulator'
For help, run: pnpm help install
: expected { exitCode: 1, signal: null } to deeply equal { exitCode: +0, signal: null }

⎯⎯⎯⎯⎯⎯⎯ Failed Tests 1 ⎯⎯⎯⎯⎯⎯⎯

 FAIL  tests/integration/phase12/phase12-3-installation.test.ts > installs a pinned tarball with managed pnpm offline and builds/tests in a private copy
AssertionError:  ERROR  Unknown option: 'shell-emulator'
For help, run: pnpm help install
: expected { exitCode: 1, signal: null } to deeply equal { exitCode: +0, signal: null }

- Expected
+ Received

  {
-   "exitCode": 0,
+   "exitCode": 1,
    "signal": null,
  }

 ❯ tests/integration/phase12/phase12-3-installation.test.ts:180:7
    178|       result.observation?.output.stdout.bytes.toString() +
    179|         result.observation?.output.stderr.bytes.toString(),
    180|     ).toEqual({ exitCode: 0, signal: null });
       |       ^
    181|     expect(result.observation?.stop.registeredState).toBe('stopped');
    182|     expect(readFileSync(join(outputRoot, 'dist/result.txt'), 'utf8')).…

⎯⎯⎯⎯⎯⎯⎯⎯⎯⎯⎯⎯⎯⎯⎯⎯⎯⎯⎯⎯⎯⎯⎯⎯[1/1]⎯


 Test Files  1 failed (1)
      Tests  1 failed (1)
   Start at  19:54:32
   Duration  2.90s (transform 66ms, setup 0ms, collect 80ms, tests 2.70s, environment 0ms, prepare 34ms)

