
 RUN  v3.2.7 /Users/logansu/Documents/Dev/Agora

 ✓ packages/runtime/sandbox/test/local-download-policy.test.ts (41 tests) 13ms
 ❯ packages/runtime/sandbox/test/local-download.test.ts (6 tests | 1 failed) 9ms
   ✓ download authority and DNS boundary > rejects unsafe or empty DNS sets {"address":"127.0.0.1","family":4} 5ms
   ✓ download authority and DNS boundary > rejects unsafe or empty DNS sets {"address":"104.16.1.35","family":4} 0ms
   × download authority and DNS boundary > rejects unsafe or empty DNS sets %j 4ms
     → expected [Function] to throw error including 'download_address_denied' but got 'Cannot read properties of undefined (…'
   ✓ download authority and DNS boundary > rejects a revoked authority before resolution 0ms
   ✓ download authority and DNS boundary > rechecks authority after DNS and before the pinned connection 0ms
   ✓ download authority and DNS boundary > requires a canonical pinned integrity before performing network I/O 0ms

⎯⎯⎯⎯⎯⎯⎯ Failed Tests 1 ⎯⎯⎯⎯⎯⎯⎯

 FAIL  packages/runtime/sandbox/test/local-download.test.ts > download authority and DNS boundary > rejects unsafe or empty DNS sets %j
AssertionError: expected [Function] to throw error including 'download_address_denied' but got 'Cannot read properties of undefined (…'

Expected: "download_address_denied"
Received: "Cannot read properties of undefined (reading 'length')"

 ❯ packages/runtime/sandbox/test/local-download.test.ts:32:5
     30|   ])('rejects unsafe or empty DNS sets %j', async (addresses) => {
     31|     vi.mocked(lookup).mockResolvedValueOnce(addresses);
     32|     await expect(downloadLocalPackage(input)).rejects.toThrow('downloa…
       |     ^
     33|   });
     34|   it('rejects a revoked authority before resolution', async () => {

⎯⎯⎯⎯⎯⎯⎯⎯⎯⎯⎯⎯⎯⎯⎯⎯⎯⎯⎯⎯⎯⎯⎯⎯[1/1]⎯


 Test Files  1 failed | 1 passed (2)
      Tests  1 failed | 46 passed (47)
   Start at  19:40:14
   Duration  262ms (transform 30ms, setup 0ms, collect 30ms, tests 22ms, environment 0ms, prepare 57ms)

