
 RUN  v3.2.7 /Users/logansu/Documents/Dev/Agora

 ❯ tests/integration/phase12/phase12-3-installation.test.ts (1 test | 1 failed) 2013ms
   × installs a pinned tarball with managed pnpm offline and builds/tests in a private copy 2013ms
     → expected 'command_bootstrap_failed' to be null

⎯⎯⎯⎯⎯⎯⎯ Failed Tests 1 ⎯⎯⎯⎯⎯⎯⎯

 FAIL  tests/integration/phase12/phase12-3-installation.test.ts > installs a pinned tarball with managed pnpm offline and builds/tests in a private copy
AssertionError: expected 'command_bootstrap_failed' to be null

- Expected: 
null

+ Received: 
"command_bootstrap_failed"

 ❯ tests/integration/phase12/phase12-3-installation.test.ts:171:26
    169|     });
    170|     evidence.result = result;
    171|     expect(result.error).toBeNull();
       |                          ^
    172|     expect(
    173|       result.observation?.output.stderr.bytes.toString(),

⎯⎯⎯⎯⎯⎯⎯⎯⎯⎯⎯⎯⎯⎯⎯⎯⎯⎯⎯⎯⎯⎯⎯⎯[1/1]⎯


 Test Files  1 failed (1)
      Tests  1 failed (1)
   Start at  19:55:03
   Duration  2.19s (transform 58ms, setup 0ms, collect 73ms, tests 2.01s, environment 0ms, prepare 26ms)

