
 RUN  v3.2.7 /Users/logansu/Documents/Dev/Agora

 ❯ packages/core/domain/test/local-validation.test.ts (6 tests | 3 failed) 8ms
   × local immutable validation evidence > uses the same file evidence for D16 and refuses a candidate without that evidence 3ms
     → completion requires the accepted current plan validation evidence
   × local immutable validation evidence > keeps a canonical validation message immutable under duplicate message IDs 2ms
     → expected [Function] to throw an error
   ✓ local immutable validation evidence > retains a complete failed run as evidence without making it a completion candidate 1ms
   ✓ local immutable validation evidence > requires a complete version, exact shape and consistent actual execution result 0ms
   × local immutable validation evidence > cross-checks trusted message, dispatch, independent tester binding and task scope 1ms
     → expected [Function] to throw an error
   ✓ local immutable validation evidence > binds review to the current passing result and rejects a newer test dispatch or drift 0ms

⎯⎯⎯⎯⎯⎯⎯ Failed Tests 3 ⎯⎯⎯⎯⎯⎯⎯

 FAIL  packages/core/domain/test/local-validation.test.ts > local immutable validation evidence > uses the same file evidence for D16 and refuses a candidate without that evidence
Error: completion requires the accepted current plan validation evidence
 ❯ currentCompletionEvidence packages/core/domain/src/completion-resolution.ts:212:11
    210|     state.parallelExecution.activeWave !== undefined
    211|   )
    212|     throw new Error('completion requires the accepted current plan val…
       |           ^
    213|   const receipt = validationReceipt(state, binding.validationReceiptId…
    214|   if (
 ❯ packages/core/domain/test/local-validation.test.ts:122:12

⎯⎯⎯⎯⎯⎯⎯⎯⎯⎯⎯⎯⎯⎯⎯⎯⎯⎯⎯⎯⎯⎯⎯⎯[1/3]⎯

 FAIL  packages/core/domain/test/local-validation.test.ts > local immutable validation evidence > keeps a canonical validation message immutable under duplicate message IDs
AssertionError: expected [Function] to throw an error

- Expected: 
null

+ Received: 
undefined

 ❯ packages/core/domain/test/local-validation.test.ts:131:11
    129|     expect(() => applyMutations(candidate, [appendMutation('messages',…
    130|       ...message, payload: { ...message.payload, commandReceiptId: 'di…
    131|     })])).toThrow('immutable');
       |           ^
    132|   });
    133|   it('retains a complete failed run as evidence without making it a co…

⎯⎯⎯⎯⎯⎯⎯⎯⎯⎯⎯⎯⎯⎯⎯⎯⎯⎯⎯⎯⎯⎯⎯⎯[2/3]⎯

 FAIL  packages/core/domain/test/local-validation.test.ts > local immutable validation evidence > cross-checks trusted message, dispatch, independent tester binding and task scope
AssertionError: expected [Function] to throw an error
 ❯ packages/core/domain/test/local-validation.test.ts:203:91
    201|       const changed = state();
    202|       mutate(changed);
    203|       expect(() => localValidationReceipt(changed, 'workspace-validati…
       |                                                                                           ^
    204|     }
    205|   });

⎯⎯⎯⎯⎯⎯⎯⎯⎯⎯⎯⎯⎯⎯⎯⎯⎯⎯⎯⎯⎯⎯⎯⎯[3/3]⎯


 Test Files  1 failed (1)
      Tests  3 failed | 3 passed (6)
   Start at  18:13:31
   Duration  187ms (transform 58ms, setup 0ms, collect 68ms, tests 8ms, environment 0ms, prepare 29ms)

