
 RUN  v3.2.7 /Users/logansu/Documents/Dev/Agora

 ❯ apps/web/test/local-task-composition.test.ts (1 test | 1 failed) 4ms
   × rejects unbound tasks before preparing any local runtime capability 4ms
     → Cannot find module '../src/server/local-task-composition' imported from '/Users/logansu/Documents/Dev/Agora/apps/web/test/local-task-composition.test.ts'

⎯⎯⎯⎯⎯⎯⎯ Failed Tests 1 ⎯⎯⎯⎯⎯⎯⎯

 FAIL  apps/web/test/local-task-composition.test.ts > rejects unbound tasks before preparing any local runtime capability
Error: Cannot find module '../src/server/local-task-composition' imported from '/Users/logansu/Documents/Dev/Agora/apps/web/test/local-task-composition.test.ts'
 ❯ apps/web/test/local-task-composition.test.ts:8:49
      6| 
      7| it('rejects unbound tasks before preparing any local runtime capabilit…
      8|   const { createLocalTaskCompositionFactory } = await import('../src/s…
       |                                                 ^
      9|   const state = createInitialAppState('task', 'fixed task', 'project');
     10|   let prepared = false;

Caused by: Error: Failed to load url ../src/server/local-task-composition (resolved id: ../src/server/local-task-composition) in /Users/logansu/Documents/Dev/Agora/apps/web/test/local-task-composition.test.ts. Does the file exist?
 ❯ loadAndTransform node_modules/.pnpm/vite@7.3.6_@types+node@20.19.43_yaml@2.9.0/node_modules/vite/dist/node/chunks/config.js:22739:33

⎯⎯⎯⎯⎯⎯⎯⎯⎯⎯⎯⎯⎯⎯⎯⎯⎯⎯⎯⎯⎯⎯⎯⎯[1/1]⎯


 Test Files  1 failed (1)
      Tests  1 failed (1)
   Start at  19:17:12
   Duration  208ms (transform 77ms, setup 0ms, collect 94ms, tests 4ms, environment 0ms, prepare 32ms)

