
 RUN  v3.2.7 /Users/logansu/Documents/Dev/Agora

 ❯ packages/roles/definitions/test/local-runtime-contract.test.ts (2 tests | 1 failed) 3ms
   ✓ uses versioned local tools without expanding a reduced role whitelist 1ms
   × maps read-only local roles without granting source writes or generic shell access 2ms
     → localWorkspaceRole is not a function

⎯⎯⎯⎯⎯⎯⎯ Failed Tests 1 ⎯⎯⎯⎯⎯⎯⎯

 FAIL  packages/roles/definitions/test/local-runtime-contract.test.ts > maps read-only local roles without granting source writes or generic shell access
TypeError: localWorkspaceRole is not a function
 ❯ packages/roles/definitions/test/local-runtime-contract.test.ts:23:20
     21|     const spec = DEFAULT_ROSTER.find((entry) => entry.role === role);
     22|     if (!spec) throw Error('missing role');
     23|     const mapped = localWorkspaceRole(spec);
       |                    ^
     24|     expect(mapped.tools).toEqual(role === 'TESTER' ? ['workspace.read'…
     25|     expect(mapped.systemPrompt).toContain('immutable');

⎯⎯⎯⎯⎯⎯⎯⎯⎯⎯⎯⎯⎯⎯⎯⎯⎯⎯⎯⎯⎯⎯⎯⎯[1/1]⎯


 Test Files  1 failed (1)
      Tests  1 failed | 1 passed (2)
   Start at  18:37:34
   Duration  296ms (transform 104ms, setup 0ms, collect 162ms, tests 3ms, environment 0ms, prepare 37ms)

