
 RUN  v3.2.7 /Users/logansu/Documents/Dev/Agora

 ❯ packages/core/orchestration/test/worker-runtime.test.ts (47 tests | 1 failed) 939ms
   × WorkerRuntime (Phase 0 degenerate single-worker path) > opens a task-scoped local tester without inventing a subtask assignment 3ms
     → createLocalRuntimeFixture is not defined
   ✓ WorkerRuntime (Phase 0 degenerate single-worker path) > never sends a local workspace task into an unbound legacy executor 1ms
   ✓ WorkerRuntime (Phase 0 degenerate single-worker path) > rejects model-authored local authority on the serial path 2ms
   ✓ WorkerRuntime (Phase 0 degenerate single-worker path) > rejects model-authored local validation receipts on the serial path 0ms
   ✓ WorkerRuntime (Phase 0 degenerate single-worker path) > derives fresh role-scoped ChannelContext before every worker step 0ms
   ✓ WorkerRuntime (Phase 0 degenerate single-worker path) > honors a pause requested while asynchronous ChannelContext construction is pending 1ms
   ✓ WorkerRuntime (Phase 0 degenerate single-worker path) > commits the current Step before checkpoint and keeps its lease across reproject 1ms
   ✓ WorkerRuntime (Phase 0 degenerate single-worker path) > releases active leases and leaves undispatched workers pending for a human gate 1ms
   ✓ WorkerRuntime (Phase 0 degenerate single-worker path) > does not install a pause epoch when its scope mismatches an active worker 0ms
   ✓ WorkerRuntime (Phase 0 degenerate single-worker path) > cleans up remaining paused workers when one cohort checkpoint fails 7ms
   ✓ WorkerRuntime (Phase 0 degenerate single-worker path) > honors a target drain requested while asynchronous ChannelContext construction is pending 0ms
   ✓ WorkerRuntime (Phase 0 degenerate single-worker path) > merges every step mutation in order through applyMutations without mutating the input state 0ms
   ✓ WorkerRuntime (Phase 0 degenerate single-worker path) > routes every worker step through the injected asynchronous state transition 0ms
   ✓ WorkerRuntime (Phase 0 degenerate single-worker path) > handles structured step output before applying that step state transition 0ms
   ✓ WorkerRuntime (Phase 0 degenerate single-worker path) > atomically combines a planned objection with its assistant message mutation 0ms
   ✓ WorkerRuntime (Phase 0 degenerate single-worker path) > stops the loop exactly on a kind="done" step result 0ms
   ✓ WorkerRuntime (Phase 0 degenerate single-worker path) > stops at the next step boundary when the assigned role becomes disabled 0ms
   ✓ WorkerRuntime (Phase 0 degenerate single-worker path) > drains only the target role after its current step transition is committed 0ms
   ✓ WorkerRuntime (Phase 0 degenerate single-worker path) > preserves done when a drain is requested during a completing step 0ms
   ✓ WorkerRuntime (Phase 0 degenerate single-worker path) > reports an immediate no-op drain when the target role has no active worker 0ms
   ✓ WorkerRuntime (Phase 0 degenerate single-worker path) > treats a naturally completed worker as quiescent without creating a late drain 0ms
   ✓ WorkerRuntime (Phase 0 degenerate single-worker path) > throws when the roster does not contain the requested role 0ms
   ✓ WorkerRuntime (Phase 0 degenerate single-worker path) > reloads canonical state before dependency validation and before building an executor 0ms
   ✓ WorkerRuntime (Phase 0 degenerate single-worker path) > rejects a 'blocked' subtask owned by 'CODER' before constructing an executor 0ms
   ✓ WorkerRuntime (Phase 0 degenerate single-worker path) > rejects a 'done' subtask owned by 'CODER' before constructing an executor 0ms
   ✓ WorkerRuntime (Phase 0 degenerate single-worker path) > runs the complete batch concurrently up to maxParallel without dropping the tail 0ms
   ✓ WorkerRuntime (Phase 0 degenerate single-worker path) > waits for an already-started sibling before returning an aggregate failure 0ms
   ✓ WorkerRuntime (Phase 0 degenerate single-worker path) > classifies a provider failure after a real worker Git commit without losing recovery identity  308ms
   ✓ WorkerRuntime (Phase 0 degenerate single-worker path) > classifies a head_refresh failure after a real worker Git commit without losing recovery identity 295ms
   ✓ WorkerRuntime (Phase 0 degenerate single-worker path) > classifies a head_commit failure after a real worker Git commit without losing recovery identity  307ms
   ✓ WorkerRuntime (Phase 0 degenerate single-worker path) > fails fast on malformed batches before constructing an executor 0ms
   ✓ WorkerRuntime (Phase 0 degenerate single-worker path) > rejects a persisted external executor assignment in Phase 9 0ms
   ✓ WorkerRuntime (Phase 0 degenerate single-worker path) > restarts a paused worker only when its workerId is declared by the resume receipt 0ms
   ✓ WorkerRuntime (Phase 0 degenerate single-worker path) > revalidates the canonical worker handle before executing a model step 0ms
   ✓ WorkerRuntime (Phase 0 degenerate single-worker path) > rejects invalid local parallel limits before work can start 0ms
   ✓ WorkerRuntime (Phase 0 degenerate single-worker path) > rejects a conflicting stable append identity instead of silently keeping the first value 0ms
   ✓ WorkerRuntime (Phase 0 degenerate single-worker path) > rejects 'global set' before it reaches the parallel commit 0ms
   ✓ WorkerRuntime (Phase 0 degenerate single-worker path) > rejects 'model-authored worker assignment part…' before it reaches the parallel commit 0ms
   ✓ WorkerRuntime (Phase 0 degenerate single-worker path) > rejects 'own subtask control-plane partition' before it reaches the parallel commit 0ms
   ✓ WorkerRuntime (Phase 0 degenerate single-worker path) > rejects 'another subtask partition' before it reaches the parallel commit 0ms
   ✓ WorkerRuntime (Phase 0 degenerate single-worker path) > rejects 'coordinator-owned requirement partiti…' before it reaches the parallel commit 0ms
   ✓ WorkerRuntime (Phase 0 degenerate single-worker path) > never saves safe points preemptively during an uninterrupted lifecycle 0ms
   ✓ WorkerRuntime (Phase 0 degenerate single-worker path) > binds a workerId worktree before execution and persists its submitted HEAD on completion 0ms
   ✓ WorkerRuntime (Phase 0 degenerate single-worker path) > accepts an equivalent persisted worktree regardless of object key insertion order 0ms
   ✓ cancels the executor pause request on abort without injecting an uncommitted directive 0ms
   ✓ uses a local companion with the actual live lease and closes it before lease release 4ms
   ✓ does not mark a local worker done when its file or command boundary is incomplete 0ms
 ❯ packages/runtime/sandbox/test/local-registry-records.test.ts (18 tests | 1 failed) 8ms
   × closed local registry records > never attaches a source write claim to a validation snapshot 4ms
     → expected [Function] to not throw an error but 'Error: invalid_local_registry_records' was thrown
   ✓ closed local registry records > preserves valid records without assigning live authority 0ms
   ✓ closed local registry records > rejects invalid envelope extra 0ms
   ✓ closed local registry records > rejects invalid envelope revision 0ms
   ✓ closed local registry records > rejects invalid envelope schemaVersion 0ms
   ✓ closed local registry records > rejects cross-project grants and unproven root identities 0ms
   ✓ closed local registry records > rejects an incomplete parent chain or staging outside its root 0ms
   ✓ closed local registry records > rejects grant expansion, deletion and revoked identity reuse 1ms
   ✓ closed local registry records > rejects aliased roots even with distinct IDs 0ms
   ✓ closed local registry records > rejects data accessors before serialization 0ms
   ✓ root registration before authorized initialization > accepts an inspected root with no staging capability 0ms
   ✓ root registration before authorized initialization > refuses workspace registration against an uninitialized root 0ms
   ✓ root registration before authorized initialization > does not permit an unproven staging completion in the generic transition 0ms
   ✓ root initialization evidence transitions > publishes staging exactly once after a prepared initialization receipt 0ms
   ✓ root initialization evidence transitions > rejects a new initialized root without its prior operation 0ms
   ✓ root initialization evidence transitions > rejects mismatched effect identity and incomplete quiescence 0ms
   ✓ root initialization evidence transitions > retains a failed initialization without opening a workspace 0ms
   ✓ refuses an initialized root loaded without its initialization receipt 0ms
 ✓ packages/runtime/executor/test/project.test.ts (33 tests) 8ms
 ✓ packages/core/domain/test/local-validation.test.ts (7 tests) 5ms
 ✓ packages/core/domain/test/local-execution.test.ts (18 tests) 4ms

⎯⎯⎯⎯⎯⎯⎯ Failed Tests 2 ⎯⎯⎯⎯⎯⎯⎯

 FAIL  packages/runtime/sandbox/test/local-registry-records.test.ts > closed local registry records > never attaches a source write claim to a validation snapshot
AssertionError: expected [Function] to not throw an error but 'Error: invalid_local_registry_records' was thrown

- Expected: 
undefined

+ Received: 
"Error: invalid_local_registry_records"

 ❯ packages/runtime/sandbox/test/local-registry-records.test.ts:80:49
     78|       ],
     79|     };
     80|     expect(() => parseLocalRegistry(value)).not.toThrow();
       |                                                 ^
     81|     const workspace = value.workspaces[0];
     82|     if (!workspace) throw Error('missing fixture');

⎯⎯⎯⎯⎯⎯⎯⎯⎯⎯⎯⎯⎯⎯⎯⎯⎯⎯⎯⎯⎯⎯⎯⎯[1/2]⎯

 FAIL  packages/core/orchestration/test/worker-runtime.test.ts > WorkerRuntime (Phase 0 degenerate single-worker path) > opens a task-scoped local tester without inventing a subtask assignment
ReferenceError: createLocalRuntimeFixture is not defined
 ❯ packages/core/orchestration/test/worker-runtime.test.ts:180:21
    178| describe('WorkerRuntime (Phase 0 degenerate single-worker path)', () =…
    179|   it('opens a task-scoped local tester without inventing a subtask ass…
    180|     const fixture = createLocalRuntimeFixture({ role: 'TESTER' });
       |                     ^
    181|     const result = await fixture.runtime.runOne(fixture.state(), fixtu…
    182|     expect(result.workers[0]?.status).toBe('done');

⎯⎯⎯⎯⎯⎯⎯⎯⎯⎯⎯⎯⎯⎯⎯⎯⎯⎯⎯⎯⎯⎯⎯⎯[2/2]⎯


 Test Files  2 failed | 3 passed (5)
      Tests  2 failed | 121 passed (123)
   Start at  18:32:20
   Duration  2.20s (transform 266ms, setup 0ms, collect 758ms, tests 964ms, environment 0ms, prepare 125ms)

