
 RUN  v3.2.7 /Users/logansu/Documents/Dev/Agora

 ❯ packages/core/orchestration/test/worker-runtime.test.ts (45 tests | 2 failed) 1065ms
   ✓ WorkerRuntime (Phase 0 degenerate single-worker path) > never sends a local workspace task into an unbound legacy executor 3ms
   ✓ WorkerRuntime (Phase 0 degenerate single-worker path) > rejects model-authored local authority on the serial path 2ms
   ✓ WorkerRuntime (Phase 0 degenerate single-worker path) > derives fresh role-scoped ChannelContext before every worker step 0ms
   ✓ WorkerRuntime (Phase 0 degenerate single-worker path) > honors a pause requested while asynchronous ChannelContext construction is pending 1ms
   ✓ WorkerRuntime (Phase 0 degenerate single-worker path) > commits the current Step before checkpoint and keeps its lease across reproject 1ms
   ✓ WorkerRuntime (Phase 0 degenerate single-worker path) > releases active leases and leaves undispatched workers pending for a human gate 1ms
   ✓ WorkerRuntime (Phase 0 degenerate single-worker path) > does not install a pause epoch when its scope mismatches an active worker 0ms
   ✓ WorkerRuntime (Phase 0 degenerate single-worker path) > cleans up remaining paused workers when one cohort checkpoint fails 7ms
   ✓ WorkerRuntime (Phase 0 degenerate single-worker path) > honors a target drain requested while asynchronous ChannelContext construction is pending 0ms
   ✓ WorkerRuntime (Phase 0 degenerate single-worker path) > merges every step mutation in order through applyMutations without mutating the input state 0ms
   ✓ WorkerRuntime (Phase 0 degenerate single-worker path) > routes every worker step through the injected asynchronous state transition 0ms
   ✓ WorkerRuntime (Phase 0 degenerate single-worker path) > handles structured step output before applying that step state transition 0ms
   ✓ WorkerRuntime (Phase 0 degenerate single-worker path) > atomically combines a planned objection with its assistant message mutation 1ms
   ✓ WorkerRuntime (Phase 0 degenerate single-worker path) > stops the loop exactly on a kind="done" step result 0ms
   ✓ WorkerRuntime (Phase 0 degenerate single-worker path) > stops at the next step boundary when the assigned role becomes disabled 0ms
   ✓ WorkerRuntime (Phase 0 degenerate single-worker path) > drains only the target role after its current step transition is committed 0ms
   ✓ WorkerRuntime (Phase 0 degenerate single-worker path) > preserves done when a drain is requested during a completing step 0ms
   ✓ WorkerRuntime (Phase 0 degenerate single-worker path) > reports an immediate no-op drain when the target role has no active worker 0ms
   ✓ WorkerRuntime (Phase 0 degenerate single-worker path) > treats a naturally completed worker as quiescent without creating a late drain 0ms
   ✓ WorkerRuntime (Phase 0 degenerate single-worker path) > throws when the roster does not contain the requested role 0ms
   ✓ WorkerRuntime (Phase 0 degenerate single-worker path) > reloads canonical state before dependency validation and before building an executor 0ms
   ✓ WorkerRuntime (Phase 0 degenerate single-worker path) > rejects a 'blocked' subtask owned by 'CODER' before constructing an executor 0ms
   ✓ WorkerRuntime (Phase 0 degenerate single-worker path) > rejects a 'done' subtask owned by 'CODER' before constructing an executor 0ms
   ✓ WorkerRuntime (Phase 0 degenerate single-worker path) > runs the complete batch concurrently up to maxParallel without dropping the tail 0ms
   ✓ WorkerRuntime (Phase 0 degenerate single-worker path) > waits for an already-started sibling before returning an aggregate failure 0ms
   ✓ WorkerRuntime (Phase 0 degenerate single-worker path) > classifies a provider failure after a real worker Git commit without losing recovery identity  385ms
   ✓ WorkerRuntime (Phase 0 degenerate single-worker path) > classifies a head_refresh failure after a real worker Git commit without losing recovery identity  316ms
   ✓ WorkerRuntime (Phase 0 degenerate single-worker path) > classifies a head_commit failure after a real worker Git commit without losing recovery identity  328ms
   ✓ WorkerRuntime (Phase 0 degenerate single-worker path) > fails fast on malformed batches before constructing an executor 0ms
   ✓ WorkerRuntime (Phase 0 degenerate single-worker path) > rejects a persisted external executor assignment in Phase 9 0ms
   ✓ WorkerRuntime (Phase 0 degenerate single-worker path) > restarts a paused worker only when its workerId is declared by the resume receipt 0ms
   ✓ WorkerRuntime (Phase 0 degenerate single-worker path) > revalidates the canonical worker handle before executing a model step 0ms
   ✓ WorkerRuntime (Phase 0 degenerate single-worker path) > rejects invalid local parallel limits before work can start 0ms
   ✓ WorkerRuntime (Phase 0 degenerate single-worker path) > rejects a conflicting stable append identity instead of silently keeping the first value 0ms
   ✓ WorkerRuntime (Phase 0 degenerate single-worker path) > rejects 'global set' before it reaches the parallel commit 0ms
   ✓ WorkerRuntime (Phase 0 degenerate single-worker path) > rejects 'model-authored worker assignment part…' before it reaches the parallel commit 0ms
   ✓ WorkerRuntime (Phase 0 degenerate single-worker path) > rejects 'own subtask control-plane partition' before it reaches the parallel commit 0ms
   ✓ WorkerRuntime (Phase 0 degenerate single-worker path) > rejects 'another subtask partition' before it reaches the parallel commit 0ms
   ✓ WorkerRuntime (Phase 0 degenerate single-worker path) > rejects 'coordinator-owned requirement partiti…' before it reaches the parallel commit 0ms
   ✓ WorkerRuntime (Phase 0 degenerate single-worker path) > never saves safe points preemptively during an uninterrupted lifecycle 0ms
   ✓ WorkerRuntime (Phase 0 degenerate single-worker path) > binds a workerId worktree before execution and persists its submitted HEAD on completion 0ms
   ✓ WorkerRuntime (Phase 0 degenerate single-worker path) > accepts an equivalent persisted worktree regardless of object key insertion order 0ms
   ✓ cancels the executor pause request on abort without injecting an uncommitted directive 0ms
   × uses a local companion with the actual live lease and closes it before lease release 9ms
     → local_workspace_companion_required
   × does not mark a local worker done when its file or command boundary is incomplete 3ms
     → expected [Function] to throw error including 'workspace_file_recovery_required' but got 'local_workspace_companion_required'

⎯⎯⎯⎯⎯⎯⎯ Failed Tests 2 ⎯⎯⎯⎯⎯⎯⎯

 FAIL  packages/core/orchestration/test/worker-runtime.test.ts > uses a local companion with the actual live lease and closes it before lease release
Error: local_workspace_companion_required
 ❯ WorkerRuntime.prepareAssignments packages/core/orchestration/src/worker-runtime.ts:420:51
    418|     batch: readonly Assignment[],
    419|   ): Promise<AppState> {
    420|     if (state.localExecution !== undefined) throw new Error('local_wor…
       |                                                   ^
    421|     if (batch.length === 0) throw new Error('worker batch must be non-…
    422|     const ids = new Set<string>();
 ❯ WorkerRuntime.runOne packages/core/orchestration/src/worker-runtime.ts:323:33
 ❯ packages/core/orchestration/test/worker-runtime.test.ts:1473:18

⎯⎯⎯⎯⎯⎯⎯⎯⎯⎯⎯⎯⎯⎯⎯⎯⎯⎯⎯⎯⎯⎯⎯⎯[1/2]⎯

 FAIL  packages/core/orchestration/test/worker-runtime.test.ts > does not mark a local worker done when its file or command boundary is incomplete
AssertionError: expected [Function] to throw error including 'workspace_file_recovery_required' but got 'local_workspace_companion_required'

Expected: "workspace_file_recovery_required"
Received: "local_workspace_companion_required"

 ❯ packages/core/orchestration/test/worker-runtime.test.ts:1484:3
    1482|   const { createLocalRuntimeFixture } = await import('./local-worker-f…
    1483|   const fixture = createLocalRuntimeFixture({ checkpointFailure: true …
    1484|   await expect(fixture.runtime.runOne(fixture.state(), fixture.assignm…
       |   ^
    1485|   expect(fixture.state().workers[0]?.status).toBe('failed');
    1486|   expect(fixture.events).toEqual(['open', 'build', 'checkpoint:complet…

⎯⎯⎯⎯⎯⎯⎯⎯⎯⎯⎯⎯⎯⎯⎯⎯⎯⎯⎯⎯⎯⎯⎯⎯[2/2]⎯


 Test Files  1 failed (1)
      Tests  2 failed | 43 passed (45)
   Start at  17:27:00
   Duration  2.01s (transform 245ms, setup 0ms, collect 820ms, tests 1.07s, environment 0ms, prepare 37ms)

