
 RUN  v3.2.7 /Users/logansu/Documents/Dev/Agora

 ✓ tests/integration/phase12/phase12-3-command-start.test.ts (26 tests) 34469ms
   ✓ initializes a cold helper before applying the shorter process-query deadline  2524ms
   ✓ fails closed before bootstrap creation if helper initialization consumes the launch window  5535ms
   ✓ rejects malformed helper readiness without attempting PID capture  643ms
   ✓ recovers a transient read-only capture timeout without changing launch or call deadlines  1204ms
   ✓ still rejects release authorization after a transient capture timeout  1001ms
   ✓ bounds persistent capture timeouts to three attempts and keeps resources quarantined  1508ms
   ✓ does not retry a failed kernel query that did not time out  725ms
   ✓ rechecks authority before retrying capture  971ms
   ✓ does not execute a replacement helper on a capture retry  931ms
   ✓ honors cancellation between capture attempts  996ms
   ✓ observes bootstrap exit before another PID capture can be attempted  1285ms
   ✓ refuses a capture when a control-plane check exhausts the original startup window  6378ms
   ✓ registers the suspended executable before any constructor or project code runs  843ms
   ✓ keeps project code suspended when the release authorization is revoked  685ms
   ✓ does not release the executable when durable registration fails  717ms
   ✓ closes the bootstrap control channel and inherited extra descriptors before project code  757ms
   ✓ records a failed exec without releasing any project code  652ms
   ✓ rejects policy drift at admission without creating a bootstrap process  376ms
   ✓ rechecks durable state after the authorization callback before releasing the executable  827ms
   ✓ keeps the real executable signal separate from the successful bootstrap exit  811ms
   ✓ persists the executable result independently of the bootstrap and survives reopening  1026ms
   ✓ never overwrites a terminal launch fact and rejects stale revisions  956ms
   ✓ rejects persisted launch facts that contradict identities or release state  859ms
   ✓ preserves observed process facts without claiming a launch receipt when final persistence is blocked  861ms
   ✓ waits for current asynchronous authority before releasing project code: async-release-revoked  737ms
   ✓ waits for current asynchronous authority before releasing project code: async-authority-rejected  657ms
 ❯ tests/integration/phase12/phase12-3-grant.test.ts (15 tests | 6 failed) 36008ms
   × confirms a durable grant through the real Leader POST: normal 5006ms
     → Test timed out in 5000ms.
If this is a long-running test, pass a timeout value as the last argument or configure it globally with "testTimeout".
   × confirms a durable grant through the real Leader POST: command 6663ms
     → expected 'needsAttention' to be 'exited' // Object.is equality
   × confirms a durable grant through the real Leader POST: batch 5002ms
     → Test timed out in 5000ms.
If this is a long-running test, pass a timeout value as the last argument or configure it globally with "testTimeout".
   × confirms a durable grant through the real Leader POST: batch-partial 5025ms
     → Test timed out in 5000ms.
If this is a long-running test, pass a timeout value as the last argument or configure it globally with "testTimeout".
   × confirms a durable grant through the real Leader POST: batch-read-drift 5008ms
     → Test timed out in 5000ms.
If this is a long-running test, pass a timeout value as the last argument or configure it globally with "testTimeout".
   × confirms a durable grant through the real Leader POST: batch-stale 5000ms
     → Test timed out in 5000ms.
If this is a long-running test, pass a timeout value as the last argument or configure it globally with "testTimeout".
   ✓ confirms a durable grant through the real Leader POST: before  657ms
   ✓ confirms a durable grant through the real Leader POST: after  560ms
   ✓ confirms a durable grant through the real Leader POST: wrong-hash  445ms
   ✓ confirms a durable grant through the real Leader POST: wrong-selection  438ms
   ✓ confirms a durable grant through the real Leader POST: wrong-scope  441ms
   ✓ confirms a durable grant through the real Leader POST: stale-policy  405ms
   ✓ confirms a durable grant through the real Leader POST: root-drift  446ms
   ✓ confirms a durable grant through the real Leader POST: corrupt-proposal  462ms
   ✓ confirms a durable grant through the real Leader POST: unsupported-action  447ms
 ✓ tests/integration/phase12/phase12-3-version.test.ts (3 tests) 1578ms
   ✓ captures immutable file inputs and refuses incomplete evidence: normal  675ms
   ✓ captures immutable file inputs and refuses incomplete evidence: changed  421ms
   ✓ captures immutable file inputs and refuses incomplete evidence: revoke  481ms

⎯⎯⎯⎯⎯⎯⎯ Failed Tests 6 ⎯⎯⎯⎯⎯⎯⎯

 FAIL  tests/integration/phase12/phase12-3-grant.test.ts > confirms a durable grant through the real Leader POST: normal
 FAIL  tests/integration/phase12/phase12-3-grant.test.ts > confirms a durable grant through the real Leader POST: batch
 FAIL  tests/integration/phase12/phase12-3-grant.test.ts > confirms a durable grant through the real Leader POST: batch-partial
 FAIL  tests/integration/phase12/phase12-3-grant.test.ts > confirms a durable grant through the real Leader POST: batch-read-drift
 FAIL  tests/integration/phase12/phase12-3-grant.test.ts > confirms a durable grant through the real Leader POST: batch-stale
Error: Test timed out in 5000ms.
If this is a long-running test, pass a timeout value as the last argument or configure it globally with "testTimeout".
 ❯ tests/integration/phase12/phase12-3-grant.test.ts:63:3
     61|   'unsupported-action',
     62| ])
     63|   it(
       |   ^
     64|     `confirms a durable grant through the real Leader POST: ${scenario…
     65|     async () => {

⎯⎯⎯⎯⎯⎯⎯⎯⎯⎯⎯⎯⎯⎯⎯⎯⎯⎯⎯⎯⎯⎯⎯⎯[1/6]⎯

 FAIL  tests/integration/phase12/phase12-3-grant.test.ts > confirms a durable grant through the real Leader POST: command
AssertionError: expected 'needsAttention' to be 'exited' // Object.is equality

Expected: "exited"
Received: "needsAttention"

 ❯ tests/integration/phase12/phase12-3-grant.test.ts:530:40
    528|                     readFileSync(join(owner.root, 'command-journal', '…
    529|                   );
    530|                   expect(result.stage).toBe('exited');
       |                                        ^
    531|                   expect(result.exitCode).toBe(0);
    532|                   expect(result.stdout).toBe('fixed input build and te…

⎯⎯⎯⎯⎯⎯⎯⎯⎯⎯⎯⎯⎯⎯⎯⎯⎯⎯⎯⎯⎯⎯⎯⎯[2/6]⎯


 Test Files  1 failed | 2 passed (3)
      Tests  6 failed | 38 passed (44)
   Start at  17:03:15
   Duration  73.55s (transform 517ms, setup 0ms, collect 1.06s, tests 72.06s, environment 0ms, prepare 128ms)

