
 RUN  v3.2.7 /Users/logansu/Documents/Dev/Agora

 ❯ tests/integration/phase12/phase12-3-grant.test.ts (15 tests | 1 failed) 22986ms
   ✓ confirms a durable grant through the real Leader POST: normal  4878ms
   × confirms a durable grant through the real Leader POST: command 412ms
     → expected [ 'sentinel', 'verify.cjs' ] to deeply equal [ 'sentinel' ]
   ✓ confirms a durable grant through the real Leader POST: batch  3780ms
   ✓ confirms a durable grant through the real Leader POST: batch-partial  4257ms
   ✓ confirms a durable grant through the real Leader POST: batch-read-drift  3171ms
   ✓ confirms a durable grant through the real Leader POST: batch-stale  2476ms
   ✓ confirms a durable grant through the real Leader POST: before  487ms
   ✓ confirms a durable grant through the real Leader POST: after  458ms
   ✓ confirms a durable grant through the real Leader POST: wrong-hash  457ms
   ✓ confirms a durable grant through the real Leader POST: wrong-selection  513ms
   ✓ confirms a durable grant through the real Leader POST: wrong-scope  395ms
   ✓ confirms a durable grant through the real Leader POST: stale-policy  389ms
   ✓ confirms a durable grant through the real Leader POST: root-drift  422ms
   ✓ confirms a durable grant through the real Leader POST: corrupt-proposal  398ms
   ✓ confirms a durable grant through the real Leader POST: unsupported-action  491ms

⎯⎯⎯⎯⎯⎯⎯ Failed Tests 1 ⎯⎯⎯⎯⎯⎯⎯

 FAIL  tests/integration/phase12/phase12-3-grant.test.ts > confirms a durable grant through the real Leader POST: command
AssertionError: expected [ 'sentinel', 'verify.cjs' ] to deeply equal [ 'sentinel' ]

- Expected
+ Received

  [
    "sentinel",
+   "verify.cjs",
  ]

 ❯ tests/integration/phase12/phase12-3-grant.test.ts:167:35
    165|         });
    166|         expect((await control.snapshot()).revision).toBe(0);
    167|         expect(readdirSync(root)).toEqual(
       |                                   ^
    168|           scenario === 'batch-read-drift' ? ['dependency', 'sentinel']…
    169|         );

⎯⎯⎯⎯⎯⎯⎯⎯⎯⎯⎯⎯⎯⎯⎯⎯⎯⎯⎯⎯⎯⎯⎯⎯[1/1]⎯


 Test Files  1 failed (1)
      Tests  1 failed | 14 passed (15)
   Start at  16:56:16
   Duration  23.68s (transform 269ms, setup 0ms, collect 573ms, tests 22.99s, environment 0ms, prepare 32ms)

