
 RUN  v3.2.7 /Users/logansu/Documents/Dev/Agora

 ❯ packages/core/domain/test/local-workspace.test.ts (42 tests | 1 failed) 8ms
   ✓ strict local workspace data boundaries > accepts the specified direct and linked-worktree variants without conversion 1ms
   ✓ strict local workspace data boundaries > rejects invalid or mixed workspace records 0 0ms
   ✓ strict local workspace data boundaries > rejects invalid or mixed workspace records 1 0ms
   ✓ strict local workspace data boundaries > rejects invalid or mixed workspace records 2 0ms
   ✓ strict local workspace data boundaries > rejects invalid or mixed workspace records 3 0ms
   ✓ strict local workspace data boundaries > rejects invalid or mixed workspace records 4 0ms
   ✓ strict local workspace data boundaries > rejects invalid or mixed workspace records 5 0ms
   ✓ strict local workspace data boundaries > rejects invalid or mixed workspace records 6 0ms
   ✓ strict local workspace data boundaries > rejects invalid or mixed workspace records 7 0ms
   ✓ strict local workspace data boundaries > rejects invalid or mixed workspace records 8 0ms
   ✓ strict local workspace data boundaries > rejects invalid or mixed workspace records 9 0ms
   ✓ strict local workspace data boundaries > rejects invalid or mixed workspace records 10 0ms
   ✓ strict local workspace data boundaries > rejects invalid or mixed workspace records 11 0ms
   ✓ strict local workspace data boundaries > rejects invalid or mixed workspace records 12 0ms
   ✓ strict local workspace data boundaries > rejects invalid or mixed workspace records 13 0ms
   ✓ strict local workspace data boundaries > rejects invalid or mixed workspace records 14 0ms
   ✓ strict local workspace data boundaries > rejects invalid or mixed workspace records 15 0ms
   ✓ strict local workspace data boundaries > rejects invalid or mixed workspace records 16 0ms
   ✓ strict local workspace data boundaries > rejects invalid or mixed workspace records 17 0ms
   ✓ strict local workspace data boundaries > rejects non-JSON accessors without invoking them 0ms
   × strict local workspace data boundaries > rejects collection accessors and hidden properties without reading them 3ms
     → expected true to be false // Object.is equality
   ✓ strict local workspace data boundaries > requires every field and rejects extra keys in each closed variant 1ms
   ✓ strict local workspace data boundaries > requires unique IDs even across project and task scopes 1ms
   ✓ strict local workspace data boundaries > allows reordering and additions but rejects removal and every identity-field rewrite 1ms
   ✓ strict local workspace data boundaries > separates file and git workspace versions with exact hashes and fields 0ms
   ✓ strict local workspace data boundaries > validates complete file versions, exact sizes and metadata 0ms
   ✓ strict local workspace data boundaries > requires an exact absence name for creation and an existing version for removal 0ms
   ✓ strict local workspace data boundaries > rejects noncanonical or oversized relative paths 0 0ms
   ✓ strict local workspace data boundaries > rejects noncanonical or oversized relative paths 1 0ms
   ✓ strict local workspace data boundaries > rejects noncanonical or oversized relative paths 2 0ms
   ✓ strict local workspace data boundaries > rejects noncanonical or oversized relative paths 3 0ms
   ✓ strict local workspace data boundaries > rejects noncanonical or oversized relative paths 4 0ms
   ✓ strict local workspace data boundaries > rejects noncanonical or oversized relative paths 5 0ms
   ✓ strict local workspace data boundaries > rejects noncanonical or oversized relative paths 6 0ms
   ✓ strict local workspace data boundaries > rejects noncanonical or oversized relative paths 7 0ms
   ✓ strict local workspace data boundaries > rejects noncanonical or oversized relative paths 8 0ms
   ✓ strict local workspace data boundaries > rejects noncanonical or oversized relative paths 9 0ms
   ✓ strict local workspace data boundaries > rejects noncanonical or oversized relative paths 10 0ms
   ✓ strict local workspace data boundaries > rejects noncanonical or oversized relative paths 11 0ms
   ✓ strict local workspace data boundaries > rejects noncanonical or oversized relative paths 12 0ms
   ✓ strict local workspace data boundaries > preserves valid names and treats shape checks as distinct from permissions 0ms
   ✓ strict local workspace data boundaries > validates worker-call shape without manufacturing transport authority 0ms

⎯⎯⎯⎯⎯⎯⎯ Failed Tests 1 ⎯⎯⎯⎯⎯⎯⎯

 FAIL  packages/core/domain/test/local-workspace.test.ts > strict local workspace data boundaries > rejects collection accessors and hidden properties without reading them
AssertionError: expected true to be false // Object.is equality

- Expected
+ Received

- false
+ true

 ❯ packages/core/domain/test/local-workspace.test.ts:104:37
    102|     const refs = [direct];
    103|     Object.defineProperty(refs, '0', { get: () => { reads++; return di…
    104|     expect(isWorkspaceRefsV1(refs)).toBe(false);
       |                                     ^
    105|     expect(reads).toBe(0);
    106|     expect(isWorkspaceRefsV1(Object.assign([direct], { extra: true }))…

⎯⎯⎯⎯⎯⎯⎯⎯⎯⎯⎯⎯⎯⎯⎯⎯⎯⎯⎯⎯⎯⎯⎯⎯[1/1]⎯


 Test Files  1 failed (1)
      Tests  1 failed | 41 passed (42)
   Start at  12:17:15
   Duration  149ms (transform 28ms, setup 0ms, collect 29ms, tests 8ms, environment 0ms, prepare 29ms)

