
 RUN  v3.2.7 /Users/logansu/Documents/Dev/Agora

 ❯ packages/runtime/sandbox/test/local-registry-file.test.ts (25 tests | 3 failed | 22 skipped) 4291ms
   × persists immutable workspace identities across owner restarts 3818ms
     → promise resolved "{ …(7) }" instead of rejecting
   × rejects malformed workspaces even when the injected codec accepts them 220ms
     → promise resolved "{ …(7) }" instead of rejecting
   × checks workspace transitions inside the publication lock before changing disk 252ms
     → promise resolved "{ …(7) }" instead of rejecting
   ↓ publishes and reopens durable revisions across actual desktop owner lifetimes
   ↓ refuses another desktop owner and operations after ownership is released
   ↓ never resets a valid registry or initializes an existing incomplete directory
   ↓ rejects stale revisions without leaving a lock or modifying the current snapshot
   ↓ serializes two file adapters using one real owner without lost updates
   ↓ isolates pending input and returned data from later caller mutation
   ↓ rejects version corruption even with an otherwise well-formed envelope
   ↓ rejects extra corruption even with an otherwise well-formed envelope
   ↓ rejects record corruption even with an otherwise well-formed envelope
   ↓ rejects checksum corruption even with an otherwise well-formed envelope
   ↓ rejects overflow corruption even with an otherwise well-formed envelope
   ↓ retains and refuses interrupted state containing registry.lock
   ↓ retains and refuses interrupted state containing registry.pending-interrupted
   ↓ rejects symlink at the registry boundary
   ↓ rejects hardlink at the registry boundary
   ↓ rejects file-mode at the registry boundary
   ↓ rejects directory-mode at the registry boundary
   ↓ refuses root replacement without following or overwriting the replacement
   ↓ refuses revision exhaustion and rejects a transforming or missing codec
   ↓ keeps uncertain publication blocked after lose-owner
   ↓ keeps uncertain publication blocked after move-during-write
   ↓ keeps uncertain publication blocked after replace-lock

⎯⎯⎯⎯⎯⎯⎯ Failed Tests 3 ⎯⎯⎯⎯⎯⎯⎯

 FAIL  packages/runtime/sandbox/test/local-registry-file.test.ts > persists immutable workspace identities across owner restarts
AssertionError: promise resolved "{ …(7) }" instead of rejecting

- Expected
+ Received

- Error {
-   "message": "rejected promise",
+ {
+   "claims": [],
+   "grants": [],
+   "operations": [],
+   "revision": 3,
+   "roots": [],
+   "schemaVersion": "local-workspaces-v1",
+   "workspaces": [
+     {
+       "baselineManifestId": "manifest",
+       "grantId": "grant",
+       "mode": "direct",
+       "projectId": "project",
+       "purpose": "coding",
+       "rootId": "root",
+       "schemaVersion": "workspace-v1",
+       "taskId": "task",
+       "workspaceId": "workspace",
+     },
+   ],
  }

 ❯ packages/runtime/sandbox/test/local-registry-file.test.ts:77:7
     75|       await expect(
     76|         reopened.compareAndSwap(2, { ...initial, revision: 3, workspac…
     77|       ).rejects.toThrow('workspace_identity_changed');
       |       ^
     78|       expect((await reopened.load()).revision).toBe(2);
     79|       evidence.snapshot = await reopened.load();
 ❯ fixture packages/runtime/sandbox/test/local-registry-file.test.ts:178:5

⎯⎯⎯⎯⎯⎯⎯⎯⎯⎯⎯⎯⎯⎯⎯⎯⎯⎯⎯⎯⎯⎯⎯⎯[1/3]⎯

 FAIL  packages/runtime/sandbox/test/local-registry-file.test.ts > rejects malformed workspaces even when the injected codec accepts them
AssertionError: promise resolved "{ …(7) }" instead of rejecting

- Expected
+ Received

- Error {
-   "message": "rejected promise",
+ {
+   "claims": [],
+   "grants": [],
+   "operations": [],
+   "revision": 1,
+   "roots": [],
+   "schemaVersion": "local-workspaces-v1",
+   "workspaces": [
+     {
+       "baselineManifestId": "manifest",
+       "branch": "fake",
+       "grantId": "grant",
+       "mode": "direct",
+       "projectId": "project",
+       "purpose": "coding",
+       "rootId": "root",
+       "schemaVersion": "workspace-v1",
+       "taskId": "task",
+       "workspaceId": "workspace",
+     },
+   ],
  }

 ❯ packages/runtime/sandbox/test/local-registry-file.test.ts:96:7
     94|       await expect(
     95|         store.compareAndSwap(0, { ...initial, revision: 1, workspaces:…
     96|       ).rejects.toThrow('invalid_local_registry');
       |       ^
     97|       expect(await store.load()).toEqual(initial);
     98|     }
 ❯ fixture packages/runtime/sandbox/test/local-registry-file.test.ts:178:5

⎯⎯⎯⎯⎯⎯⎯⎯⎯⎯⎯⎯⎯⎯⎯⎯⎯⎯⎯⎯⎯⎯⎯⎯[2/3]⎯

 FAIL  packages/runtime/sandbox/test/local-registry-file.test.ts > checks workspace transitions inside the publication lock before changing disk
AssertionError: promise resolved "{ …(7) }" instead of rejecting

- Expected
+ Received

- Error {
-   "message": "rejected promise",
+ {
+   "claims": [],
+   "grants": [],
+   "operations": [],
+   "revision": 2,
+   "roots": [],
+   "schemaVersion": "local-workspaces-v1",
+   "workspaces": [
+     {
+       "baselineManifestId": "manifest",
+       "grantId": "grant",
+       "mode": "direct",
+       "projectId": "different",
+       "purpose": "coding",
+       "rootId": "root",
+       "schemaVersion": "workspace-v1",
+       "taskId": "task",
+       "workspaceId": "workspace",
+     },
+   ],
  }

 ❯ packages/runtime/sandbox/test/local-registry-file.test.ts:121:7
    119|           workspaces: [{ ...workspace, [key]: 'different' }],
    120|         }),
    121|       ).rejects.toThrow('workspace_identity_changed');
       |       ^
    122|       expect(await readFile(file, 'utf8')).toBe(unchanged);
    123|       expect(await readdir(directory)).toEqual(['registry.json']);
 ❯ fixture packages/runtime/sandbox/test/local-registry-file.test.ts:178:5

⎯⎯⎯⎯⎯⎯⎯⎯⎯⎯⎯⎯⎯⎯⎯⎯⎯⎯⎯⎯⎯⎯⎯⎯[3/3]⎯


 Test Files  1 failed (1)
      Tests  3 failed | 22 skipped (25)
   Start at  12:16:08
   Duration  4.57s (transform 71ms, setup 0ms, collect 73ms, tests 4.29s, environment 0ms, prepare 63ms)

