
 RUN  v3.2.7 /Users/logansu/Documents/Dev/Agora

 ❯ tests/integration/phase12/phase12-3-creation.test.ts (6 tests | 6 failed) 1288ms
   × creates a file with a durable no-replace result: normal 413ms
     → (0 , inspectLocalCreationBasis) is not a function
   × creates a file with a durable no-replace result: race 178ms
     → (0 , inspectLocalCreationBasis) is not a function
   × creates a file with a durable no-replace result: revoke 175ms
     → (0 , inspectLocalCreationBasis) is not a function
   × creates a file with a durable no-replace result: move-before 175ms
     → (0 , inspectLocalCreationBasis) is not a function
   × creates a file with a durable no-replace result: move-after 174ms
     → (0 , inspectLocalCreationBasis) is not a function
   × creates a file with a durable no-replace result: replay 173ms
     → (0 , inspectLocalCreationBasis) is not a function

⎯⎯⎯⎯⎯⎯⎯ Failed Tests 6 ⎯⎯⎯⎯⎯⎯⎯

 FAIL  tests/integration/phase12/phase12-3-creation.test.ts > creates a file with a durable no-replace result: normal
 FAIL  tests/integration/phase12/phase12-3-creation.test.ts > creates a file with a durable no-replace result: race
 FAIL  tests/integration/phase12/phase12-3-creation.test.ts > creates a file with a durable no-replace result: revoke
 FAIL  tests/integration/phase12/phase12-3-creation.test.ts > creates a file with a durable no-replace result: move-before
 FAIL  tests/integration/phase12/phase12-3-creation.test.ts > creates a file with a durable no-replace result: move-after
 FAIL  tests/integration/phase12/phase12-3-creation.test.ts > creates a file with a durable no-replace result: replay
TypeError: (0 , inspectLocalCreationBasis) is not a function
 ❯ tests/integration/phase12/phase12-3-creation.test.ts:62:20
     60|       evidence.binaryHash = createHash('sha256').update(readFileSync(h…
     61|       const binding = inspectLocalRoot(root),
     62|         expected = inspectLocalCreationBasis(binding, 'new.js', helper…
       |                    ^
     63|       expect(expected.parentIdentity).toBe(`${lstatSync(root).dev}:${l…
     64|       const request = {

⎯⎯⎯⎯⎯⎯⎯⎯⎯⎯⎯⎯⎯⎯⎯⎯⎯⎯⎯⎯⎯⎯⎯⎯[1/6]⎯


 Test Files  1 failed (1)
      Tests  6 failed (6)
   Start at  14:41:24
   Duration  1.43s (transform 27ms, setup 0ms, collect 26ms, tests 1.29s, environment 0ms, prepare 32ms)

