{
  eligible: 152,
  retained: [
    {
      path: '/private/var/folders/_r/6dh_2jf542d4p97jl9nqwk480000gn/T/agora105-driver-8l4ffS',
      reason: 'Source, ownership or quiescence not proven'
    },
    {
      path: '/private/var/folders/_r/6dh_2jf542d4p97jl9nqwk480000gn/T/agora105-driver-IXDUKD',
      reason: 'Source, ownership or quiescence not proven'
    },
    {
      path: '/private/var/folders/_r/6dh_2jf542d4p97jl9nqwk480000gn/T/agora105-driver-Oge78V',
      reason: 'Source, ownership or quiescence not proven'
    },
    {
      path: '/private/var/folders/_r/6dh_2jf542d4p97jl9nqwk480000gn/T/agora105-driver-SG7a0o',
      reason: 'Source, ownership or quiescence not proven'
    },
    {
      path: '/private/var/folders/_r/6dh_2jf542d4p97jl9nqwk480000gn/T/agora105-driver-Sx9BsY',
      reason: 'Source, ownership or quiescence not proven'
    },
    {
      path: '/private/var/folders/_r/6dh_2jf542d4p97jl9nqwk480000gn/T/agora105-driver-qrSYAR',
      reason: 'Source, ownership or quiescence not proven'
    },
    {
      path: '/private/var/folders/_r/6dh_2jf542d4p97jl9nqwk480000gn/T/agora105-driver-uk2Uj1',
      reason: 'Source, ownership or quiescence not proven'
    },
    {
      path: '/private/var/folders/_r/6dh_2jf542d4p97jl9nqwk480000gn/T/agora105-driver-vbZmdh',
      reason: 'Source, ownership or quiescence not proven'
    },
    {
      path: '/private/var/folders/_r/6dh_2jf542d4p97jl9nqwk480000gn/T/agora-sandbox-trash/agora-docker-archive-rerun-2a3d52fc5baec10a-bJYso9',
      reason: 'Source, ownership or quiescence not proven'
    },
    {
      path: '/private/var/folders/_r/6dh_2jf542d4p97jl9nqwk480000gn/T/agora-sandbox-trash/agora-docker-boundary-931534c0c145d0a9-nueJ7o',
      reason: 'Source, ownership or quiescence not proven'
    },
    {
      path: '/private/var/folders/_r/6dh_2jf542d4p97jl9nqwk480000gn/T/agora-sandbox-trash/agora-docker-docker-task-a-a7f00ee7ddf4f5e1-26s5uY',
      reason: 'Source, ownership or quiescence not proven'
    },
    {
      path: '/private/var/folders/_r/6dh_2jf542d4p97jl9nqwk480000gn/T/agora-sandbox-trash/agora-docker-docker-task-b-d25661ad3ae49b6a-eBpgNB',
      reason: 'Source, ownership or quiescence not proven'
    },
    {
      path: '/private/var/folders/_r/6dh_2jf542d4p97jl9nqwk480000gn/T/agora-sandbox-trash/agora-docker-docker-task-c-61f69f7cc46b5a9e-qPu4IA',
      reason: 'Source, ownership or quiescence not proven'
    },
    {
      path: '/private/var/folders/_r/6dh_2jf542d4p97jl9nqwk480000gn/T/agora-sandbox-trash/agora-docker-docker-task-concurrent-b54eb151cc6e7a66-SIXBEn',
      reason: 'Source, ownership or quiescence not proven'
    },
    {
      path: '/private/var/folders/_r/6dh_2jf542d4p97jl9nqwk480000gn/T/agora-sandbox-trash/agora-docker-docker-task-d-7305e0c64bd98e17-Ptk5UU',
      reason: 'Source, ownership or quiescence not proven'
    },
    {
      path: '/private/var/folders/_r/6dh_2jf542d4p97jl9nqwk480000gn/T/agora-sandbox-trash/agora-docker-docker-task-e-1cf7c4dfe0affab3-a8P7cn',
      reason: 'Source, ownership or quiescence not proven'
    },
    {
      path: '/private/var/folders/_r/6dh_2jf542d4p97jl9nqwk480000gn/T/agora-sandbox-trash/agora-docker-docker-task-f-54f7828fc2787239-xCGmYq',
      reason: 'Source, ownership or quiescence not proven'
    },
    {
      path: '/private/var/folders/_r/6dh_2jf542d4p97jl9nqwk480000gn/T/agora-sandbox-trash/agora-docker-docker-task-g-dc8cfd081a8df45a-OHWGik',
      reason: 'Source, ownership or quiescence not proven'
    },
    {
      path: '/private/var/folders/_r/6dh_2jf542d4p97jl9nqwk480000gn/T/agora-sandbox-trash/agora-docker-docker-task-h-e65f68a0610371eb-sVUcDQ',
      reason: 'Source, ownership or quiescence not proven'
    },
    {
      path: '/private/var/folders/_r/6dh_2jf542d4p97jl9nqwk480000gn/T/agora-sandbox-trash/agora-docker-docker-task-i-ecc9cbd681e828ba-IdxS3A',
      reason: 'Source, ownership or quiescence not proven'
    },
    {
      path: '/private/var/folders/_r/6dh_2jf542d4p97jl9nqwk480000gn/T/agora-sandbox-trash/agora-docker-docker-task-j-a667f8ca1149781b-OPVAYx',
      reason: 'Source, ownership or quiescence not proven'
    },
    {
      path: '/private/var/folders/_r/6dh_2jf542d4p97jl9nqwk480000gn/T/agora-sandbox-trash/agora-docker-docker-task-k-40155738a74ff1ba-NKZqrz',
      reason: 'Source, ownership or quiescence not proven'
    },
    {
      path: '/private/var/folders/_r/6dh_2jf542d4p97jl9nqwk480000gn/T/agora-sandbox-trash/agora-docker-docker-task-owner-c2d1f757ff586fbf-DIZb0f',
      reason: 'Source, ownership or quiescence not proven'
    },
    {
      path: '/private/var/folders/_r/6dh_2jf542d4p97jl9nqwk480000gn/T/agora-sandbox-trash/agora-docker-docker-task-role-collide-2f741c0f4a82e868-c4vFMQ',
      reason: 'Source, ownership or quiescence not proven'
    },
    {
      path: '/private/var/folders/_r/6dh_2jf542d4p97jl9nqwk480000gn/T/agora-sandbox-trash/agora-docker-docker-task-teardown-36b5cd22dc42d289-sb418U',
      reason: 'Source, ownership or quiescence not proven'
    },
    {
      path: '/private/var/folders/_r/6dh_2jf542d4p97jl9nqwk480000gn/T/agora-sandbox-trash/agora-docker-exit-1-docker-a0e4d60c537f3a3d-lHg7is',
      reason: 'Source, ownership or quiescence not proven'
    },
    {
      path: '/private/var/folders/_r/6dh_2jf542d4p97jl9nqwk480000gn/T/agora-sandbox-trash/agora-docker-exit-verification-ef87eeff33e92da8-rXuNvj',
      reason: 'Source, ownership or quiescence not proven'
    },
    {
      path: '/private/var/folders/_r/6dh_2jf542d4p97jl9nqwk480000gn/T/agora-sandbox-trash/agora-docker-fresh-verification-f68dac4d3c6ba268-SYNXIV',
      reason: 'Source, ownership or quiescence not proven'
    },
    {
      path: '/private/var/folders/_r/6dh_2jf542d4p97jl9nqwk480000gn/T/agora-sandbox-trash/agora-docker-original-0682c5f2076f099c-tcsD3z',
      reason: 'Source, ownership or quiescence not proven'
    },
    {
      path: '/private/var/folders/_r/6dh_2jf542d4p97jl9nqwk480000gn/T/agora-sandbox-trash/agora-docker-phase5-artifact-verification-6adebed040a30d56-Cb13iJ',
      reason: 'Source, ownership or quiescence not proven'
    },
    {
      path: '/private/var/folders/_r/6dh_2jf542d4p97jl9nqwk480000gn/T/agora-sandbox-trash/agora-docker-resilience-task-ee99c1b5f3c39a46-i8CpNK',
      reason: 'Source, ownership or quiescence not proven'
    }
  ],
  logicalBytes: 1525984
}
