
 RUN  v3.2.7 /Users/logansu/Documents/Dev/Agora

 ✓ tests/integration/phase12/phase12-3-command-stop.test.ts (6 tests) 13253ms
   ✓ preserves KILL escalation when real helper launch latency approaches the TERM boundary  2301ms
   ✓ stops only the registered process birth identity and escalates ignored TERM  1584ms
   ✓ caps retained output without treating a successful exit as trusted completion  536ms
   ✓ closes inherited pipes within the tail deadline while exposing incomplete output  7782ms
   ✓ finishes a TERM-responsive registered process without sending KILL  536ms
   ✓ returns needsAttention for a mismatched registered birth without sending a signal  513ms
 ✓ tests/integration/phase12/phase12-3-transaction.test.ts (17 tests) 6460ms
   ✓ durably preserves the baseline and exchanged inode before reporting applied  431ms
   ✓ closes the operation without touching source or external objects: move-root-before-write  384ms
   ✓ closes the operation without touching source or external objects: move-parent-before-swap  378ms
   ✓ closes the operation without touching source or external objects: replace-root  386ms
   ✓ invalidates a completed exchange after root movement without undoing the actual result  383ms
   ✓ preserves a competing user edit and refuses a stale baseline  384ms
   ✓ refuses linked external objects: symlink-target  375ms
   ✓ refuses linked external objects: hardlink-target  360ms
   ✓ does not repeat a filesystem mutation when replaying an identical action  378ms
   ✓ checks root identity after the final asynchronous authorization check  375ms
   ✓ also invalidates a parent moved during completion authorization  368ms
   ✓ refuses a metadata-only edit after the baseline read  385ms
   ✓ honors trusted authorization closure: revoke-before-write  381ms
   ✓ honors trusted authorization closure: revoke-before-swap  370ms
   ✓ refuses unsafe journal replay: replay-different-input  380ms
   ✓ refuses unsafe journal replay: replay-corrupt-receipt  371ms
   ✓ refuses unsafe journal replay: replay-missing-receipt  370ms
 ✓ tests/integration/phase12/phase12-3-command-discovery.test.ts (5 tests) 2247ms
   ✓ discovers a real child and grandchild without enrolling an unrelated sibling  584ms
   ✓ retains a discovered grandchild after its parent exits and it is reparented  524ms
   ✓ rejects a wrong parent birth and leaves the real tree alive  575ms
   ✓ exposes helper failure as incomplete discovery without signaling the root  563ms
 ✓ tests/integration/phase12/phase12-3.test.ts (5 tests) 1697ms
   ✓ preserves both versions in a normal confined APFS exchange  346ms
   ✓ refuses an exchange after the opened parent moves outside the authorized root  342ms
   ✓ refuses an exchange after the opened root moves away from its authorized path  331ms
   ✓ can prepare a transaction file through an opened handle inside the authorized root  339ms
   ✓ distinguishes a refused new open from the original file handle after root movement  338ms
 ✓ tests/integration/phase12/phase12-3-command-isolation.test.ts (2 tests) 722ms
   ✓ confines native child and exec descendants to one private command write root  329ms
   ✓ runs the pinned Node toolchain and preserves the boundary in its spawned child  393ms
 ✓ tests/integration/phase12/phase12-3-command-journal.test.ts (5 tests) 626ms

 Test Files  6 passed (6)
      Tests  40 passed (40)
   Start at  23:02:53
   Duration  25.68s (transform 67ms, setup 0ms, collect 107ms, tests 25.01s, environment 0ms, prepare 140ms)

