
 RUN  v3.2.7 /Users/logansu/Documents/Dev/Agora

 ❯ tests/integration/phase12/phase12-3-grant.test.ts (10 tests | 1 failed) 4994ms
   × confirms a durable grant through the real Leader POST: normal 1199ms
     → workspace_initialization_input_invalid
   ✓ confirms a durable grant through the real Leader POST: before  480ms
   ✓ confirms a durable grant through the real Leader POST: after  509ms
   ✓ confirms a durable grant through the real Leader POST: wrong-hash  448ms
   ✓ confirms a durable grant through the real Leader POST: wrong-selection  398ms
   ✓ confirms a durable grant through the real Leader POST: wrong-scope  385ms
   ✓ confirms a durable grant through the real Leader POST: stale-policy  398ms
   ✓ confirms a durable grant through the real Leader POST: root-drift  404ms
   ✓ confirms a durable grant through the real Leader POST: corrupt-proposal  363ms
   ✓ confirms a durable grant through the real Leader POST: unsupported-action  406ms
 ✓ packages/core/orchestration/test/global-scheduler.test.ts (10 tests) 4ms

⎯⎯⎯⎯⎯⎯⎯ Failed Tests 1 ⎯⎯⎯⎯⎯⎯⎯

 FAIL  tests/integration/phase12/phase12-3-grant.test.ts > confirms a durable grant through the real Leader POST: normal
Error: workspace_initialization_input_invalid
 ❯ LocalRootCoordinator.initialize packages/runtime/sandbox/src/local-root-coordinator.ts:89:29
     87|       input.expectedRevision < 0
     88|     )
     89|       return Promise.reject(Error('workspace_initialization_input_inva…
       |                             ^
     90|     const request = structuredClone(input);
     91|     const next = this.tail.catch(() => undefined).then(() => this.run(…
 ❯ LocalWorkspaceAuthority.initialized packages/runtime/sandbox/src/local-workspace-authority.ts:60:22
 ❯ LocalWorkspaceAuthority.register packages/runtime/sandbox/src/local-workspace-authority.ts:168:16
 ❯ tests/integration/phase12/phase12-3-grant.test.ts:330:33

⎯⎯⎯⎯⎯⎯⎯⎯⎯⎯⎯⎯⎯⎯⎯⎯⎯⎯⎯⎯⎯⎯⎯⎯[1/1]⎯


 Test Files  1 failed | 1 passed (2)
      Tests  1 failed | 19 passed (20)
   Start at  16:08:29
   Duration  5.79s (transform 233ms, setup 0ms, collect 593ms, tests 5.00s, environment 0ms, prepare 48ms)

