
 RUN  v3.2.7 /Users/logansu/Documents/Dev/Agora

 ✓ packages/core/orchestration/test/global-scheduler.test.ts (10 tests) 4ms
 ❯ tests/integration/phase12/phase12-3-grant.test.ts (10 tests | 1 failed) 5310ms
   × confirms a durable grant through the real Leader POST: normal 1412ms
     → mutation field "subtasks" is defined by spec §1 but not enabled in Phase 0
   ✓ confirms a durable grant through the real Leader POST: before  490ms
   ✓ confirms a durable grant through the real Leader POST: after  516ms
   ✓ confirms a durable grant through the real Leader POST: wrong-hash  449ms
   ✓ confirms a durable grant through the real Leader POST: wrong-selection  395ms
   ✓ confirms a durable grant through the real Leader POST: wrong-scope  369ms
   ✓ confirms a durable grant through the real Leader POST: stale-policy  401ms
   ✓ confirms a durable grant through the real Leader POST: root-drift  412ms
   ✓ confirms a durable grant through the real Leader POST: corrupt-proposal  470ms
   ✓ confirms a durable grant through the real Leader POST: unsupported-action  394ms

⎯⎯⎯⎯⎯⎯⎯ Failed Tests 1 ⎯⎯⎯⎯⎯⎯⎯

 FAIL  tests/integration/phase12/phase12-3-grant.test.ts > confirms a durable grant through the real Leader POST: normal
Error: mutation field "subtasks" is defined by spec §1 but not enabled in Phase 0
 ❯ disabledFieldError packages/core/domain/src/reducer.ts:154:10
    152| 
    153| function disabledFieldError(field: string): Error {
    154|   return new Error(`mutation field "${field}" is defined by spec §1 bu…
       |          ^
    155| }
    156| 
 ❯ applySet packages/core/domain/src/reducer.ts:347:54
 ❯ applyMutations packages/core/domain/src/reducer.ts:426:19
 ❯ packages/runtime/state/src/json-task-state-store.ts:60:21

⎯⎯⎯⎯⎯⎯⎯⎯⎯⎯⎯⎯⎯⎯⎯⎯⎯⎯⎯⎯⎯⎯⎯⎯[1/1]⎯


 Test Files  1 failed | 1 passed (2)
      Tests  1 failed | 19 passed (20)
   Start at  16:06:41
   Duration  6.23s (transform 256ms, setup 0ms, collect 708ms, tests 5.31s, environment 0ms, prepare 56ms)

