
 RUN  v3.2.7 /Users/logansu/Documents/Dev/Agora

 ✓ tests/integration/phase12/phase12-3-grant.test.ts (10 tests) 4587ms
   ✓ confirms a durable grant through the real Leader POST: normal  1043ms
   ✓ confirms a durable grant through the real Leader POST: before  454ms
   ✓ confirms a durable grant through the real Leader POST: after  416ms
   ✓ confirms a durable grant through the real Leader POST: wrong-hash  342ms
   ✓ confirms a durable grant through the real Leader POST: wrong-selection  390ms
   ✓ confirms a durable grant through the real Leader POST: wrong-scope  376ms
   ✓ confirms a durable grant through the real Leader POST: stale-policy  387ms
   ✓ confirms a durable grant through the real Leader POST: root-drift  390ms
   ✓ confirms a durable grant through the real Leader POST: corrupt-proposal  412ms
   ✓ confirms a durable grant through the real Leader POST: unsupported-action  376ms
 ✓ tests/integration/phase12/phase12-3-root-registration.test.ts (7 tests) 4201ms
   ✓ closes authorized root registration: normal  753ms
   ✓ closes authorized root registration: interrupted  697ms
   ✓ closes authorized root registration: unapproved  439ms
   ✓ closes authorized root registration: wrong-selection  479ms
   ✓ closes authorized root registration: read-only  480ms
   ✓ closes authorized root registration: native-result-corrupt  682ms
   ✓ closes authorized root registration: existing  671ms
 ✓ tests/integration/phase12/phase12-3-state-binding.test.ts (19 tests) 3078ms
 ✓ packages/runtime/sandbox/test/local-registry-records.test.ts (17 tests) 5ms
 ✓ apps/web/test/intent.test.ts (46 tests) 4ms

 Test Files  5 passed (5)
      Tests  99 passed (99)
   Start at  15:53:17
   Duration  12.97s (transform 246ms, setup 0ms, collect 614ms, tests 11.88s, environment 0ms, prepare 115ms)

