
 RUN  v3.2.7 /Users/logansu/Documents/Dev/Agora

 ✓ tests/integration/phase12/phase12-3-grant.test.ts (10 tests) 5498ms
   ✓ confirms a durable grant through the real Leader POST: normal  1811ms
   ✓ confirms a durable grant through the real Leader POST: before  476ms
   ✓ confirms a durable grant through the real Leader POST: after  487ms
   ✓ confirms a durable grant through the real Leader POST: wrong-hash  385ms
   ✓ confirms a durable grant through the real Leader POST: wrong-selection  371ms
   ✓ confirms a durable grant through the real Leader POST: wrong-scope  393ms
   ✓ confirms a durable grant through the real Leader POST: stale-policy  396ms
   ✓ confirms a durable grant through the real Leader POST: root-drift  405ms
   ✓ confirms a durable grant through the real Leader POST: corrupt-proposal  389ms
   ✓ confirms a durable grant through the real Leader POST: unsupported-action  384ms
 ✓ tests/integration/phase12/phase12-3-state-binding.test.ts (19 tests) 3117ms
 ✓ tests/integration/phase12/phase12-3-version.test.ts (3 tests) 1423ms
   ✓ captures immutable file inputs and refuses incomplete evidence: normal  560ms
   ✓ captures immutable file inputs and refuses incomplete evidence: changed  443ms
   ✓ captures immutable file inputs and refuses incomplete evidence: revoke  420ms
 ✓ packages/core/orchestration/test/global-scheduler.test.ts (10 tests) 4ms

 Test Files  4 passed (4)
      Tests  42 passed (42)
   Start at  16:17:14
   Duration  11.18s (transform 248ms, setup 0ms, collect 754ms, tests 10.04s, environment 0ms, prepare 99ms)

