
 RUN  v3.2.7 /Users/logansu/Documents/Dev/Agora

 ❯ tests/integration/phase12/phase12-3-grant.test.ts (13 tests | 2 failed) 20996ms
   ✓ confirms a durable grant through the real Leader POST: normal  4395ms
   × confirms a durable grant through the real Leader POST: batch 5013ms
     → Test timed out in 5000ms.
If this is a long-running test, pass a timeout value as the last argument or configure it globally with "testTimeout".
   ✓ confirms a durable grant through the real Leader POST: batch-partial  4146ms
   × confirms a durable grant through the real Leader POST: batch-read-drift 3746ms
     → expected 'applied' to be 'partial' // Object.is equality
   ✓ confirms a durable grant through the real Leader POST: before  475ms
   ✓ confirms a durable grant through the real Leader POST: after  478ms
   ✓ confirms a durable grant through the real Leader POST: wrong-hash  386ms
   ✓ confirms a durable grant through the real Leader POST: wrong-selection  420ms
   ✓ confirms a durable grant through the real Leader POST: wrong-scope  374ms
   ✓ confirms a durable grant through the real Leader POST: stale-policy  396ms
   ✓ confirms a durable grant through the real Leader POST: root-drift  407ms
   ✓ confirms a durable grant through the real Leader POST: corrupt-proposal  367ms
   ✓ confirms a durable grant through the real Leader POST: unsupported-action  391ms

⎯⎯⎯⎯⎯⎯⎯ Failed Tests 2 ⎯⎯⎯⎯⎯⎯⎯

 FAIL  tests/integration/phase12/phase12-3-grant.test.ts > confirms a durable grant through the real Leader POST: batch
Error: Test timed out in 5000ms.
If this is a long-running test, pass a timeout value as the last argument or configure it globally with "testTimeout".
 ❯ tests/integration/phase12/phase12-3-grant.test.ts:59:3
     57|   'unsupported-action',
     58| ])
     59|   it(`confirms a durable grant through the real Leader POST: ${scenari…
       |   ^
     60|     const base = mkdtempSync('/private/tmp/agora-task123-validation-'),
     61|       identity = lstatSync(base);

⎯⎯⎯⎯⎯⎯⎯⎯⎯⎯⎯⎯⎯⎯⎯⎯⎯⎯⎯⎯⎯⎯⎯⎯[1/2]⎯

 FAIL  tests/integration/phase12/phase12-3-grant.test.ts > confirms a durable grant through the real Leader POST: batch-read-drift
AssertionError: expected 'applied' to be 'partial' // Object.is equality

Expected: "partial"
Received: "applied"

 ❯ tests/integration/phase12/phase12-3-grant.test.ts:439:39
    437|                 if (scenario !== 'batch') {
    438|                   expect(raced).toBe(true);
    439|                   expect(batch.stage).toBe('partial');
       |                                       ^
    440|                   expect(batch.effect).toBe(true);
    441|                   expect(batch.needsAttention).toBe(true);

⎯⎯⎯⎯⎯⎯⎯⎯⎯⎯⎯⎯⎯⎯⎯⎯⎯⎯⎯⎯⎯⎯⎯⎯[2/2]⎯


 Test Files  1 failed (1)
      Tests  2 failed | 11 passed (13)
   Start at  16:37:56
   Duration  21.55s (transform 238ms, setup 0ms, collect 441ms, tests 21.00s, environment 0ms, prepare 26ms)

