
 RUN  v3.2.7 /Users/logansu/Documents/Dev/Agora

 ❯ tests/integration/phase12/phase12-3-grant.test.ts (14 tests | 3 failed) 23536ms
   × confirms a durable grant through the real Leader POST: normal 5003ms
     → Test timed out in 5000ms.
If this is a long-running test, pass a timeout value as the last argument or configure it globally with "testTimeout".
   ✓ confirms a durable grant through the real Leader POST: batch  4540ms
   ✓ confirms a durable grant through the real Leader POST: batch-partial  4311ms
   × confirms a durable grant through the real Leader POST: batch-read-drift 5143ms
     → Test timed out in 5000ms.
If this is a long-running test, pass a timeout value as the last argument or configure it globally with "testTimeout".
   × confirms a durable grant through the real Leader POST: batch-stale 510ms
     → expected 2 to be +0 // Object.is equality
   ✓ confirms a durable grant through the real Leader POST: before  519ms
   ✓ confirms a durable grant through the real Leader POST: after  506ms
   ✓ confirms a durable grant through the real Leader POST: wrong-hash  428ms
   ✓ confirms a durable grant through the real Leader POST: wrong-selection  476ms
   ✓ confirms a durable grant through the real Leader POST: wrong-scope  409ms
   ✓ confirms a durable grant through the real Leader POST: stale-policy  422ms
   ✓ confirms a durable grant through the real Leader POST: root-drift  448ms
   ✓ confirms a durable grant through the real Leader POST: corrupt-proposal  433ms
   ✓ confirms a durable grant through the real Leader POST: unsupported-action  387ms

⎯⎯⎯⎯⎯⎯⎯ Failed Tests 3 ⎯⎯⎯⎯⎯⎯⎯

 FAIL  tests/integration/phase12/phase12-3-grant.test.ts > confirms a durable grant through the real Leader POST: normal
 FAIL  tests/integration/phase12/phase12-3-grant.test.ts > confirms a durable grant through the real Leader POST: batch-read-drift
Error: Test timed out in 5000ms.
If this is a long-running test, pass a timeout value as the last argument or configure it globally with "testTimeout".
 ❯ tests/integration/phase12/phase12-3-grant.test.ts:60:3
     58|   'unsupported-action',
     59| ])
     60|   it(`confirms a durable grant through the real Leader POST: ${scenari…
       |   ^
     61|     const base = mkdtempSync('/private/tmp/agora-task123-validation-'),
     62|       identity = lstatSync(base);

⎯⎯⎯⎯⎯⎯⎯⎯⎯⎯⎯⎯⎯⎯⎯⎯⎯⎯⎯⎯⎯⎯⎯⎯[1/3]⎯

 FAIL  tests/integration/phase12/phase12-3-grant.test.ts > confirms a durable grant through the real Leader POST: batch-stale
AssertionError: expected 2 to be +0 // Object.is equality

- Expected
+ Received

- 0
+ 2

 ❯ tests/integration/phase12/phase12-3-grant.test.ts:588:55
    586|           }
    587|         } else {
    588|           expect((await control.snapshot()).revision).toBe(0);
       |                                                       ^
    589|           expect((await runtime.store.load(scope))?.localExecution).to…
    590|           expect(eventStates).toHaveLength(0);

⎯⎯⎯⎯⎯⎯⎯⎯⎯⎯⎯⎯⎯⎯⎯⎯⎯⎯⎯⎯⎯⎯⎯⎯[2/3]⎯


 Test Files  1 failed (1)
      Tests  3 failed | 11 passed (14)
   Start at  16:39:28
   Duration  24.23s (transform 252ms, setup 0ms, collect 574ms, tests 23.54s, environment 0ms, prepare 34ms)

