{
  eligible: 152,
  retained: [
    {
      path: '/private/var/folders/_r/6dh_2jf542d4p97jl9nqwk480000gn/T/agora105-driver-9dOShW',
      reason: 'Source, ownership or quiescence not proven'
    },
    {
      path: '/private/var/folders/_r/6dh_2jf542d4p97jl9nqwk480000gn/T/agora105-driver-JaFMX1',
      reason: 'Source, ownership or quiescence not proven'
    },
    {
      path: '/private/var/folders/_r/6dh_2jf542d4p97jl9nqwk480000gn/T/agora105-driver-YWvmwL',
      reason: 'Source, ownership or quiescence not proven'
    },
    {
      path: '/private/var/folders/_r/6dh_2jf542d4p97jl9nqwk480000gn/T/agora105-driver-amkfuT',
      reason: 'Source, ownership or quiescence not proven'
    },
    {
      path: '/private/var/folders/_r/6dh_2jf542d4p97jl9nqwk480000gn/T/agora105-driver-bQugVr',
      reason: 'Source, ownership or quiescence not proven'
    },
    {
      path: '/private/var/folders/_r/6dh_2jf542d4p97jl9nqwk480000gn/T/agora105-driver-bejH70',
      reason: 'Source, ownership or quiescence not proven'
    },
    {
      path: '/private/var/folders/_r/6dh_2jf542d4p97jl9nqwk480000gn/T/agora105-driver-g6ARop',
      reason: 'Source, ownership or quiescence not proven'
    },
    {
      path: '/private/var/folders/_r/6dh_2jf542d4p97jl9nqwk480000gn/T/agora105-driver-zTsNxY',
      reason: 'Source, ownership or quiescence not proven'
    },
    {
      path: '/private/var/folders/_r/6dh_2jf542d4p97jl9nqwk480000gn/T/agora-sandbox-trash/agora-docker-archive-rerun-2a3d52fc5baec10a-Lv7Oei',
      reason: 'Source, ownership or quiescence not proven'
    },
    {
      path: '/private/var/folders/_r/6dh_2jf542d4p97jl9nqwk480000gn/T/agora-sandbox-trash/agora-docker-boundary-931534c0c145d0a9-uz52cD',
      reason: 'Source, ownership or quiescence not proven'
    },
    {
      path: '/private/var/folders/_r/6dh_2jf542d4p97jl9nqwk480000gn/T/agora-sandbox-trash/agora-docker-docker-task-a-a7f00ee7ddf4f5e1-xFqC2n',
      reason: 'Source, ownership or quiescence not proven'
    },
    {
      path: '/private/var/folders/_r/6dh_2jf542d4p97jl9nqwk480000gn/T/agora-sandbox-trash/agora-docker-docker-task-b-d25661ad3ae49b6a-aNxZsn',
      reason: 'Source, ownership or quiescence not proven'
    },
    {
      path: '/private/var/folders/_r/6dh_2jf542d4p97jl9nqwk480000gn/T/agora-sandbox-trash/agora-docker-docker-task-c-61f69f7cc46b5a9e-Ur2tVI',
      reason: 'Source, ownership or quiescence not proven'
    },
    {
      path: '/private/var/folders/_r/6dh_2jf542d4p97jl9nqwk480000gn/T/agora-sandbox-trash/agora-docker-docker-task-concurrent-b54eb151cc6e7a66-CznBR9',
      reason: 'Source, ownership or quiescence not proven'
    },
    {
      path: '/private/var/folders/_r/6dh_2jf542d4p97jl9nqwk480000gn/T/agora-sandbox-trash/agora-docker-docker-task-d-7305e0c64bd98e17-J87bW3',
      reason: 'Source, ownership or quiescence not proven'
    },
    {
      path: '/private/var/folders/_r/6dh_2jf542d4p97jl9nqwk480000gn/T/agora-sandbox-trash/agora-docker-docker-task-e-1cf7c4dfe0affab3-I4VLrg',
      reason: 'Source, ownership or quiescence not proven'
    },
    {
      path: '/private/var/folders/_r/6dh_2jf542d4p97jl9nqwk480000gn/T/agora-sandbox-trash/agora-docker-docker-task-f-54f7828fc2787239-xa9xlv',
      reason: 'Source, ownership or quiescence not proven'
    },
    {
      path: '/private/var/folders/_r/6dh_2jf542d4p97jl9nqwk480000gn/T/agora-sandbox-trash/agora-docker-docker-task-g-dc8cfd081a8df45a-jz2ZrR',
      reason: 'Source, ownership or quiescence not proven'
    },
    {
      path: '/private/var/folders/_r/6dh_2jf542d4p97jl9nqwk480000gn/T/agora-sandbox-trash/agora-docker-docker-task-h-e65f68a0610371eb-p0pazE',
      reason: 'Source, ownership or quiescence not proven'
    },
    {
      path: '/private/var/folders/_r/6dh_2jf542d4p97jl9nqwk480000gn/T/agora-sandbox-trash/agora-docker-docker-task-i-ecc9cbd681e828ba-iawOu4',
      reason: 'Source, ownership or quiescence not proven'
    },
    {
      path: '/private/var/folders/_r/6dh_2jf542d4p97jl9nqwk480000gn/T/agora-sandbox-trash/agora-docker-docker-task-j-a667f8ca1149781b-d8Inr6',
      reason: 'Source, ownership or quiescence not proven'
    },
    {
      path: '/private/var/folders/_r/6dh_2jf542d4p97jl9nqwk480000gn/T/agora-sandbox-trash/agora-docker-docker-task-k-40155738a74ff1ba-DlJ0R3',
      reason: 'Source, ownership or quiescence not proven'
    },
    {
      path: '/private/var/folders/_r/6dh_2jf542d4p97jl9nqwk480000gn/T/agora-sandbox-trash/agora-docker-docker-task-owner-c2d1f757ff586fbf-E0qYoh',
      reason: 'Source, ownership or quiescence not proven'
    },
    {
      path: '/private/var/folders/_r/6dh_2jf542d4p97jl9nqwk480000gn/T/agora-sandbox-trash/agora-docker-docker-task-role-collide-2f741c0f4a82e868-cem3b4',
      reason: 'Source, ownership or quiescence not proven'
    },
    {
      path: '/private/var/folders/_r/6dh_2jf542d4p97jl9nqwk480000gn/T/agora-sandbox-trash/agora-docker-docker-task-teardown-36b5cd22dc42d289-i5l56z',
      reason: 'Source, ownership or quiescence not proven'
    },
    {
      path: '/private/var/folders/_r/6dh_2jf542d4p97jl9nqwk480000gn/T/agora-sandbox-trash/agora-docker-exit-1-docker-a0e4d60c537f3a3d-Ku9kum',
      reason: 'Source, ownership or quiescence not proven'
    },
    {
      path: '/private/var/folders/_r/6dh_2jf542d4p97jl9nqwk480000gn/T/agora-sandbox-trash/agora-docker-exit-verification-ef87eeff33e92da8-RPRlKh',
      reason: 'Source, ownership or quiescence not proven'
    },
    {
      path: '/private/var/folders/_r/6dh_2jf542d4p97jl9nqwk480000gn/T/agora-sandbox-trash/agora-docker-fresh-verification-f68dac4d3c6ba268-vgbpLS',
      reason: 'Source, ownership or quiescence not proven'
    },
    {
      path: '/private/var/folders/_r/6dh_2jf542d4p97jl9nqwk480000gn/T/agora-sandbox-trash/agora-docker-original-0682c5f2076f099c-cYjaci',
      reason: 'Source, ownership or quiescence not proven'
    },
    {
      path: '/private/var/folders/_r/6dh_2jf542d4p97jl9nqwk480000gn/T/agora-sandbox-trash/agora-docker-phase5-artifact-verification-6adebed040a30d56-NTPULx',
      reason: 'Source, ownership or quiescence not proven'
    },
    {
      path: '/private/var/folders/_r/6dh_2jf542d4p97jl9nqwk480000gn/T/agora-sandbox-trash/agora-docker-resilience-task-ee99c1b5f3c39a46-pvWo0n',
      reason: 'Source, ownership or quiescence not proven'
    }
  ],
  logicalBytes: 1528191
}
