
 RUN  v3.2.7 /Users/logansu/Documents/Dev/Agora

 ✓ tests/integration/phase12/phase12-3-command-binding.test.ts (12 tests) 7843ms
   ✓ stops registered execution when grant-revision changes  766ms
   ✓ stops registered execution when worker changes  789ms
   ✓ stops registered execution when writer-epoch changes  716ms
   ✓ stops registered execution when authority-error changes  756ms
   ✓ refuses to release project code after a root is replaced  586ms
   ✓ stops on ancestor relocation and never follows the moved directory  714ms
   ✓ rejects command arguments that differ from the captured binding  301ms
   ✓ rechecks authority at completion instead of accepting a successful process exit  694ms
   ✓ never executes a replaced process-control helper even during cleanup  1151ms
   ✓ rejects old journal formats and malformed persisted root bindings  769ms
 ✓ tests/integration/phase12/phase12-3-command-start.test.ts (12 tests) 7958ms
   ✓ registers the suspended executable before any constructor or project code runs  725ms
   ✓ keeps project code suspended when the release authorization is revoked  617ms
   ✓ does not release the executable when durable registration fails  615ms
   ✓ closes the bootstrap control channel and inherited extra descriptors before project code  717ms
   ✓ records a failed exec without releasing any project code  569ms
   ✓ rechecks durable state after the authorization callback before releasing the executable  590ms
   ✓ keeps the real executable signal separate from the successful bootstrap exit  721ms
   ✓ persists the executable result independently of the bootstrap and survives reopening  918ms
   ✓ never overwrites a terminal launch fact and rejects stale revisions  726ms
   ✓ rejects persisted launch facts that contradict identities or release state  732ms
   ✓ preserves observed process facts without claiming a launch receipt when final persistence is blocked  728ms

 Test Files  2 passed (2)
      Tests  24 passed (24)
   Start at  11:12:05
   Duration  16.08s (transform 52ms, setup 0ms, collect 73ms, tests 15.80s, environment 0ms, prepare 49ms)

