
 RUN  v3.2.7 /Users/logansu/Documents/Dev/Agora

 ❯ tests/integration/phase12/phase12-3-command-start.test.ts (11 tests | 3 failed) 7841ms
   ✓ registers the suspended executable before any constructor or project code runs  1462ms
   ✓ keeps project code suspended when the release authorization is revoked  608ms
   ✓ does not release the executable when durable registration fails  624ms
   ✓ closes the bootstrap control channel and inherited extra descriptors before project code  801ms
   ✓ records a failed exec without releasing any project code  576ms
   ✓ rejects policy drift at admission without creating a bootstrap process 293ms
   ✓ rechecks durable state after the authorization callback before releasing the executable  584ms
   ✓ keeps the real executable signal separate from the successful bootstrap exit  716ms
   × persists the executable result independently of the bootstrap and survives reopening 713ms
     → expected undefined to be true // Object.is equality
   × never overwrites a terminal launch fact and rejects stale revisions 777ms
     → expected undefined to deeply equal [ …(2) ]
   × rejects persisted launch facts that contradict identities or release state 686ms
     → expected undefined to deeply equal [ 'invalid_command_journal', …(3) ]

⎯⎯⎯⎯⎯⎯⎯ Failed Tests 3 ⎯⎯⎯⎯⎯⎯⎯

 FAIL  tests/integration/phase12/phase12-3-command-start.test.ts > persists the executable result independently of the bootstrap and survives reopening
AssertionError: expected undefined to be true // Object.is equality

- Expected: 
true

+ Received: 
undefined

 ❯ tests/integration/phase12/phase12-3-command-start.test.ts:73:39
     71| it('persists the executable result independently of the bootstrap and …
     72|   const result = await probeLocalCommandStart('run');
     73|   expect(result.result.launchDurable).toBe(true);
       |                                       ^
     74|   expect(result.reopenedRecord).toEqual(result.record);
     75|   expect(result.record?.launchReceipt).toMatchObject({

⎯⎯⎯⎯⎯⎯⎯⎯⎯⎯⎯⎯⎯⎯⎯⎯⎯⎯⎯⎯⎯⎯⎯⎯[1/3]⎯

 FAIL  tests/integration/phase12/phase12-3-command-start.test.ts > never overwrites a terminal launch fact and rejects stale revisions
AssertionError: expected undefined to deeply equal [ …(2) ]

- Expected: 
[
  "command_launch_already_recorded",
  "command_revision_conflict",
]

+ Received: 
undefined

 ❯ tests/integration/phase12/phase12-3-command-start.test.ts:87:32
     85| it('never overwrites a terminal launch fact and rejects stale revision…
     86|   const result = await probeLocalCommandStart('receipt-replay');
     87|   expect(result.receiptChecks).toEqual([
       |                                ^
     88|     'command_launch_already_recorded',
     89|     'command_revision_conflict',

⎯⎯⎯⎯⎯⎯⎯⎯⎯⎯⎯⎯⎯⎯⎯⎯⎯⎯⎯⎯⎯⎯⎯⎯[2/3]⎯

 FAIL  tests/integration/phase12/phase12-3-command-start.test.ts > rejects persisted launch facts that contradict identities or release state
AssertionError: expected undefined to deeply equal [ 'invalid_command_journal', …(3) ]

- Expected: 
[
  "invalid_command_journal",
  "invalid_command_journal",
  "invalid_command_journal",
  "invalid_command_journal",
]

+ Received: 
undefined

 ❯ tests/integration/phase12/phase12-3-command-start.test.ts:97:32
     95| it('rejects persisted launch facts that contradict identities or relea…
     96|   const result = await probeLocalCommandStart('receipt-corrupt');
     97|   expect(result.receiptChecks).toEqual([
       |                                ^
     98|     'invalid_command_journal',
     99|     'invalid_command_journal',

⎯⎯⎯⎯⎯⎯⎯⎯⎯⎯⎯⎯⎯⎯⎯⎯⎯⎯⎯⎯⎯⎯⎯⎯[3/3]⎯


 Test Files  1 failed (1)
      Tests  3 failed | 8 passed (11)
   Start at  11:08:54
   Duration  8.02s (transform 50ms, setup 0ms, collect 58ms, tests 7.84s, environment 0ms, prepare 37ms)

