
 RUN  v3.2.7 /Users/logansu/Documents/Dev/Agora

 ❯ tests/integration/phase12/phase12-3-state-binding.test.ts (18 tests | 5 failed) 3189ms
   ✓ closes both real stores and replays without a second receipt 187ms
   ✓ recovers interruption before the canonical TaskState commit 169ms
   ✓ recovers interruption after the canonical TaskState commit 172ms
   ✓ rejects a non-Leader source before preparing any authority 151ms
   ✓ rejects canonical workspace references absent from the committed registry action 182ms
   ✓ serializes racing bindings and rejects an obsolete registry revision 186ms
   ✓ keeps an interrupted binding blocked when canonical input changed 180ms
   ✓ rejects invalid root/grant data before changing either store 157ms
   ✓ closes a second operation and replays prior immutable evidence 224ms
   ✓ atomically persists the Leader message and binding across normal interruption 212ms
   ✓ atomically persists the Leader message and binding across before interruption 200ms
   ✓ atomically persists the Leader message and binding across after interruption 198ms
   × rejects inconsistent atomic control role before registry preparation 165ms
     → workspace_control_source_invalid
   × rejects inconsistent atomic control payload before registry preparation 163ms
     → workspace_control_source_invalid
   × rejects inconsistent atomic control scope before registry preparation 160ms
     → workspace_control_source_invalid
   × rejects inconsistent atomic control revision before registry preparation 164ms
     → workspace_control_source_invalid
   × rejects inconsistent atomic control message-id before registry preparation 157ms
     → workspace_control_source_invalid
   ✓ refuses to adopt a separately persisted atomic Leader message 162ms
 ✓ tests/integration/phase12/phase12-3-root-registration.test.ts (7 tests) 4792ms
   ✓ closes authorized root registration: normal  1075ms
   ✓ closes authorized root registration: interrupted  794ms
   ✓ closes authorized root registration: unapproved  482ms
   ✓ closes authorized root registration: wrong-selection  614ms
   ✓ closes authorized root registration: read-only  475ms
   ✓ closes authorized root registration: native-result-corrupt  739ms
   ✓ closes authorized root registration: existing  612ms
 ✓ packages/runtime/sandbox/test/local-registry-records.test.ts (17 tests) 5ms

⎯⎯⎯⎯⎯⎯⎯ Failed Tests 5 ⎯⎯⎯⎯⎯⎯⎯

 FAIL  tests/integration/phase12/phase12-3-state-binding.test.ts > rejects inconsistent atomic control role before registry preparation
 FAIL  tests/integration/phase12/phase12-3-state-binding.test.ts > rejects inconsistent atomic control payload before registry preparation
 FAIL  tests/integration/phase12/phase12-3-state-binding.test.ts > rejects inconsistent atomic control message-id before registry preparation
Error: workspace_control_source_invalid
 ❯ reject packages/runtime/sandbox/src/local-registry-records.ts:308:11
    306| ): asserts message is Message {
    307|   const reject = () => {
    308|     throw new Error('workspace_control_source_invalid');
       |           ^
    309|   };
    310|   if (!isMessage(message)) return reject();
 ❯ assertLocalControlMessage packages/runtime/sandbox/src/local-registry-records.ts:324:12
 ❯ LocalBindingCoordinator.commitBinding packages/runtime/sandbox/src/local-binding-coordinator.ts:137:7
 ❯ tests/integration/phase12/phase12-3-state-binding.test.ts:376:28
 ❯ fixture tests/integration/phase12/phase12-3-state-binding.test.ts:74:11

⎯⎯⎯⎯⎯⎯⎯⎯⎯⎯⎯⎯⎯⎯⎯⎯⎯⎯⎯⎯⎯⎯⎯⎯[1/5]⎯

 FAIL  tests/integration/phase12/phase12-3-state-binding.test.ts > rejects inconsistent atomic control scope before registry preparation
 FAIL  tests/integration/phase12/phase12-3-state-binding.test.ts > rejects inconsistent atomic control revision before registry preparation
Error: workspace_control_source_invalid
 ❯ reject packages/runtime/sandbox/src/local-registry-records.ts:308:11
    306| ): asserts message is Message {
    307|   const reject = () => {
    308|     throw new Error('workspace_control_source_invalid');
       |           ^
    309|   };
    310|   if (!isMessage(message)) return reject();
 ❯ assertLocalControlMessage packages/runtime/sandbox/src/local-registry-records.ts:339:5
 ❯ LocalBindingCoordinator.commitBinding packages/runtime/sandbox/src/local-binding-coordinator.ts:137:7
 ❯ tests/integration/phase12/phase12-3-state-binding.test.ts:376:28
 ❯ fixture tests/integration/phase12/phase12-3-state-binding.test.ts:74:11

⎯⎯⎯⎯⎯⎯⎯⎯⎯⎯⎯⎯⎯⎯⎯⎯⎯⎯⎯⎯⎯⎯⎯⎯[2/5]⎯


 Test Files  1 failed | 2 passed (3)
      Tests  5 failed | 37 passed (42)
   Start at  15:38:21
   Duration  8.48s (transform 120ms, setup 0ms, collect 191ms, tests 7.99s, environment 0ms, prepare 75ms)

