
 RUN  v3.2.7 /Users/logansu/Documents/Dev/Agora

 ❯ tests/integration/phase12/phase12-3-state-binding.test.ts (5 tests | 1 failed) 1013ms
   ✓ closes both real stores and replays without a second receipt  330ms
   ✓ recovers interruption before the canonical TaskState commit 197ms
   ✓ recovers interruption after the canonical TaskState commit 170ms
   ✓ rejects a non-Leader source before preparing any authority 141ms
   × rejects canonical workspace references absent from the committed registry action 174ms
     → promise resolved "{ projectId: 'project', …(13) }" instead of rejecting

⎯⎯⎯⎯⎯⎯⎯ Failed Tests 1 ⎯⎯⎯⎯⎯⎯⎯

 FAIL  tests/integration/phase12/phase12-3-state-binding.test.ts > rejects canonical workspace references absent from the committed registry action
AssertionError: promise resolved "{ projectId: 'project', …(13) }" instead of rejecting

- Expected
+ Received

- Error {
-   "message": "rejected promise",
+ {
+   "decisionLedger": [],
+   "goal": "fixed binding task",
+   "handoffPackets": [],
+   "iterationCount": 0,
+   "localExecution": {
+     "bindings": [],
+     "receipts": [
+       {
+         "actionId": "bind",
+         "inputHash": "7beea66b3570af606a74a43c7cd38397681e13ebf8ec82f26209b109bbd916d5",
+         "receiptId": "binding:bind",
+         "registryRevision": 1,
+       },
+     ],
+     "rootIds": [
+       "unregistered",
+     ],
+     "schemaVersion": "local-execution-v1",
+     "workspaces": [
+       {
+         "baselineManifestId": "manifest",
+         "grantId": "unregistered",
+         "mode": "direct",
+         "projectId": "project",
+         "purpose": "coding",
+         "rootId": "unregistered",
+         "schemaVersion": "workspace-v1",
+         "taskId": "task",
+         "workspaceId": "forged",
+       },
+     ],
+   },
+   "messages": [
+     {
+       "channelId": "main",
+       "display": "Fixed control test",
+       "fromRole": "leader",
+       "msgId": "leader-message",
+       "payload": {},
+       "ts": 1,
+       "type": "chat",
+     },
+   ],
+   "objections": [],
+   "phase": "clarifying",
+   "projectId": "project",
+   "requirements": [],
+   "reviewComments": [],
+   "subtasks": [],
+   "taskId": "task",
+   "workers": [],
  }

 ❯ tests/integration/phase12/phase12-3-state-binding.test.ts:229:45
    227|     };
    228|     await store.commit(scope, [{ op: 'set', field: 'localExecution', v…
    229|     await expect(control.assertClosed(scope)).rejects.toThrow('workspa…
       |                                             ^
    230|   }));
    231| 
 ❯ fixture tests/integration/phase12/phase12-3-state-binding.test.ts:68:5

⎯⎯⎯⎯⎯⎯⎯⎯⎯⎯⎯⎯⎯⎯⎯⎯⎯⎯⎯⎯⎯⎯⎯⎯[1/1]⎯


 Test Files  1 failed (1)
      Tests  1 failed | 4 passed (5)
   Start at  14:16:36
   Duration  1.25s (transform 97ms, setup 0ms, collect 122ms, tests 1.01s, environment 0ms, prepare 31ms)

