
 RUN  v3.2.7 /Users/logansu/Documents/Dev/Agora

 ❯ tests/integration/phase12/phase12-3-state-binding.test.ts (19 tests | 1 failed) 3112ms
   ✓ closes both real stores and replays without a second receipt 196ms
   ✓ recovers interruption before the canonical TaskState commit 177ms
   ✓ recovers interruption after the canonical TaskState commit 181ms
   ✓ rejects a non-Leader source before preparing any authority 157ms
   ✓ rejects canonical workspace references absent from the committed registry action 174ms
   ✓ serializes racing bindings and rejects an obsolete registry revision 164ms
   ✓ keeps an interrupted binding blocked when canonical input changed 157ms
   ✓ rejects invalid root/grant data before changing either store 137ms
   ✓ closes a second operation and replays prior immutable evidence 231ms
   ✓ atomically persists the Leader message and binding across normal interruption 183ms
   ✓ atomically persists the Leader message and binding across before interruption 179ms
   ✓ atomically persists the Leader message and binding across after interruption 190ms
   ✓ rejects inconsistent atomic control role before registry preparation 138ms
   ✓ rejects inconsistent atomic control payload before registry preparation 137ms
   ✓ rejects inconsistent atomic control scope before registry preparation 141ms
   ✓ rejects inconsistent atomic control revision before registry preparation 139ms
   ✓ rejects inconsistent atomic control message-id before registry preparation 146ms
   ✓ refuses to adopt a separately persisted atomic Leader message 142ms
   × persists immutable control objects by content and verifies them after reopening 141ms
     → objects.putBytes is not a function

⎯⎯⎯⎯⎯⎯⎯ Failed Tests 1 ⎯⎯⎯⎯⎯⎯⎯

 FAIL  tests/integration/phase12/phase12-3-state-binding.test.ts > persists immutable control objects by content and verifies them after reopening
TypeError: objects.putBytes is not a function
 ❯ tests/integration/phase12/phase12-3-state-binding.test.ts:399:33
    397|     const objects = await LocalControlObjects.open(owner);
    398|     const bytes = Buffer.from([0, 255, 128, 1]);
    399|     const storedBytes = objects.putBytes(bytes);
       |                                 ^
    400|     bytes.fill(7);
    401|     const bytesHash = await storedBytes;
 ❯ fixture tests/integration/phase12/phase12-3-state-binding.test.ts:75:5

⎯⎯⎯⎯⎯⎯⎯⎯⎯⎯⎯⎯⎯⎯⎯⎯⎯⎯⎯⎯⎯⎯⎯⎯[1/1]⎯


 Test Files  1 failed (1)
      Tests  1 failed | 18 passed (19)
   Start at  15:55:42
   Duration  3.35s (transform 104ms, setup 0ms, collect 134ms, tests 3.11s, environment 0ms, prepare 26ms)

