
 RUN  v3.2.7 /Users/logansu/Documents/Dev/Agora

 ❯ apps/web/test/intent.test.ts (46 tests | 2 failed) 9ms
   ✓ rejects unscoped role overrides of an adopted parallel plan without claiming an applied action 1ms
   ✓ parseLeaderIntent > recognizes only a single leading mention as a deterministic assignment 0ms
   ✓ parseLeaderIntent > rejects malformed or multi-target leading mentions 0ms
   ✓ parseLeaderIntent > parses strict Phase 9 requirement, decision, and priority commands 0ms
   ✓ parseLeaderIntent > rejects malformed Phase 9 command /requirement req-1 0ms
   ✓ parseLeaderIntent > rejects malformed Phase 9 command /requirement bad/id {"story":"x","acceptance":["y"],"nonGoals":[]} 0ms
   ✓ parseLeaderIntent > rejects malformed Phase 9 command /requirement req-1 {"story":"x","acceptance":[],"nonGoals":[]} 0ms
   ✓ parseLeaderIntent > rejects malformed Phase 9 command /requirement req-1 {"story":"x","acceptance":["y"],"nonGoals":[],"extra":true} 0ms
   ✓ parseLeaderIntent > rejects malformed Phase 9 command /decision cache-policy {"decision":"Use LRU","rationale":""} 0ms
   ✓ parseLeaderIntent > rejects malformed Phase 9 command /decision bad/topic {"decision":"Use LRU","rationale":"why"} 0ms
   ✓ parseLeaderIntent > rejects malformed Phase 9 command /decision cache-policy {"topic":"other","decision":"Use LRU","rationale":"why"} 0ms
   ✓ parseLeaderIntent > rejects malformed Phase 9 command /priority sub-1 -1 0ms
   ✓ parseLeaderIntent > rejects malformed Phase 9 command /priority sub-1 101 0ms
   ✓ parseLeaderIntent > rejects malformed Phase 9 command /priority sub-1 1.5 0ms
   ✓ parseLeaderIntent > rejects malformed Phase 9 command /priority sub-1 10 trailing 0ms
   ✓ parseLeaderIntent > parses strict Phase 6 channel open and close commands 0ms
   ✓ parseLeaderIntent > parses the strict Phase 7 role departure command 0ms
   ✓ parseLeaderIntent > parses the strict Phase 7 role onboarding command 0ms
   ✓ parseLeaderIntent > parses only gate-bound Phase 8 resolution commands 0ms
   ✓ parseLeaderIntent > parses objection rulings with a free-text Leader rationale 0ms
   ✓ parseLeaderIntent > parses completion approval with optional rationale and requires rework rationale 0ms
   ✓ parseLeaderIntent > rejects malformed role departure command /role 0ms
   ✓ parseLeaderIntent > rejects malformed role departure command /role remove 0ms
   ✓ parseLeaderIntent > rejects malformed role departure command /role remove CODER to 0ms
   ✓ parseLeaderIntent > rejects malformed role departure command /role remove CODER TESTER 0ms
   ✓ parseLeaderIntent > rejects malformed role departure command /role disable CODER 0ms
   ✓ parseLeaderIntent > rejects malformed role departure command /role remove @CODER 0ms
   ✓ parseLeaderIntent > rejects malformed role departure command /role onboard 0ms
   ✓ parseLeaderIntent > rejects malformed role departure command /role onboard TESTER from 0ms
   ✓ parseLeaderIntent > rejects malformed role departure command /role onboard TESTER role-departure:remove-coder 0ms
   ✓ parseLeaderIntent > rejects malformed role departure command /role onboard @TESTER 0ms
   ✓ parseLeaderIntent > rejects malformed channel command /channel 0ms
   ✓ parseLeaderIntent > rejects malformed channel command /channel open 0ms
   ✓ parseLeaderIntent > rejects malformed channel command /channel open CODER 0ms
   ✓ parseLeaderIntent > rejects malformed channel command /channel open CODER, Cache race 0ms
   ✓ parseLeaderIntent > rejects malformed channel command /channel close 0ms
   ✓ parseLeaderIntent > rejects malformed channel command /channel close sub-a trailing 0ms
   ✓ parseLeaderIntent > rejects malformed channel command /channel archive sub-a 0ms
   ✓ parseLeaderIntent > rejects unknown slash commands instead of silently treating them as chat 0ms
   ✓ planLeaderIntent > maps a valid enabled-role assignment to nextRole 0ms
   ✓ planLeaderIntent > maps a valid enabled-role onboarding intent to nextRole 0ms
   ✓ planLeaderIntent > rejects roles absent from the enabled role definitions without producing mutations 0ms
   ✓ planLeaderIntent > does not let an assignment bypass done or humanGate state 0ms
   ✓ planLeaderIntent > reports chat, deferred, and invalid input without state mutations 0ms
   × workspace control transport boundary > parses a closed workspace action and refuses execution without a bound controller 4ms
     → expected { kind: 'invalid', …(1) } to match object { kind: 'workspace_control', …(2) }
(1 matching property omitted from actual)
   × workspace control transport boundary > rejects duplicate scope keys and unknown workspace fields 0ms
     → expected { kind: 'invalid', …(1) } to deeply equal { kind: 'invalid', …(1) }

⎯⎯⎯⎯⎯⎯⎯ Failed Tests 2 ⎯⎯⎯⎯⎯⎯⎯

 FAIL  apps/web/test/intent.test.ts > workspace control transport boundary > parses a closed workspace action and refuses execution without a bound controller
AssertionError: expected { kind: 'invalid', …(1) } to match object { kind: 'workspace_control', …(2) }
(1 matching property omitted from actual)

- Expected
+ Received

  {
-   "grantId": "grant",
-   "kind": "workspace_control",
-   "verb": "revoke",
+   "kind": "invalid",
  }

 ❯ apps/web/test/intent.test.ts:396:20
    394|   it('parses a closed workspace action and refuses execution without a…
    395|     const intent = parseLeaderIntent(command);
    396|     expect(intent).toMatchObject({ kind: 'workspace_control', verb: 'r…
       |                    ^
    397|     expect(planLeaderIntent(intent, createInitialAppState('task', 'goa…
    398|       intent, action: { status: 'rejected', reason: 'workspace_control…

⎯⎯⎯⎯⎯⎯⎯⎯⎯⎯⎯⎯⎯⎯⎯⎯⎯⎯⎯⎯⎯⎯⎯⎯[1/2]⎯

 FAIL  apps/web/test/intent.test.ts > workspace control transport boundary > rejects duplicate scope keys and unknown workspace fields
AssertionError: expected { kind: 'invalid', …(1) } to deeply equal { kind: 'invalid', …(1) }

- Expected
+ Received

  {
    "kind": "invalid",
-   "reason": "invalid_workspace_control",
+   "reason": "unknown leader command \"/workspace\"",
  }

 ❯ apps/web/test/intent.test.ts:402:118
    400|   });
    401|   it('rejects duplicate scope keys and unknown workspace fields', () =…
    402|     expect(parseLeaderIntent(command.replace('"projectId":"project"', …
       |                                                                                                                      ^
    403|       kind: 'invalid', reason: 'invalid_workspace_control',
    404|     });

⎯⎯⎯⎯⎯⎯⎯⎯⎯⎯⎯⎯⎯⎯⎯⎯⎯⎯⎯⎯⎯⎯⎯⎯[2/2]⎯


 Test Files  1 failed (1)
      Tests  2 failed | 44 passed (46)
   Start at  14:49:36
   Duration  206ms (transform 74ms, setup 0ms, collect 96ms, tests 9ms, environment 0ms, prepare 26ms)

