
 RUN  v3.2.7 /Users/logansu/Documents/Dev/Agora

 ❯ tests/integration/phase12/phase12-3-grant.test.ts (10 tests | 10 failed) 1743ms
   × confirms a durable grant through the real Leader POST: normal 214ms
     → COORDINATOR must exist and remain enabled
   × confirms a durable grant through the real Leader POST: before 173ms
     → COORDINATOR must exist and remain enabled
   × confirms a durable grant through the real Leader POST: after 170ms
     → COORDINATOR must exist and remain enabled
   × confirms a durable grant through the real Leader POST: wrong-hash 168ms
     → COORDINATOR must exist and remain enabled
   × confirms a durable grant through the real Leader POST: wrong-selection 167ms
     → COORDINATOR must exist and remain enabled
   × confirms a durable grant through the real Leader POST: wrong-scope 169ms
     → COORDINATOR must exist and remain enabled
   × confirms a durable grant through the real Leader POST: stale-policy 172ms
     → COORDINATOR must exist and remain enabled
   × confirms a durable grant through the real Leader POST: root-drift 168ms
     → COORDINATOR must exist and remain enabled
   × confirms a durable grant through the real Leader POST: corrupt-proposal 170ms
     → COORDINATOR must exist and remain enabled
   × confirms a durable grant through the real Leader POST: unsupported-action 169ms
     → COORDINATOR must exist and remain enabled

⎯⎯⎯⎯⎯⎯ Failed Tests 10 ⎯⎯⎯⎯⎯⎯⎯

 FAIL  tests/integration/phase12/phase12-3-grant.test.ts > confirms a durable grant through the real Leader POST: normal
 FAIL  tests/integration/phase12/phase12-3-grant.test.ts > confirms a durable grant through the real Leader POST: before
 FAIL  tests/integration/phase12/phase12-3-grant.test.ts > confirms a durable grant through the real Leader POST: after
 FAIL  tests/integration/phase12/phase12-3-grant.test.ts > confirms a durable grant through the real Leader POST: wrong-hash
 FAIL  tests/integration/phase12/phase12-3-grant.test.ts > confirms a durable grant through the real Leader POST: wrong-selection
 FAIL  tests/integration/phase12/phase12-3-grant.test.ts > confirms a durable grant through the real Leader POST: wrong-scope
 FAIL  tests/integration/phase12/phase12-3-grant.test.ts > confirms a durable grant through the real Leader POST: stale-policy
 FAIL  tests/integration/phase12/phase12-3-grant.test.ts > confirms a durable grant through the real Leader POST: root-drift
 FAIL  tests/integration/phase12/phase12-3-grant.test.ts > confirms a durable grant through the real Leader POST: corrupt-proposal
 FAIL  tests/integration/phase12/phase12-3-grant.test.ts > confirms a durable grant through the real Leader POST: unsupported-action
Error: COORDINATOR must exist and remain enabled
 ❯ assertValidRoster packages/core/domain/src/roster.ts:100:11
     98|   const coordinator = roster.find((entry) => entry.spec.role === 'COOR…
     99|   if (coordinator?.status !== 'enabled') {
    100|     throw new Error('COORDINATOR must exist and remain enabled');
       |           ^
    101|   }
    102| }
 ❯ normalizeSnapshot packages/comm/channels/src/json-project-collaboration-store.ts:281:3
 ❯ JsonProjectCollaborationStore.initialize packages/comm/channels/src/json-project-collaboration-store.ts:44:24
 ❯ JsonProjectChannelStore.initialize packages/comm/channels/src/json-project-channel-store.ts:33:47
 ❯ MessageRuntime.ensureProjectChannels apps/web/src/server/message-runtime.ts:242:26
 ❯ MessageRuntime.initializeState apps/web/src/server/message-runtime.ts:204:16
 ❯ tests/integration/phase12/phase12-3-grant.test.ts:72:21

⎯⎯⎯⎯⎯⎯⎯⎯⎯⎯⎯⎯⎯⎯⎯⎯⎯⎯⎯⎯⎯⎯⎯[1/10]⎯


 Test Files  1 failed (1)
      Tests  10 failed (10)
   Start at  15:45:00
   Duration  2.39s (transform 216ms, setup 0ms, collect 535ms, tests 1.74s, environment 0ms, prepare 31ms)

