
 RUN  v3.2.7 /Users/logansu/Documents/Dev/Agora

 ❯ tests/integration/phase12/phase12-3-state-binding.test.ts (19 tests | 1 failed) 3085ms
   ✓ closes both real stores and replays without a second receipt 195ms
   ✓ recovers interruption before the canonical TaskState commit 180ms
   ✓ recovers interruption after the canonical TaskState commit 172ms
   ✓ rejects a non-Leader source before preparing any authority 158ms
   ✓ rejects canonical workspace references absent from the committed registry action 161ms
   ✓ serializes racing bindings and rejects an obsolete registry revision 170ms
   ✓ keeps an interrupted binding blocked when canonical input changed 153ms
   ✓ rejects invalid root/grant data before changing either store 141ms
   ✓ closes a second operation and replays prior immutable evidence 212ms
   ✓ atomically persists the Leader message and binding across normal interruption 176ms
   ✓ atomically persists the Leader message and binding across before interruption 169ms
   ✓ atomically persists the Leader message and binding across after interruption 183ms
   ✓ rejects inconsistent atomic control role before registry preparation 138ms
   ✓ rejects inconsistent atomic control payload before registry preparation 147ms
   ✓ rejects inconsistent atomic control scope before registry preparation 143ms
   ✓ rejects inconsistent atomic control revision before registry preparation 144ms
   ✓ rejects inconsistent atomic control message-id before registry preparation 145ms
   ✓ refuses to adopt a separately persisted atomic Leader message 139ms
   × persists immutable control objects by content and verifies them after reopening 159ms
     → objects.getReference is not a function

⎯⎯⎯⎯⎯⎯⎯ Failed Tests 1 ⎯⎯⎯⎯⎯⎯⎯

 FAIL  tests/integration/phase12/phase12-3-state-binding.test.ts > persists immutable control objects by content and verifies them after reopening
TypeError: objects.getReference is not a function
 ❯ tests/integration/phase12/phase12-3-state-binding.test.ts:406:26
    404|     const hash = await objects.put(value);
    405|     const referenceKey = digest('fixed-action-reference');
    406|     expect(await objects.getReference(referenceKey)).toBeUndefined();
       |                          ^
    407|     await objects.bindReference(referenceKey, hash);
    408|     expect(await objects.getReference(referenceKey)).toBe(hash);
 ❯ fixture tests/integration/phase12/phase12-3-state-binding.test.ts:75:5

⎯⎯⎯⎯⎯⎯⎯⎯⎯⎯⎯⎯⎯⎯⎯⎯⎯⎯⎯⎯⎯⎯⎯⎯[1/1]⎯


 Test Files  1 failed (1)
      Tests  1 failed | 18 passed (19)
   Start at  16:12:28
   Duration  3.32s (transform 100ms, setup 0ms, collect 126ms, tests 3.09s, environment 0ms, prepare 31ms)

