
 RUN  v3.2.7 /Users/logansu/Documents/Dev/Agora

 ❯ packages/runtime/sandbox/test/local-registry-records.test.ts (12 tests | 1 failed) 6ms
   ✓ closed local registry records > preserves valid records without assigning live authority 1ms
   ✓ closed local registry records > rejects invalid envelope extra 0ms
   ✓ closed local registry records > rejects invalid envelope revision 0ms
   ✓ closed local registry records > rejects invalid envelope schemaVersion 0ms
   ✓ closed local registry records > rejects cross-project grants and unproven root identities 0ms
   ✓ closed local registry records > rejects an incomplete parent chain or staging outside its root 0ms
   ✓ closed local registry records > rejects grant expansion, deletion and revoked identity reuse 1ms
   ✓ closed local registry records > rejects aliased roots even with distinct IDs 0ms
   ✓ closed local registry records > rejects data accessors before serialization 0ms
   × root registration before authorized initialization > accepts an inspected root with no staging capability 2ms
     → invalid_local_registry_records
   ✓ root registration before authorized initialization > refuses workspace registration against an uninitialized root 0ms
   ✓ root registration before authorized initialization > does not permit an unproven staging completion in the generic transition 0ms

⎯⎯⎯⎯⎯⎯⎯ Failed Tests 1 ⎯⎯⎯⎯⎯⎯⎯

 FAIL  packages/runtime/sandbox/test/local-registry-records.test.ts > root registration before authorized initialization > accepts an inspected root with no staging capability
Error: invalid_local_registry_records
 ❯ fail packages/runtime/sandbox/src/local-registry-records.ts:73:9
     71| }
     72| function fail(): never {
     73|   throw new Error('invalid_local_registry_records');
       |         ^
     74| }
     75| const id = (v: unknown): v is string =>
 ❯ object packages/runtime/sandbox/src/local-registry-records.ts:98:5
 ❯ rootRecord packages/runtime/sandbox/src/local-registry-records.ts:188:19
 ❯ parseLocalRegistry packages/runtime/sandbox/src/local-registry-records.ts:320:32
 ❯ packages/runtime/sandbox/test/local-registry-records.test.ts:112:12

⎯⎯⎯⎯⎯⎯⎯⎯⎯⎯⎯⎯⎯⎯⎯⎯⎯⎯⎯⎯⎯⎯⎯⎯[1/1]⎯


 Test Files  1 failed (1)
      Tests  1 failed | 11 passed (12)
   Start at  15:16:22
   Duration  244ms (transform 88ms, setup 0ms, collect 107ms, tests 6ms, environment 0ms, prepare 39ms)

