
 RUN  v3.2.7 /Users/logansu/Documents/Dev/Agora

 ❯ packages/runtime/sandbox/test/local-registry-records.test.ts (16 tests | 3 failed) 8ms
   ✓ closed local registry records > preserves valid records without assigning live authority 1ms
   ✓ closed local registry records > rejects invalid envelope extra 0ms
   ✓ closed local registry records > rejects invalid envelope revision 0ms
   ✓ closed local registry records > rejects invalid envelope schemaVersion 0ms
   ✓ closed local registry records > rejects cross-project grants and unproven root identities 0ms
   ✓ closed local registry records > rejects an incomplete parent chain or staging outside its root 0ms
   ✓ closed local registry records > rejects grant expansion, deletion and revoked identity reuse 1ms
   ✓ closed local registry records > rejects aliased roots even with distinct IDs 0ms
   ✓ closed local registry records > rejects data accessors before serialization 0ms
   ✓ root registration before authorized initialization > accepts an inspected root with no staging capability 0ms
   ✓ root registration before authorized initialization > refuses workspace registration against an uninitialized root 0ms
   ✓ root registration before authorized initialization > does not permit an unproven staging completion in the generic transition 0ms
   × root initialization evidence transitions > publishes staging exactly once after a prepared initialization receipt 3ms
     → expected [Function] to not throw an error but 'Error: invalid_local_registry_records' was thrown
   × root initialization evidence transitions > rejects a new initialized root without its prior operation 0ms
     → expected [Function] to throw an error
   ✓ root initialization evidence transitions > rejects mismatched effect identity and incomplete quiescence 0ms
   × root initialization evidence transitions > retains a failed initialization without opening a workspace 0ms
     → expected [Function] to not throw an error but 'Error: invalid_local_registry_records' was thrown

⎯⎯⎯⎯⎯⎯⎯ Failed Tests 3 ⎯⎯⎯⎯⎯⎯⎯

 FAIL  packages/runtime/sandbox/test/local-registry-records.test.ts > root initialization evidence transitions > publishes staging exactly once after a prepared initialization receipt
AssertionError: expected [Function] to not throw an error but 'Error: invalid_local_registry_records' was thrown

- Expected: 
undefined

+ Received: 
"Error: invalid_local_registry_records"

 ❯ packages/runtime/sandbox/test/local-registry-records.test.ts:153:77
    151|   } }] });
    152|   it('publishes staging exactly once after a prepared initialization r…
    153|     expect(() => assertLocalRegistryTransition(pending(), completed())…
       |                                                                             ^
    154|     const changed = completed(); changed.roots[0] = { ...root, staging…
    155|     expect(() => assertLocalRegistryTransition(completed(), { ...chang…

⎯⎯⎯⎯⎯⎯⎯⎯⎯⎯⎯⎯⎯⎯⎯⎯⎯⎯⎯⎯⎯⎯⎯⎯[1/3]⎯

 FAIL  packages/runtime/sandbox/test/local-registry-records.test.ts > root initialization evidence transitions > rejects a new initialized root without its prior operation
AssertionError: expected [Function] to throw an error

- Expected: 
null

+ Received: 
undefined

 ❯ packages/runtime/sandbox/test/local-registry-records.test.ts:158:121
    156|   });
    157|   it('rejects a new initialized root without its prior operation', () …
    158|     expect(() => assertLocalRegistryTransition({ ...fixture(), roots: …
       |                                                                                                                         ^
    159|   });
    160|   it('rejects mismatched effect identity and incomplete quiescence', (…

⎯⎯⎯⎯⎯⎯⎯⎯⎯⎯⎯⎯⎯⎯⎯⎯⎯⎯⎯⎯⎯⎯⎯⎯[2/3]⎯

 FAIL  packages/runtime/sandbox/test/local-registry-records.test.ts > root initialization evidence transitions > retains a failed initialization without opening a workspace
AssertionError: expected [Function] to not throw an error but 'Error: invalid_local_registry_records' was thrown

- Expected: 
undefined

+ Received: 
"Error: invalid_local_registry_records"

 ❯ packages/runtime/sandbox/test/local-registry-records.test.ts:172:71
    170|       sha256: 'f'.repeat(64), stage: 'recoveryRequired', created: true…
    171|     } }] };
    172|     expect(() => assertLocalRegistryTransition(pending(), value)).not.…
       |                                                                       ^
    173|     expect(() => assertLocalRegistryTransition(value, { ...completed()…
    174|   });

⎯⎯⎯⎯⎯⎯⎯⎯⎯⎯⎯⎯⎯⎯⎯⎯⎯⎯⎯⎯⎯⎯⎯⎯[3/3]⎯


 Test Files  1 failed (1)
      Tests  3 failed | 13 passed (16)
   Start at  15:19:00
   Duration  221ms (transform 84ms, setup 0ms, collect 103ms, tests 8ms, environment 0ms, prepare 32ms)

