
 RUN  v3.2.7 /Users/logansu/Documents/Dev/Agora

 ❯ tests/integration/phase12/phase12-3-version.test.ts (3 tests | 1 failed) 1479ms
   × captures immutable file inputs and refuses incomplete evidence: normal 580ms
     → invalid_workspace_version
   ✓ captures immutable file inputs and refuses incomplete evidence: changed  459ms
   ✓ captures immutable file inputs and refuses incomplete evidence: revoke  439ms

⎯⎯⎯⎯⎯⎯⎯ Failed Tests 1 ⎯⎯⎯⎯⎯⎯⎯

 FAIL  tests/integration/phase12/phase12-3-version.test.ts > captures immutable file inputs and refuses incomplete evidence: normal
Error: invalid_workspace_version
 ❯ LocalVersionStore.read packages/runtime/sandbox/src/local-version-store.ts:176:17
    174|           names.has(entry.name)
    175|         )
    176|           throw Error('invalid_workspace_version');
       |                 ^
    177|         names.add(entry.name);
    178|         const path = directory.path ? `${directory.path}/${entry.name}…
 ❯ tests/integration/phase12/phase12-3-version.test.ts:77:26

⎯⎯⎯⎯⎯⎯⎯⎯⎯⎯⎯⎯⎯⎯⎯⎯⎯⎯⎯⎯⎯⎯⎯⎯[1/1]⎯


 Test Files  1 failed (1)
      Tests  1 failed | 2 passed (3)
   Start at  16:02:02
   Duration  1.72s (transform 101ms, setup 0ms, collect 126ms, tests 1.48s, environment 0ms, prepare 32ms)

