{
  eligible: 152,
  retained: [
    {
      path: '/private/var/folders/_r/6dh_2jf542d4p97jl9nqwk480000gn/T/agora105-driver-1FWhqg',
      reason: 'Source, ownership or quiescence not proven'
    },
    {
      path: '/private/var/folders/_r/6dh_2jf542d4p97jl9nqwk480000gn/T/agora105-driver-9GTqXB',
      reason: 'Source, ownership or quiescence not proven'
    },
    {
      path: '/private/var/folders/_r/6dh_2jf542d4p97jl9nqwk480000gn/T/agora105-driver-BwJVPB',
      reason: 'Source, ownership or quiescence not proven'
    },
    {
      path: '/private/var/folders/_r/6dh_2jf542d4p97jl9nqwk480000gn/T/agora105-driver-CjL2nE',
      reason: 'Source, ownership or quiescence not proven'
    },
    {
      path: '/private/var/folders/_r/6dh_2jf542d4p97jl9nqwk480000gn/T/agora105-driver-FPRM73',
      reason: 'Source, ownership or quiescence not proven'
    },
    {
      path: '/private/var/folders/_r/6dh_2jf542d4p97jl9nqwk480000gn/T/agora105-driver-jDv35n',
      reason: 'Source, ownership or quiescence not proven'
    },
    {
      path: '/private/var/folders/_r/6dh_2jf542d4p97jl9nqwk480000gn/T/agora105-driver-jiQLxE',
      reason: 'Source, ownership or quiescence not proven'
    },
    {
      path: '/private/var/folders/_r/6dh_2jf542d4p97jl9nqwk480000gn/T/agora105-driver-xVGuw1',
      reason: 'Source, ownership or quiescence not proven'
    },
    {
      path: '/private/var/folders/_r/6dh_2jf542d4p97jl9nqwk480000gn/T/agora-sandbox-trash/agora-docker-archive-rerun-2a3d52fc5baec10a-Z68goz',
      reason: 'Source, ownership or quiescence not proven'
    },
    {
      path: '/private/var/folders/_r/6dh_2jf542d4p97jl9nqwk480000gn/T/agora-sandbox-trash/agora-docker-boundary-931534c0c145d0a9-OVaroL',
      reason: 'Source, ownership or quiescence not proven'
    },
    {
      path: '/private/var/folders/_r/6dh_2jf542d4p97jl9nqwk480000gn/T/agora-sandbox-trash/agora-docker-docker-task-a-a7f00ee7ddf4f5e1-WRcpjX',
      reason: 'Source, ownership or quiescence not proven'
    },
    {
      path: '/private/var/folders/_r/6dh_2jf542d4p97jl9nqwk480000gn/T/agora-sandbox-trash/agora-docker-docker-task-b-d25661ad3ae49b6a-f3baqB',
      reason: 'Source, ownership or quiescence not proven'
    },
    {
      path: '/private/var/folders/_r/6dh_2jf542d4p97jl9nqwk480000gn/T/agora-sandbox-trash/agora-docker-docker-task-c-61f69f7cc46b5a9e-yjLKuM',
      reason: 'Source, ownership or quiescence not proven'
    },
    {
      path: '/private/var/folders/_r/6dh_2jf542d4p97jl9nqwk480000gn/T/agora-sandbox-trash/agora-docker-docker-task-concurrent-b54eb151cc6e7a66-RySKHA',
      reason: 'Source, ownership or quiescence not proven'
    },
    {
      path: '/private/var/folders/_r/6dh_2jf542d4p97jl9nqwk480000gn/T/agora-sandbox-trash/agora-docker-docker-task-d-7305e0c64bd98e17-F9VvUr',
      reason: 'Source, ownership or quiescence not proven'
    },
    {
      path: '/private/var/folders/_r/6dh_2jf542d4p97jl9nqwk480000gn/T/agora-sandbox-trash/agora-docker-docker-task-e-1cf7c4dfe0affab3-XKRVsl',
      reason: 'Source, ownership or quiescence not proven'
    },
    {
      path: '/private/var/folders/_r/6dh_2jf542d4p97jl9nqwk480000gn/T/agora-sandbox-trash/agora-docker-docker-task-f-54f7828fc2787239-N6CqWP',
      reason: 'Source, ownership or quiescence not proven'
    },
    {
      path: '/private/var/folders/_r/6dh_2jf542d4p97jl9nqwk480000gn/T/agora-sandbox-trash/agora-docker-docker-task-g-dc8cfd081a8df45a-u5MkGo',
      reason: 'Source, ownership or quiescence not proven'
    },
    {
      path: '/private/var/folders/_r/6dh_2jf542d4p97jl9nqwk480000gn/T/agora-sandbox-trash/agora-docker-docker-task-h-e65f68a0610371eb-a3uF3S',
      reason: 'Source, ownership or quiescence not proven'
    },
    {
      path: '/private/var/folders/_r/6dh_2jf542d4p97jl9nqwk480000gn/T/agora-sandbox-trash/agora-docker-docker-task-i-ecc9cbd681e828ba-cWXs0J',
      reason: 'Source, ownership or quiescence not proven'
    },
    {
      path: '/private/var/folders/_r/6dh_2jf542d4p97jl9nqwk480000gn/T/agora-sandbox-trash/agora-docker-docker-task-j-a667f8ca1149781b-RlCSIL',
      reason: 'Source, ownership or quiescence not proven'
    },
    {
      path: '/private/var/folders/_r/6dh_2jf542d4p97jl9nqwk480000gn/T/agora-sandbox-trash/agora-docker-docker-task-k-40155738a74ff1ba-eMDrN8',
      reason: 'Source, ownership or quiescence not proven'
    },
    {
      path: '/private/var/folders/_r/6dh_2jf542d4p97jl9nqwk480000gn/T/agora-sandbox-trash/agora-docker-docker-task-owner-c2d1f757ff586fbf-scDPWk',
      reason: 'Source, ownership or quiescence not proven'
    },
    {
      path: '/private/var/folders/_r/6dh_2jf542d4p97jl9nqwk480000gn/T/agora-sandbox-trash/agora-docker-docker-task-role-collide-2f741c0f4a82e868-gjRpye',
      reason: 'Source, ownership or quiescence not proven'
    },
    {
      path: '/private/var/folders/_r/6dh_2jf542d4p97jl9nqwk480000gn/T/agora-sandbox-trash/agora-docker-docker-task-teardown-36b5cd22dc42d289-PhSjY5',
      reason: 'Source, ownership or quiescence not proven'
    },
    {
      path: '/private/var/folders/_r/6dh_2jf542d4p97jl9nqwk480000gn/T/agora-sandbox-trash/agora-docker-exit-1-docker-a0e4d60c537f3a3d-sLDJBb',
      reason: 'Source, ownership or quiescence not proven'
    },
    {
      path: '/private/var/folders/_r/6dh_2jf542d4p97jl9nqwk480000gn/T/agora-sandbox-trash/agora-docker-exit-verification-ef87eeff33e92da8-2lWaMm',
      reason: 'Source, ownership or quiescence not proven'
    },
    {
      path: '/private/var/folders/_r/6dh_2jf542d4p97jl9nqwk480000gn/T/agora-sandbox-trash/agora-docker-fresh-verification-f68dac4d3c6ba268-TuHTF7',
      reason: 'Source, ownership or quiescence not proven'
    },
    {
      path: '/private/var/folders/_r/6dh_2jf542d4p97jl9nqwk480000gn/T/agora-sandbox-trash/agora-docker-original-0682c5f2076f099c-6diz0Y',
      reason: 'Source, ownership or quiescence not proven'
    },
    {
      path: '/private/var/folders/_r/6dh_2jf542d4p97jl9nqwk480000gn/T/agora-sandbox-trash/agora-docker-phase5-artifact-verification-6adebed040a30d56-tPSX5Q',
      reason: 'Source, ownership or quiescence not proven'
    },
    {
      path: '/private/var/folders/_r/6dh_2jf542d4p97jl9nqwk480000gn/T/agora-sandbox-trash/agora-docker-resilience-task-ee99c1b5f3c39a46-iRRxL6',
      reason: 'Source, ownership or quiescence not proven'
    }
  ],
  logicalBytes: 1528505
}
