
 RUN  v3.2.7 /Users/logansu/Documents/Dev/Agora

 ❯ packages/runtime/sandbox/test/local-registry-records.test.ts (17 tests | 1 failed) 9ms
   ✓ closed local registry records > preserves valid records without assigning live authority 1ms
   ✓ closed local registry records > rejects invalid envelope extra 0ms
   ✓ closed local registry records > rejects invalid envelope revision 0ms
   ✓ closed local registry records > rejects invalid envelope schemaVersion 0ms
   ✓ closed local registry records > rejects cross-project grants and unproven root identities 0ms
   ✓ closed local registry records > rejects an incomplete parent chain or staging outside its root 0ms
   ✓ closed local registry records > rejects grant expansion, deletion and revoked identity reuse 1ms
   ✓ closed local registry records > rejects aliased roots even with distinct IDs 0ms
   ✓ closed local registry records > rejects data accessors before serialization 0ms
   ✓ root registration before authorized initialization > accepts an inspected root with no staging capability 0ms
   ✓ root registration before authorized initialization > refuses workspace registration against an uninitialized root 0ms
   ✓ root registration before authorized initialization > does not permit an unproven staging completion in the generic transition 0ms
   ✓ root initialization evidence transitions > publishes staging exactly once after a prepared initialization receipt 0ms
   ✓ root initialization evidence transitions > rejects a new initialized root without its prior operation 0ms
   ✓ root initialization evidence transitions > rejects mismatched effect identity and incomplete quiescence 0ms
   ✓ root initialization evidence transitions > retains a failed initialization without opening a workspace 0ms
   × refuses an initialized root loaded without its initialization receipt 3ms
     → expected [Function] to throw an error

⎯⎯⎯⎯⎯⎯⎯ Failed Tests 1 ⎯⎯⎯⎯⎯⎯⎯

 FAIL  packages/runtime/sandbox/test/local-registry-records.test.ts > refuses an initialized root loaded without its initialization receipt
AssertionError: expected [Function] to throw an error

- Expected: 
null

+ Received: 
undefined

 ❯ packages/runtime/sandbox/test/local-registry-records.test.ts:228:69
    226| 
    227| it('refuses an initialized root loaded without its initialization rece…
    228|   expect(() => parseLocalRegistry({ ...fixture(), roots: [root] })).to…
       |                                                                     ^
    229| });
    230| 

⎯⎯⎯⎯⎯⎯⎯⎯⎯⎯⎯⎯⎯⎯⎯⎯⎯⎯⎯⎯⎯⎯⎯⎯[1/1]⎯


 Test Files  1 failed (1)
      Tests  1 failed | 16 passed (17)
   Start at  15:27:28
   Duration  230ms (transform 82ms, setup 0ms, collect 104ms, tests 9ms, environment 0ms, prepare 31ms)

