[
  {
    "n": 0,
    "attempt": 0,
    "operation": "capture-own-controller",
    "binaryHash": "00c54ad3f11a1e0c9a3b91bdeec477772760f7d60732b61653952bbdec041260",
    "durationMs": 229.230792,
    "code": 0,
    "signal": null,
    "error": null,
    "stages": "entered\nreturned\n",
    "validOutput": true
  },
  {
    "n": 1,
    "attempt": 0,
    "operation": "invalid-no-query",
    "binaryHash": "18b47b377cd331b819e3ad725af03774a98391c985c7795c8247ca080a6231c7",
    "durationMs": 153.43450000000007,
    "code": 64,
    "signal": null,
    "error": null,
    "stages": "entered\nreturned\n",
    "validOutput": false
  },
  {
    "n": 2,
    "attempt": 0,
    "operation": "capture-own-controller",
    "binaryHash": "b8b86fe948ed03008f14e1c2ab6653f1adfbb930e64ae9b5f84c3b462f43d82a",
    "durationMs": 173.39949999999988,
    "code": 0,
    "signal": null,
    "error": null,
    "stages": "entered\nreturned\n",
    "validOutput": true
  },
  {
    "n": 3,
    "attempt": 0,
    "operation": "invalid-no-query",
    "binaryHash": "8491cb8069f2c3cead4e7c154554846a777748673db51965263491f8e39d4c6b",
    "durationMs": 159.54233299999987,
    "code": 64,
    "signal": null,
    "error": null,
    "stages": "entered\nreturned\n",
    "validOutput": false
  },
  {
    "n": 4,
    "attempt": 0,
    "operation": "capture-own-controller",
    "binaryHash": "1826b28c76cc00b52487dff656f1d6a45a05752b393dee1e2bafc0ac2b31e6ad",
    "durationMs": 168.17112500000007,
    "code": 0,
    "signal": null,
    "error": null,
    "stages": "entered\nreturned\n",
    "validOutput": true
  },
  {
    "n": 5,
    "attempt": 0,
    "operation": "invalid-no-query",
    "binaryHash": "5e0aa1a320797102087ff558ac8a9551ae588bdc58324e4f480a7bacf2f0d33b",
    "durationMs": 154.87087499999984,
    "code": 64,
    "signal": null,
    "error": null,
    "stages": "entered\nreturned\n",
    "validOutput": false
  },
  {
    "n": 6,
    "attempt": 0,
    "operation": "capture-own-controller",
    "binaryHash": "8cb91478ea3c0d909f47edf65a36220d0ed3d0c919ad57cdef212f3a7679b345",
    "durationMs": 163.8292919999999,
    "code": 0,
    "signal": null,
    "error": null,
    "stages": "entered\nreturned\n",
    "validOutput": true
  },
  {
    "n": 7,
    "attempt": 0,
    "operation": "invalid-no-query",
    "binaryHash": "46ad8b6bfee80c111f152df013ff3cf500ce1c1a901f6ed03967599c97ea6cf5",
    "durationMs": 158.05629100000033,
    "code": 64,
    "signal": null,
    "error": null,
    "stages": "entered\nreturned\n",
    "validOutput": false
  },
  {
    "n": 8,
    "attempt": 0,
    "operation": "capture-own-controller",
    "binaryHash": "69bcfa484aa67a319ca463e92448a9d4c3d507011fb29adb09d0bac73f6ed1a3",
    "durationMs": 157.31329200000027,
    "code": 0,
    "signal": null,
    "error": null,
    "stages": "entered\nreturned\n",
    "validOutput": true
  },
  {
    "n": 9,
    "attempt": 0,
    "operation": "invalid-no-query",
    "binaryHash": "fee8cc04b70f888612e96d9e95715736491e4ba37676ccc0b0e9bfbeb41d8d6e",
    "durationMs": 156.17774999999983,
    "code": 64,
    "signal": null,
    "error": null,
    "stages": "entered\nreturned\n",
    "validOutput": false
  },
  {
    "n": 10,
    "attempt": 0,
    "operation": "capture-own-controller",
    "binaryHash": "28a58fe362b6330d300c03b81fac0a2419459890c41d9b50006c32f06042d1fc",
    "durationMs": 159.87774999999965,
    "code": 0,
    "signal": null,
    "error": null,
    "stages": "entered\nreturned\n",
    "validOutput": true
  },
  {
    "n": 11,
    "attempt": 0,
    "operation": "invalid-no-query",
    "binaryHash": "b8f900f51e365e115143a125399dcbd173e776c628b3d503971104e1e498b4af",
    "durationMs": 221.68279100000018,
    "code": 64,
    "signal": null,
    "error": null,
    "stages": "entered\nreturned\n",
    "validOutput": false
  }
]
