
 RUN  v3.2.7 /Users/logansu/Documents/Dev/Agora

 ✓ tests/integration/phase12/phase12-3-command-start.test.ts (24 tests) 35369ms
   ✓ initializes a cold helper before applying the shorter process-query deadline  2235ms
   ✓ fails closed before bootstrap creation if helper initialization consumes the launch window  5586ms
   ✓ rejects malformed helper readiness without attempting PID capture  948ms
   ✓ recovers a transient read-only capture timeout without changing launch or call deadlines  1468ms
   ✓ still rejects release authorization after a transient capture timeout  1199ms
   ✓ bounds persistent capture timeouts to three attempts and keeps resources quarantined  1701ms
   ✓ does not retry a failed kernel query that did not time out  1365ms
   ✓ rechecks authority before retrying capture  1191ms
   ✓ does not execute a replacement helper on a capture retry  1259ms
   ✓ honors cancellation between capture attempts  1296ms
   ✓ observes bootstrap exit before another PID capture can be attempted  1334ms
   ✓ refuses a capture when a control-plane check exhausts the original startup window  6211ms
   ✓ registers the suspended executable before any constructor or project code runs  1100ms
   ✓ keeps project code suspended when the release authorization is revoked  969ms
   ✓ does not release the executable when durable registration fails  1006ms
   ✓ closes the bootstrap control channel and inherited extra descriptors before project code  1125ms
   ✓ records a failed exec without releasing any project code  624ms
   ✓ rejects policy drift at admission without creating a bootstrap process  323ms
   ✓ rechecks durable state after the authorization callback before releasing the executable  609ms
   ✓ keeps the real executable signal separate from the successful bootstrap exit  781ms
   ✓ persists the executable result independently of the bootstrap and survives reopening  757ms
   ✓ never overwrites a terminal launch fact and rejects stale revisions  749ms
   ✓ rejects persisted launch facts that contradict identities or release state  812ms
   ✓ preserves observed process facts without claiming a launch receipt when final persistence is blocked  717ms
 ✓ tests/integration/phase12/phase12-3-command-binding.test.ts (12 tests) 7943ms
   ✓ stops registered execution when grant-revision changes  751ms
   ✓ stops registered execution when worker changes  679ms
   ✓ stops registered execution when writer-epoch changes  720ms
   ✓ stops registered execution when authority-error changes  773ms
   ✓ refuses to release project code after a root is replaced  593ms
   ✓ stops on ancestor relocation and never follows the moved directory  735ms
   ✓ rejects tool replacement before any process is launched  334ms
   ✓ keeps invalidation sticky even when the authority is restored  327ms
   ✓ rejects command arguments that differ from the captured binding  326ms
   ✓ rechecks authority at completion instead of accepting a successful process exit  721ms
   ✓ never executes a replaced process-control helper even during cleanup  1157ms
   ✓ rejects old journal formats and malformed persisted root bindings  825ms

 Test Files  2 passed (2)
      Tests  36 passed (36)
   Start at  13:09:46
   Duration  43.86s (transform 117ms, setup 0ms, collect 156ms, tests 43.31s, environment 0ms, prepare 112ms)

