
 RUN  v3.2.7 /Users/logansu/Documents/Dev/Agora

 ❯ tests/integration/phase12/phase12-3-command-start.test.ts (21 tests | 1 failed) 34944ms
   × recovers a transient read-only capture timeout without changing launch or call deadlines 2513ms
     → expected [ Array(3) ] to deeply equal [ 'timed_out', 'captured' ]
   ✓ still rejects release authorization after a transient capture timeout  1285ms
   ✓ bounds persistent capture timeouts to three attempts and keeps resources quarantined  1842ms
   ✓ does not retry a failed kernel query that did not time out  1288ms
   ✓ rechecks authority before retrying capture  1272ms
   ✓ does not execute a replacement helper on a capture retry  1302ms
   ✓ honors cancellation between capture attempts  1496ms
   ✓ observes bootstrap exit before another PID capture can be attempted  1528ms
   ✓ refuses a capture when a control-plane check exhausts the original startup window  6370ms
   ✓ registers the suspended executable before any constructor or project code runs  1651ms
   ✓ keeps project code suspended when the release authorization is revoked  1082ms
   ✓ does not release the executable when durable registration fails  1032ms
   ✓ closes the bootstrap control channel and inherited extra descriptors before project code  2438ms
   ✓ records a failed exec without releasing any project code  1759ms
   ✓ rejects policy drift at admission without creating a bootstrap process  1116ms
   ✓ rechecks durable state after the authorization callback before releasing the executable  2060ms
   ✓ keeps the real executable signal separate from the successful bootstrap exit  1394ms
   ✓ persists the executable result independently of the bootstrap and survives reopening  1041ms
   ✓ never overwrites a terminal launch fact and rejects stale revisions  878ms
   ✓ rejects persisted launch facts that contradict identities or release state  871ms
   ✓ preserves observed process facts without claiming a launch receipt when final persistence is blocked  722ms
 ✓ tests/integration/phase12/phase12-3-command-binding.test.ts (12 tests) 8571ms
   ✓ stops registered execution when grant-revision changes  805ms
   ✓ stops registered execution when worker changes  787ms
   ✓ stops registered execution when writer-epoch changes  799ms
   ✓ stops registered execution when authority-error changes  742ms
   ✓ refuses to release project code after a root is replaced  682ms
   ✓ stops on ancestor relocation and never follows the moved directory  876ms
   ✓ rejects tool replacement before any process is launched  336ms
   ✓ keeps invalidation sticky even when the authority is restored  322ms
   ✓ rejects command arguments that differ from the captured binding  322ms
   ✓ rechecks authority at completion instead of accepting a successful process exit  724ms
   ✓ never executes a replaced process-control helper even during cleanup  1270ms
   ✓ rejects old journal formats and malformed persisted root bindings  904ms

⎯⎯⎯⎯⎯⎯⎯ Failed Tests 1 ⎯⎯⎯⎯⎯⎯⎯

 FAIL  tests/integration/phase12/phase12-3-command-start.test.ts > recovers a transient read-only capture timeout without changing launch or call deadlines
AssertionError: expected [ Array(3) ] to deeply equal [ 'timed_out', 'captured' ]

- Expected
+ Received

  [
    "timed_out",
+   "timed_out",
    "captured",
  ]

 ❯ tests/integration/phase12/phase12-3-command-start.test.ts:8:62
      6|   const value = await probeLocalCommandStart('capture-once');
      7|   expect(value.captureInvocations).toBe(2);
      8|   expect(value.result.captureAttempts.map((a) => a.outcome)).toEqual([…
       |                                                              ^
      9|   expect(value.result.released).toBe(true);
     10|   expect(value.result.payloadResult).toEqual({ exitCode: 7, signal: nu…

⎯⎯⎯⎯⎯⎯⎯⎯⎯⎯⎯⎯⎯⎯⎯⎯⎯⎯⎯⎯⎯⎯⎯⎯[1/1]⎯


 Test Files  1 failed | 1 passed (2)
      Tests  1 failed | 32 passed (33)
   Start at  13:01:52
   Duration  44.07s (transform 130ms, setup 0ms, collect 168ms, tests 43.52s, environment 0ms, prepare 115ms)

