
 RUN  v3.2.7 /Users/logansu/Documents/Dev/Agora

 ❯ tests/integration/phase12/phase12-3-command-start.test.ts (19 tests | 1 failed) 29550ms
   ✓ recovers a transient read-only capture timeout without changing launch or call deadlines  1100ms
   ✓ still rejects release authorization after a transient capture timeout  821ms
   ✓ bounds persistent capture timeouts to three attempts and keeps resources quarantined  1440ms
   × does not retry a failed kernel query that did not time out 2672ms
     → expected [ 'timed_out', 'failed' ] to deeply equal [ 'failed' ]
   ✓ rechecks authority before retrying capture  7298ms
   ✓ observes bootstrap exit before another PID capture can be attempted  1849ms
   ✓ refuses a capture when a control-plane check exhausts the original startup window  5762ms
   ✓ registers the suspended executable before any constructor or project code runs  788ms
   ✓ keeps project code suspended when the release authorization is revoked  634ms
   ✓ does not release the executable when durable registration fails  644ms
   ✓ closes the bootstrap control channel and inherited extra descriptors before project code  808ms
   ✓ records a failed exec without releasing any project code  622ms
   ✓ rejects policy drift at admission without creating a bootstrap process  350ms
   ✓ rechecks durable state after the authorization callback before releasing the executable  640ms
   ✓ keeps the real executable signal separate from the successful bootstrap exit  742ms
   ✓ persists the executable result independently of the bootstrap and survives reopening  764ms
   ✓ never overwrites a terminal launch fact and rejects stale revisions  824ms
   ✓ rejects persisted launch facts that contradict identities or release state  780ms
   ✓ preserves observed process facts without claiming a launch receipt when final persistence is blocked  1009ms
 ✓ tests/integration/phase12/phase12-3-command-binding.test.ts (12 tests) 9566ms
   ✓ stops registered execution when grant-revision changes  991ms
   ✓ stops registered execution when worker changes  897ms
   ✓ stops registered execution when writer-epoch changes  873ms
   ✓ stops registered execution when authority-error changes  816ms
   ✓ refuses to release project code after a root is replaced  736ms
   ✓ stops on ancestor relocation and never follows the moved directory  865ms
   ✓ rejects tool replacement before any process is launched  406ms
   ✓ keeps invalidation sticky even when the authority is restored  384ms
   ✓ rejects command arguments that differ from the captured binding  421ms
   ✓ rechecks authority at completion instead of accepting a successful process exit  846ms
   ✓ never executes a replaced process-control helper even during cleanup  1429ms
   ✓ rejects old journal formats and malformed persisted root bindings  898ms

⎯⎯⎯⎯⎯⎯⎯ Failed Tests 1 ⎯⎯⎯⎯⎯⎯⎯

 FAIL  tests/integration/phase12/phase12-3-command-start.test.ts > does not retry a failed kernel query that did not time out
AssertionError: expected [ 'timed_out', 'failed' ] to deeply equal [ 'failed' ]

- Expected
+ Received

  [
+   "timed_out",
    "failed",
  ]

 ❯ tests/integration/phase12/phase12-3-command-start.test.ts:42:62
     40|   const value = await probeLocalCommandStart('capture-error');
     41|   expect(value.captureInvocations).toBe(1);
     42|   expect(value.result.captureAttempts.map((a) => a.outcome)).toEqual([…
       |                                                              ^
     43|   expect(value.result.error).toBe('command_capture_failed');
     44|   expect(value.afterRelease).toBe(false);

⎯⎯⎯⎯⎯⎯⎯⎯⎯⎯⎯⎯⎯⎯⎯⎯⎯⎯⎯⎯⎯⎯⎯⎯[1/1]⎯


 Test Files  1 failed | 1 passed (2)
      Tests  1 failed | 30 passed (31)
   Start at  12:59:45
   Duration  39.83s (transform 165ms, setup 0ms, collect 214ms, tests 39.12s, environment 0ms, prepare 100ms)

