
 RUN  v3.2.7 /Users/logansu/Documents/Dev/Agora

 ❯ tests/integration/phase12/phase12-3-command-start.test.ts (19 tests | 1 failed) 24943ms
   ✓ recovers a transient read-only capture timeout without changing launch or call deadlines  1599ms
   ✓ still rejects release authorization after a transient capture timeout  1064ms
   ✓ bounds persistent capture timeouts to three attempts and keeps resources quarantined  1493ms
   ✓ does not retry a failed kernel query that did not time out  811ms
   ✓ rechecks authority before retrying capture  1114ms
   × observes bootstrap exit before another PID capture can be attempted 1162ms
     → expected 2 to be 1 // Object.is equality
   ✓ refuses a capture when a control-plane check exhausts the original startup window  6194ms
   ✓ registers the suspended executable before any constructor or project code runs  2260ms
   ✓ keeps project code suspended when the release authorization is revoked  1456ms
   ✓ does not release the executable when durable registration fails  935ms
   ✓ closes the bootstrap control channel and inherited extra descriptors before project code  994ms
   ✓ records a failed exec without releasing any project code  811ms
   ✓ rejects policy drift at admission without creating a bootstrap process  418ms
   ✓ rechecks durable state after the authorization callback before releasing the executable  728ms
   ✓ keeps the real executable signal separate from the successful bootstrap exit  748ms
   ✓ persists the executable result independently of the bootstrap and survives reopening  827ms
   ✓ never overwrites a terminal launch fact and rejects stale revisions  746ms
   ✓ rejects persisted launch facts that contradict identities or release state  826ms
   ✓ preserves observed process facts without claiming a launch receipt when final persistence is blocked  751ms

⎯⎯⎯⎯⎯⎯⎯ Failed Tests 1 ⎯⎯⎯⎯⎯⎯⎯

 FAIL  tests/integration/phase12/phase12-3-command-start.test.ts > observes bootstrap exit before another PID capture can be attempted
AssertionError: expected 2 to be 1 // Object.is equality

- Expected
+ Received

- 1
+ 2

 ❯ tests/integration/phase12/phase12-3-command-start.test.ts:57:36
     55| it('observes bootstrap exit before another PID capture can be attempte…
     56|   const value = await probeLocalCommandStart('capture-exited');
     57|   expect(value.captureInvocations).toBe(1);
       |                                    ^
     58|   expect(value.result.error).toBe('command_bootstrap_failed');
     59|   expect(value.afterRelease).toBe(false);

⎯⎯⎯⎯⎯⎯⎯⎯⎯⎯⎯⎯⎯⎯⎯⎯⎯⎯⎯⎯⎯⎯⎯⎯[1/1]⎯


 Test Files  1 failed (1)
      Tests  1 failed | 18 passed (19)
   Start at  12:58:04
   Duration  25.29s (transform 104ms, setup 0ms, collect 126ms, tests 24.94s, environment 0ms, prepare 51ms)

