{
  eligible: 152,
  retained: [
    {
      path: '/private/var/folders/_r/6dh_2jf542d4p97jl9nqwk480000gn/T/agora105-driver-27VjWq',
      reason: 'Source, ownership or quiescence not proven'
    },
    {
      path: '/private/var/folders/_r/6dh_2jf542d4p97jl9nqwk480000gn/T/agora105-driver-37KcNS',
      reason: 'Source, ownership or quiescence not proven'
    },
    {
      path: '/private/var/folders/_r/6dh_2jf542d4p97jl9nqwk480000gn/T/agora105-driver-7WgVli',
      reason: 'Source, ownership or quiescence not proven'
    },
    {
      path: '/private/var/folders/_r/6dh_2jf542d4p97jl9nqwk480000gn/T/agora105-driver-M4mdGt',
      reason: 'Source, ownership or quiescence not proven'
    },
    {
      path: '/private/var/folders/_r/6dh_2jf542d4p97jl9nqwk480000gn/T/agora105-driver-fcrfPg',
      reason: 'Source, ownership or quiescence not proven'
    },
    {
      path: '/private/var/folders/_r/6dh_2jf542d4p97jl9nqwk480000gn/T/agora105-driver-l3r2Zr',
      reason: 'Source, ownership or quiescence not proven'
    },
    {
      path: '/private/var/folders/_r/6dh_2jf542d4p97jl9nqwk480000gn/T/agora105-driver-lG7NaU',
      reason: 'Source, ownership or quiescence not proven'
    },
    {
      path: '/private/var/folders/_r/6dh_2jf542d4p97jl9nqwk480000gn/T/agora105-driver-xXnaD1',
      reason: 'Source, ownership or quiescence not proven'
    },
    {
      path: '/private/var/folders/_r/6dh_2jf542d4p97jl9nqwk480000gn/T/agora-sandbox-trash/agora-docker-archive-rerun-2a3d52fc5baec10a-vfvJia',
      reason: 'Source, ownership or quiescence not proven'
    },
    {
      path: '/private/var/folders/_r/6dh_2jf542d4p97jl9nqwk480000gn/T/agora-sandbox-trash/agora-docker-boundary-931534c0c145d0a9-nvg6cW',
      reason: 'Source, ownership or quiescence not proven'
    },
    {
      path: '/private/var/folders/_r/6dh_2jf542d4p97jl9nqwk480000gn/T/agora-sandbox-trash/agora-docker-docker-task-a-a7f00ee7ddf4f5e1-NF2TDn',
      reason: 'Source, ownership or quiescence not proven'
    },
    {
      path: '/private/var/folders/_r/6dh_2jf542d4p97jl9nqwk480000gn/T/agora-sandbox-trash/agora-docker-docker-task-b-d25661ad3ae49b6a-8pVXp4',
      reason: 'Source, ownership or quiescence not proven'
    },
    {
      path: '/private/var/folders/_r/6dh_2jf542d4p97jl9nqwk480000gn/T/agora-sandbox-trash/agora-docker-docker-task-c-61f69f7cc46b5a9e-7jiAoN',
      reason: 'Source, ownership or quiescence not proven'
    },
    {
      path: '/private/var/folders/_r/6dh_2jf542d4p97jl9nqwk480000gn/T/agora-sandbox-trash/agora-docker-docker-task-concurrent-b54eb151cc6e7a66-uDqhiK',
      reason: 'Source, ownership or quiescence not proven'
    },
    {
      path: '/private/var/folders/_r/6dh_2jf542d4p97jl9nqwk480000gn/T/agora-sandbox-trash/agora-docker-docker-task-d-7305e0c64bd98e17-WSbZ2Y',
      reason: 'Source, ownership or quiescence not proven'
    },
    {
      path: '/private/var/folders/_r/6dh_2jf542d4p97jl9nqwk480000gn/T/agora-sandbox-trash/agora-docker-docker-task-e-1cf7c4dfe0affab3-uW2eZO',
      reason: 'Source, ownership or quiescence not proven'
    },
    {
      path: '/private/var/folders/_r/6dh_2jf542d4p97jl9nqwk480000gn/T/agora-sandbox-trash/agora-docker-docker-task-f-54f7828fc2787239-IbMOKH',
      reason: 'Source, ownership or quiescence not proven'
    },
    {
      path: '/private/var/folders/_r/6dh_2jf542d4p97jl9nqwk480000gn/T/agora-sandbox-trash/agora-docker-docker-task-g-dc8cfd081a8df45a-UFsMuW',
      reason: 'Source, ownership or quiescence not proven'
    },
    {
      path: '/private/var/folders/_r/6dh_2jf542d4p97jl9nqwk480000gn/T/agora-sandbox-trash/agora-docker-docker-task-h-e65f68a0610371eb-GpD1NS',
      reason: 'Source, ownership or quiescence not proven'
    },
    {
      path: '/private/var/folders/_r/6dh_2jf542d4p97jl9nqwk480000gn/T/agora-sandbox-trash/agora-docker-docker-task-i-ecc9cbd681e828ba-5wGC6h',
      reason: 'Source, ownership or quiescence not proven'
    },
    {
      path: '/private/var/folders/_r/6dh_2jf542d4p97jl9nqwk480000gn/T/agora-sandbox-trash/agora-docker-docker-task-j-a667f8ca1149781b-frf1ea',
      reason: 'Source, ownership or quiescence not proven'
    },
    {
      path: '/private/var/folders/_r/6dh_2jf542d4p97jl9nqwk480000gn/T/agora-sandbox-trash/agora-docker-docker-task-k-40155738a74ff1ba-zEoHR8',
      reason: 'Source, ownership or quiescence not proven'
    },
    {
      path: '/private/var/folders/_r/6dh_2jf542d4p97jl9nqwk480000gn/T/agora-sandbox-trash/agora-docker-docker-task-owner-c2d1f757ff586fbf-vK4VCh',
      reason: 'Source, ownership or quiescence not proven'
    },
    {
      path: '/private/var/folders/_r/6dh_2jf542d4p97jl9nqwk480000gn/T/agora-sandbox-trash/agora-docker-docker-task-role-collide-2f741c0f4a82e868-H0ac3J',
      reason: 'Source, ownership or quiescence not proven'
    },
    {
      path: '/private/var/folders/_r/6dh_2jf542d4p97jl9nqwk480000gn/T/agora-sandbox-trash/agora-docker-docker-task-teardown-36b5cd22dc42d289-vsnWiv',
      reason: 'Source, ownership or quiescence not proven'
    },
    {
      path: '/private/var/folders/_r/6dh_2jf542d4p97jl9nqwk480000gn/T/agora-sandbox-trash/agora-docker-exit-1-docker-a0e4d60c537f3a3d-iFBLzT',
      reason: 'Source, ownership or quiescence not proven'
    },
    {
      path: '/private/var/folders/_r/6dh_2jf542d4p97jl9nqwk480000gn/T/agora-sandbox-trash/agora-docker-exit-verification-ef87eeff33e92da8-4MKrM5',
      reason: 'Source, ownership or quiescence not proven'
    },
    {
      path: '/private/var/folders/_r/6dh_2jf542d4p97jl9nqwk480000gn/T/agora-sandbox-trash/agora-docker-fresh-verification-f68dac4d3c6ba268-dVwsae',
      reason: 'Source, ownership or quiescence not proven'
    },
    {
      path: '/private/var/folders/_r/6dh_2jf542d4p97jl9nqwk480000gn/T/agora-sandbox-trash/agora-docker-original-0682c5f2076f099c-IOp9GR',
      reason: 'Source, ownership or quiescence not proven'
    },
    {
      path: '/private/var/folders/_r/6dh_2jf542d4p97jl9nqwk480000gn/T/agora-sandbox-trash/agora-docker-phase5-artifact-verification-6adebed040a30d56-6KA8Sy',
      reason: 'Source, ownership or quiescence not proven'
    },
    {
      path: '/private/var/folders/_r/6dh_2jf542d4p97jl9nqwk480000gn/T/agora-sandbox-trash/agora-docker-resilience-task-ee99c1b5f3c39a46-8yHb6H',
      reason: 'Source, ownership or quiescence not proven'
    }
  ],
  logicalBytes: 1524866
}
